Component: ARM Compiler 5.06 update 7 (build 960) Tool: armlink [4d3601]

==============================================================================

Section Cross References

    main.o(i.GAME_Exit) refers to rand.o(.emb_text) for rand
    main.o(i.GAME_Exit) refers to glcd_spi_lpc1700.o(i.transition_screen) for transition_screen
    main.o(i.GAME_Exit) refers to glcd_spi_lpc1700.o(i.GLCD_SetBackColor) for GLCD_SetBackColor
    main.o(i.GAME_Exit) refers to glcd_spi_lpc1700.o(i.GLCD_SetTextColor) for GLCD_SetTextColor
    main.o(i.GAME_Exit) refers to glcd_spi_lpc1700.o(i.GLCD_DisplayString) for GLCD_DisplayString
    main.o(i.GAME_Exit) refers to kbd.o(i.get_button) for get_button
    main.o(i.Gallery_Input) refers to main.o(.data) for .data
    main.o(i.Gallery_Start) refers to glcd_spi_lpc1700.o(i.GLCD_Clear) for GLCD_Clear
    main.o(i.Gallery_Start) refers to rand.o(.emb_text) for rand
    main.o(i.Gallery_Start) refers to glcd_spi_lpc1700.o(i.transition_screen) for transition_screen
    main.o(i.Gallery_Start) refers to glcd_spi_lpc1700.o(i.GLCD_SetBackColor) for GLCD_SetBackColor
    main.o(i.Gallery_Start) refers to glcd_spi_lpc1700.o(i.GLCD_SetTextColor) for GLCD_SetTextColor
    main.o(i.Gallery_Start) refers to glcd_spi_lpc1700.o(i.GLCD_DisplayStringCutout) for GLCD_DisplayStringCutout
    main.o(i.Gallery_Start) refers to main.o(.data) for .data
    main.o(i.Gallery_Update) refers to glcd_spi_lpc1700.o(i.GLCD_DisplayString) for GLCD_DisplayString
    main.o(i.Gallery_Update) refers to glcd_spi_lpc1700.o(i.GLCD_DisplayStringCutout) for GLCD_DisplayStringCutout
    main.o(i.Gallery_Update) refers to rand.o(.emb_text) for rand
    main.o(i.Gallery_Update) refers to glcd_spi_lpc1700.o(i.transition_screen) for transition_screen
    main.o(i.Gallery_Update) refers to glcd_spi_lpc1700.o(i.GLCD_Bitmap) for GLCD_Bitmap
    main.o(i.Gallery_Update) refers to main.o(.data) for .data
    main.o(i.GameTimer_handler) refers to rt_cmsis.o(i.osSignalWait) for osSignalWait
    main.o(i.GameTimer_handler) refers to glcd_spi_lpc1700.o(i.GLCD_Clear) for GLCD_Clear
    main.o(i.GameTimer_handler) refers to gamescript.o(i.Game_Script_TimerTick) for Game_Script_TimerTick
    main.o(i.Game_Start) refers to _printf_percent.o(.ARM.Collect$$_printf_percent$$00000000) for _printf_percent
    main.o(i.Game_Start) refers to _printf_llu.o(.ARM.Collect$$_printf_percent$$0000000F) for _printf_llu
    main.o(i.Game_Start) refers to _printf_longlong_dec.o(.text) for _printf_longlong_dec
    main.o(i.Game_Start) refers to rand.o(.emb_text) for rand
    main.o(i.Game_Start) refers to glcd_spi_lpc1700.o(i.transition_screen) for transition_screen
    main.o(i.Game_Start) refers to glcd_spi_lpc1700.o(i.GLCD_SetBackColor) for GLCD_SetBackColor
    main.o(i.Game_Start) refers to glcd_spi_lpc1700.o(i.GLCD_SetTextColor) for GLCD_SetTextColor
    main.o(i.Game_Start) refers to glcd_spi_lpc1700.o(i.GLCD_DisplayString) for GLCD_DisplayString
    main.o(i.Game_Start) refers to glcd_spi_lpc1700.o(i.GLCD_DrawBox) for GLCD_DrawBox
    main.o(i.Game_Start) refers to main.o(i.draw_connected_lines) for draw_connected_lines
    main.o(i.Game_Start) refers to lludivv7m.o(.text) for __aeabi_uldivmod
    main.o(i.Game_Start) refers to kbd.o(i.get_button) for get_button
    main.o(i.Game_Start) refers to noretval__2snprintf.o(.text) for __2snprintf
    main.o(i.Game_Start) refers to gamescript.o(i.Game_Script_Init) for Game_Script_Init
    main.o(i.Game_Start) refers to main.o(.data) for .data
    main.o(i.Game_Start) refers to main.o(.bss) for .bss
    main.o(i.Game_Update) refers to gamescript.o(i.Game_Script_Update) for Game_Script_Update
    main.o(i.Game_Update) refers to gamescript.o(i.Game_Script_TimerTick) for Game_Script_TimerTick
    main.o(i.MP3_Player_Exit) refers to usbdmain.o(.data) for Mute
    main.o(i.MP3_Player_Start) refers to usbdmain.o(i.USBAudio_Init) for USBAudio_Init
    main.o(i.MP3_Player_Start) refers to rand.o(.emb_text) for rand
    main.o(i.MP3_Player_Start) refers to glcd_spi_lpc1700.o(i.transition_screen) for transition_screen
    main.o(i.MP3_Player_Start) refers to glcd_spi_lpc1700.o(i.GLCD_SetBackColor) for GLCD_SetBackColor
    main.o(i.MP3_Player_Start) refers to glcd_spi_lpc1700.o(i.GLCD_SetTextColor) for GLCD_SetTextColor
    main.o(i.MP3_Player_Start) refers to glcd_spi_lpc1700.o(i.GLCD_DisplayStringCutout) for GLCD_DisplayStringCutout
    main.o(i.MP3_Player_Start) refers to glcd_spi_lpc1700.o(i.GLCD_DisplayString) for GLCD_DisplayString
    main.o(i.MP3_Player_Start) refers to usbdmain.o(.data) for Mute
    main.o(i.MP3_Player_Update) refers to fflt_clz.o(x$fpl$ffltu) for __aeabi_ui2f
    main.o(i.MP3_Player_Update) refers to fmul.o(x$fpl$fmul) for __aeabi_fmul
    main.o(i.MP3_Player_Update) refers to sinf.o(i.sinf) for sinf
    main.o(i.MP3_Player_Update) refers to faddsub_clz.o(x$fpl$fadd) for __aeabi_fadd
    main.o(i.MP3_Player_Update) refers to ffix.o(x$fpl$ffix) for __aeabi_f2iz
[...]
    ../fplib/fretinf.s                       0x00000000   Number         0  fretinf.o ABSOLUTE
    ../fplib/frleqf.s                        0x00000000   Number         0  frleqf.o ABSOLUTE
    ../fplib/frnd.s                          0x00000000   Number         0  frnd.o ABSOLUTE
    ../fplib/fsqrt.s                         0x00000000   Number         0  fsqrt.o ABSOLUTE
    ../fplib/retnan.s                        0x00000000   Number         0  retnan.o ABSOLUTE
    ../fplib/scalbnf.s                       0x00000000   Number         0  scalbnf.o ABSOLUTE
    ../fplib/trapv.s                         0x00000000   Number         0  trapv.o ABSOLUTE
    ../fplib/usenofp.s                       0x00000000   Number         0  usenofp.o ABSOLUTE
    ../mathlib/cosf.c                        0x00000000   Number         0  cosf.o ABSOLUTE
    ../mathlib/cosf.c                        0x00000000   Number         0  cosf_x.o ABSOLUTE
    ../mathlib/fpclassifyf.c                 0x00000000   Number         0  fpclassifyf.o ABSOLUTE
    ../mathlib/funder.c                      0x00000000   Number         0  funder.o ABSOLUTE
    ../mathlib/rredf.c                       0x00000000   Number         0  rredf.o ABSOLUTE
    ../mathlib/sinf.c                        0x00000000   Number         0  sinf.o ABSOLUTE
    ../mathlib/sinf.c                        0x00000000   Number         0  sinf_x.o ABSOLUTE
    ../mathlib/sqrtf.c                       0x00000000   Number         0  sqrtf.o ABSOLUTE
    ../mathlib/sqrtf.c                       0x00000000   Number         0  sqrtf_x.o ABSOLUTE
    ..\HAL_CM.c                              0x00000000   Number         0  hal_cm.o ABSOLUTE
    ..\\rt_CMSIS.c                           0x00000000   Number         0  rt_cmsis.o ABSOLUTE
    ..\\rt_System.c                          0x00000000   Number         0  rt_system.o ABSOLUTE
    ..\rt_CMSIS.c                            0x00000000   Number         0  rt_cmsis.o ABSOLUTE
    ..\rt_Event.c                            0x00000000   Number         0  rt_event.o ABSOLUTE
    ..\rt_List.c                             0x00000000   Number         0  rt_list.o ABSOLUTE
    ..\rt_Mailbox.c                          0x00000000   Number         0  rt_mailbox.o ABSOLUTE
    ..\rt_MemBox.c                           0x00000000   Number         0  rt_membox.o ABSOLUTE
    ..\rt_Memory.c                           0x00000000   Number         0  rt_memory.o ABSOLUTE
    ..\rt_Mutex.c                            0x00000000   Number         0  rt_mutex.o ABSOLUTE
    ..\rt_Robin.c                            0x00000000   Number         0  rt_robin.o ABSOLUTE
    ..\rt_Semaphore.c                        0x00000000   Number         0  rt_semaphore.o ABSOLUTE
    ..\rt_System.c                           0x00000000   Number         0  rt_system.o ABSOLUTE
    ..\rt_Task.c                             0x00000000   Number         0  rt_task.o ABSOLUTE
    ..\rt_Time.c                             0x00000000   Number         0  rt_time.o ABSOLUTE
    GLCD_SPI_LPC1700.c                       0x00000000   Number         0  glcd_spi_lpc1700.o ABSOLUTE
    GameScript.c                             0x00000000   Number         0  gamescript.o ABSOLUTE
    HAL_CM3.c                                0x00000000   Number         0  hal_cm3.o ABSOLUTE
    HAL_CM3.c                                0x00000000   Number         0  hal_cm3.o ABSOLUTE
    Images\blueFlower.c                      0x00000000   Number         0  blueflower.o ABSOLUTE
    Images\colorful-BG.c                     0x00000000   Number         0  colorful-bg.o ABSOLUTE
    Images\darkerBG.c                        0x00000000   Number         0  darkerbg.o ABSOLUTE
    Images\gallery.c                         0x00000000   Number         0  gallery.o ABSOLUTE
    Images\gameIcon.c                        0x00000000   Number         0  gameicon.o ABSOLUTE
    Images\musical-note.c                    0x00000000   Number         0  musical-note.o ABSOLUTE
    Images\sword.c                           0x00000000   Number         0  sword.o ABSOLUTE
    KBD.c                                    0x00000000   Number         0  kbd.o ABSOLUTE
    MainMenu.c                               0x00000000   Number         0  mainmenu.o ABSOLUTE
    RTE\CMSIS\RTX_Conf_CM.c                  0x00000000   Number         0  rtx_conf_cm.o ABSOLUTE
    RTE\Device\LPC1768\startup_LPC17xx.s     0x00000000   Number         0  startup_lpc17xx.o ABSOLUTE
    RTE\Device\LPC1768\system_LPC17xx.c      0x00000000   Number         0  system_lpc17xx.o ABSOLUTE
    RTE\\CMSIS\\RTX_Conf_CM.c                0x00000000   Number         0  rtx_conf_cm.o ABSOLUTE
    SVC_Table.s                              0x00000000   Number         0  svc_table.o ABSOLUTE
    USBAudio\adcuser.c                       0x00000000   Number         0  adcuser.o ABSOLUTE
    USBAudio\usbcore.c                       0x00000000   Number         0  usbcore.o ABSOLUTE
    USBAudio\usbdesc.c                       0x00000000   Number         0  usbdesc.o ABSOLUTE
    USBAudio\usbdmain.c                      0x00000000   Number         0  usbdmain.o ABSOLUTE
    USBAudio\usbhw.c                         0x00000000   Number         0  usbhw.o ABSOLUTE
    USBAudio\usbuser.c                       0x00000000   Number         0  usbuser.o ABSOLUTE
    dc.s                                     0x00000000   Number         0  dc.o ABSOLUTE
    main.c                                   0x00000000   Number         0  main.o ABSOLUTE
    !!!main                                  0x000000cc   Section        8  __main.o(!!!main)
    !!!scatter                               0x000000d4   Section       52  __scatter.o(!!!scatter)
    !!handler_copy                           0x00000108   Section       26  __scatter_copy.o(!!handler_copy)
    !!handler_zi                             0x00000124   Section       28  __scatter_zi.o(!!handler_zi)
    .ARM.Collect$$_printf_percent$$00000000  0x00000140   Section        0  _printf_percent.o(.ARM.Collect$$_printf_percent$$00000000)
    .ARM.Collect$$_printf_percent$$00000007  0x00000140   Section       10  _printf_ll.o(.ARM.Collect$$_printf_percent$$00000007)
    .ARM.Collect$$_printf_percent$$00000009  0x0000014a   Section        6  _printf_d.o(.ARM.Collect$$_printf_percent$$00000009)
    .ARM.Collect$$_printf_percent$$0000000F  0x00000150   Section        6  _printf_llu.o(.ARM.Collect$$_printf_percent$$0000000F)
    .ARM.Collect$$_printf_percent$$00000017  0x00000156   Section        4  _printf_percent_end.o(.ARM.Collect$$_printf_percent$$00000017)
    .ARM.Collect$$libinit$$00000000          0x0000015a   Section        2  libinit.o(.ARM.Collect$$libinit$$00000000)
    .ARM.Collect$$libinit$$00000002          0x0000015c   Section        0  libinit2.o(.ARM.Collect$$libinit$$00000002)
    .ARM.Collect$$libinit$$00000004          0x0000015c   Section        0  libinit2.o(.ARM.Collect$$libinit$$00000004)
    .ARM.Collect$$libinit$$0000000A          0x0000015c   Section        0  libinit2.o(.ARM.Collect$$libinit$$0000000A)
    .ARM.Collect$$libinit$$0000000C          0x0000015c   Section        0  libinit2.o(.ARM.Collect$$libinit$$0000000C)
    .ARM.Collect$$libinit$$0000000D          0x0000015c   Section        4  libinit2.o(.ARM.Collect$$libinit$$0000000D)
    .ARM.Collect$$libinit$$0000000E          0x00000160   Section        0  libinit2.o(.ARM.Collect$$libinit$$0000000E)
    .ARM.Collect$$libinit$$00000011          0x00000160   Section        0  libinit2.o(.ARM.Collect$$libinit$$00000011)
    .ARM.Collect$$libinit$$00000013          0x00000160   Section        0  libinit2.o(.ARM.Collect$$libinit$$00000013)
    .ARM.Collect$$libinit$$00000015          0x00000160   Section        0  libinit2.o(.ARM.Collect$$libinit$$00000015)
    .ARM.Collect$$libinit$$00000017          0x00000160   Section        0  libinit2.o(.ARM.Collect$$libinit$$00000017)
    .ARM.Collect$$libinit$$00000019          0x00000160   Section        0  libinit2.o(.ARM.Collect$$libinit$$00000019)
    .ARM.Collect$$libinit$$0000001B          0x00000160   Section        0  libinit2.o(.ARM.Collect$$libinit$$0000001B)
    .ARM.Collect$$libinit$$0000001D          0x00000160   Section        0  libinit2.o(.ARM.Collect$$libinit$$0000001D)
    .ARM.Collect$$libinit$$0000001F          0x00000160   Section        0  libinit2.o(.ARM.Collect$$libinit$$0000001F)
    .ARM.Collect$$libinit$$00000021          0x00000160   Section        0  libinit2.o(.ARM.Collect$$libinit$$00000021)
    .ARM.Collect$$libinit$$00000023          0x00000160   Section        0  libinit2.o(.ARM.Collect$$libinit$$00000023)
    .ARM.Collect$$libinit$$00000025          0x00000160   Section        0  libinit2.o(.ARM.Collect$$libinit$$00000025)
    .ARM.Collect$$libinit$$0000002C          0x00000160   Section        0  libinit2.o(.ARM.Collect$$libinit$$0000002C)
    .ARM.Collect$$libinit$$0000002E          0x00000160   Section        0  libinit2.o(.ARM.Collect$$libinit$$0000002E)
    .ARM.Collect$$libinit$$00000030          0x00000160   Section        0  libinit2.o(.ARM.Collect$$libinit$$00000030)
    .ARM.Collect$$libinit$$00000032          0x00000160   Section        0  libinit2.o(.ARM.Collect$$libinit$$00000032)
    .ARM.Collect$$libinit$$00000033          0x00000160   Section        2  libinit2.o(.ARM.Collect$$libinit$$00000033)
    .ARM.Collect$$libshutdown$$00000000      0x00000162   Section        2  libshutdown.o(.ARM.Collect$$libshutdown$$00000000)
    .ARM.Collect$$libshutdown$$00000002      0x00000164   Section        0  libshutdown2.o(.ARM.Collect$$libshutdown$$00000002)
    .ARM.Collect$$libshutdown$$00000004      0x00000164   Section        0  libshutdown2.o(.ARM.Collect$$libshutdown$$00000004)
    .ARM.Collect$$libshutdown$$00000006      0x00000164   Section        0  libshutdown2.o(.ARM.Collect$$libshutdown$$00000006)
    .ARM.Collect$$libshutdown$$00000009      0x00000164   Section        0  libshutdown2.o(.ARM.Collect$$libshutdown$$00000009)
    .ARM.Collect$$libshutdown$$0000000C      0x00000164   Section        0  libshutdown2.o(.ARM.Collect$$libshutdown$$0000000C)
    .ARM.Collect$$libshutdown$$0000000E      0x00000164   Section        0  libshutdown2.o(.ARM.Collect$$libshutdown$$0000000E)
    .ARM.Collect$$libshutdown$$00000011      0x00000164   Section        0  libshutdown2.o(.ARM.Collect$$libshutdown$$00000011)
    .ARM.Collect$$libshutdown$$00000012      0x00000164   Section        2  libshutdown2.o(.ARM.Collect$$libshutdown$$00000012)
    .ARM.Collect$$rtentry$$00000000          0x00000166   Section        0  __rtentry.o(.ARM.Collect$$rtentry$$00000000)
    .ARM.Collect$$rtentry$$00000002          0x00000166   Section        0  __rtentry2.o(.ARM.Collect$$rtentry$$00000002)
    .ARM.Collect$$rtentry$$00000004          0x00000166   Section        6  __rtentry4.o(.ARM.Collect$$rtentry$$00000004)
    .ARM.Collect$$rtentry$$00000009          0x0000016c   Section        0  __rtentry2.o(.ARM.Collect$$rtentry$$00000009)
    .ARM.Collect$$rtentry$$0000000A          0x0000016c   Section        4  __rtentry2.o(.ARM.Collect$$rtentry$$0000000A)
    .ARM.Collect$$rtentry$$0000000B          0x00000170   Section        8  __rtentry2.o(.ARM.Collect$$rtentry$$0000000B)
    .ARM.Collect$$rtentry$$0000000D          0x00000178   Section        8  __rtentry2.o(.ARM.Collect$$rtentry$$0000000D)
    .ARM.Collect$$rtexit$$00000000           0x00000180   Section        2  rtexit.o(.ARM.Collect$$rtexit$$00000000)
    .ARM.Collect$$rtexit$$00000002           0x00000182   Section        0  rtexit2.o(.ARM.Collect$$rtexit$$00000002)
    .ARM.Collect$$rtexit$$00000003           0x00000182   Section        4  rtexit2.o(.ARM.Collect$$rtexit$$00000003)
    .ARM.Collect$$rtexit$$00000004           0x00000186   Section        6  rtexit2.o(.ARM.Collect$$rtexit$$00000004)
    .emb_text                                0x0000018c   Section       28  rtx_conf_cm.o(.emb_text)
    .emb_text                                0x000001a8   Section      304  hal_cm3.o(.emb_text)
    .text                                    0x000002d8   Section        8  libspace.o(.text)
    .text                                    0x000002e0   Section        0  exit.o(.text)
    .text                                    0x000002f2   Section        0  heapauxi.o(.text)
    .text                                    0x000002f8   Section        4  rt_errno_addr_twolibspace.o(.text)
    .ARM.__at_0x02FC                         0x000002fc   Section        4  startup_lpc17xx.o(.ARM.__at_0x02FC)
    .emb_text                                0x00000300   Section       52  rand.o(.emb_text)
    .text                                    0x00000334   Section       60  startup_lpc17xx.o(.text)
    .text                                    0x00000370   Section      238  lludivv7m.o(.text)
    .text                                    0x00000460   Section        0  noretval__2snprintf.o(.text)
    .text                                    0x00000494   Section        0  _printf_dec.o(.text)
    .text                                    0x0000050c   Section        0  _printf_longlong_dec.o(.text)
    .text                                    0x00000588   Section        0  __printf_ss.o(.text)
    .text                                    0x00000640   Section        0  rand.o(.text)
    .text                                    0x0000067c   Section       78  rt_memclr_w.o(.text)
    .text                                    0x000006ca   Section      138  lludiv10.o(.text)
    .text                                    0x00000754   Section        0  _rserrno.o(.text)
    .text                                    0x0000076a   Section        0  _printf_intcommon.o(.text)
    .text                                    0x0000081c   Section        0  _printf_char_common.o(.text)
    _printf_input_char                       0x0000081d   Thumb Code    10  _printf_char_common.o(.text)
    .text                                    0x0000084c   Section        0  _sputc.o(.text)
    .text                                    0x00000856   Section        0  _snputc.o(.text)
    .text                                    0x00000868   Section        0  sys_exit.o(.text)
    .text                                    0x00000874   Section       74  sys_stackheap_outer.o(.text)
    .text                                    0x000008be   Section        2  use_no_semi.o(.text)
    .text                                    0x000008c0   Section        0  indicate_semi.o(.text)
    SVC_TABLE                                0x000008c0   Section        4  svc_table.o(SVC_TABLE)
    i.ADC_EP_GetRequest                      0x000008c4   Section        0  adcuser.o(i.ADC_EP_GetRequest)
    i.ADC_EP_SetRequest                      0x000008c8   Section        0  adcuser.o(i.ADC_EP_SetRequest)
    i.ADC_IF_GetRequest                      0x000008cc   Section        0  adcuser.o(i.ADC_IF_GetRequest)
    i.ADC_IF_SetRequest                      0x00000944   Section        0  adcuser.o(i.ADC_IF_SetRequest)
    i.CheckObstacleCollision                 0x00000994   Section        0  gamescript.o(i.CheckObstacleCollision)
    i.GAME_Exit                              0x00000a00   Section        0  main.o(i.GAME_Exit)
    i.GLCD_Bitmap                            0x00000b04   Section        0  glcd_spi_lpc1700.o(i.GLCD_Bitmap)
    i.GLCD_BitmapCutout                      0x00000bec   Section        0  glcd_spi_lpc1700.o(i.GLCD_BitmapCutout)
    i.GLCD_Bitmap_Region                     0x00000d04   Section        0  glcd_spi_lpc1700.o(i.GLCD_Bitmap_Region)
    i.GLCD_Clear                             0x00000e5c   Section        0  glcd_spi_lpc1700.o(i.GLCD_Clear)
    i.GLCD_DisplayString                     0x00000ec4   Section        0  glcd_spi_lpc1700.o(i.GLCD_DisplayString)
    i.GLCD_DisplayStringCutout               0x00000f38   Section        0  glcd_spi_lpc1700.o(i.GLCD_DisplayStringCutout)
    i.GLCD_DrawBox                           0x00000fb8   Section        0  glcd_spi_lpc1700.o(i.GLCD_DrawBox)
    i.GLCD_DrawChar                          0x00001284   Section        0  glcd_spi_lpc1700.o(i.GLCD_DrawChar)
    i.GLCD_DrawCharCutout                    0x00001380   Section        0  glcd_spi_lpc1700.o(i.GLCD_DrawCharCutout)
    i.GLCD_DrawCircle                        0x000014d0   Section        0  glcd_spi_lpc1700.o(i.GLCD_DrawCircle)
    i.GLCD_DrawFilledCircle                  0x000015f6   Section        0  glcd_spi_lpc1700.o(i.GLCD_DrawFilledCircle)
    i.GLCD_DrawLine                          0x00001678   Section        0  glcd_spi_lpc1700.o(i.GLCD_DrawLine)
    i.GLCD_Init                              0x00001710   Section        0  glcd_spi_lpc1700.o(i.GLCD_Init)
    i.GLCD_PutPixelc                         0x00001f94   Section        0  glcd_spi_lpc1700.o(i.GLCD_PutPixelc)
    i.GLCD_SetBackColor                      0x0000205c   Section        0  glcd_spi_lpc1700.o(i.GLCD_SetBackColor)
    i.GLCD_SetTextColor                      0x00002068   Section        0  glcd_spi_lpc1700.o(i.GLCD_SetTextColor)
    i.GLCD_SetWindow                         0x00002074   Section        0  glcd_spi_lpc1700.o(i.GLCD_SetWindow)
    i.Gallery_Input                          0x0000216c   Section        0  main.o(i.Gallery_Input)
    i.Gallery_Start                          0x000021b0   Section        0  main.o(i.Gallery_Start)
    i.Gallery_Update                         0x0000224c   Section        0  main.o(i.Gallery_Update)
    i.Game_Script_Init                       0x00002388   Section        0  gamescript.o(i.Game_Script_Init)
    i.Game_Script_Input                      0x000024b8   Section        0  gamescript.o(i.Game_Script_Input)
    i.Game_Script_TimerTick                  0x000025a0   Section        0  gamescript.o(i.Game_Script_TimerTick)
    i.Game_Script_Update                     0x000025e4   Section        0  gamescript.o(i.Game_Script_Update)
    i.Game_Start                             0x00002aa4   Section        0  main.o(i.Game_Start)
    i.Game_Update                            0x00002c78   Section        0  main.o(i.Game_Update)
    i.KBD_Init                               0x00002c88   Section        0  kbd.o(i.KBD_Init)
    i.MP3_Player_Exit                        0x00002cbc   Section        0  main.o(i.MP3_Player_Exit)
    i.MP3_Player_Start                       0x00002cc8   Section        0  main.o(i.MP3_Player_Start)
    i.MP3_Player_Update                      0x00002dbc   Section        0  main.o(i.MP3_Player_Update)
    i.MainMenuScript_Input                   0x00002e28   Section        0  mainmenu.o(i.MainMenuScript_Input)
    i.MainMenu_Init                          0x00002e74   Section        0  mainmenu.o(i.MainMenu_Init)
    i.MainMenu_Input                         0x00002f34   Section        0  main.o(i.MainMenu_Input)
    i.MainMenu_Update                        0x00002f50   Section        0  mainmenu.o(i.MainMenu_Update)
    i.SpawnCoin                              0x000030fc   Section        0  gamescript.o(i.SpawnCoin)
    i.SpawnEnemy                             0x00003204   Section        0  gamescript.o(i.SpawnEnemy)
    i.SpawnProjectile                        0x00003328   Section        0  gamescript.o(i.SpawnProjectile)
    i.SpawnUpgrade                           0x00003498   Section        0  gamescript.o(i.SpawnUpgrade)
    i.SystemClockUpdate                      0x000035ac   Section        0  system_lpc17xx.o(i.SystemClockUpdate)
    i.SystemInit                             0x000036b4   Section        0  system_lpc17xx.o(i.SystemInit)
    i.TIMER0_IRQHandler                      0x00003794   Section        0  usbdmain.o(i.TIMER0_IRQHandler)
    i.USBAudio_Init                          0x00003864   Section        0  usbdmain.o(i.USBAudio_Init)
    i.USB_ClrStallEP                         0x0000391c   Section        0  usbhw.o(i.USB_ClrStallEP)
    i.USB_ConfigEP                           0x0000393c   Section        0  usbhw.o(i.USB_ConfigEP)
    i.USB_Configure                          0x00003984   Section        0  usbhw.o(i.USB_Configure)
    i.USB_Connect                            0x000039bc   Section        0  usbhw.o(i.USB_Connect)
    i.USB_DMA_BufAdr                         0x000039d4   Section        0  usbhw.o(i.USB_DMA_BufAdr)
    i.USB_DMA_Enable                         0x000039f8   Section        0  usbhw.o(i.USB_DMA_Enable)
    i.USB_DMA_Setup                          0x00003a14   Section        0  usbhw.o(i.USB_DMA_Setup)
    i.USB_DataInStage                        0x00003b40   Section        0  usbcore.o(i.USB_DataInStage)
    i.USB_DirCtrlEP                          0x00003b68   Section        0  usbhw.o(i.USB_DirCtrlEP)
    i.USB_DisableEP                          0x00003b6c   Section        0  usbhw.o(i.USB_DisableEP)
    i.USB_EnableEP                           0x00003b8c   Section        0  usbhw.o(i.USB_EnableEP)
    i.USB_EndPoint0                          0x00003bac   Section        0  usbcore.o(i.USB_EndPoint0)
    i.USB_EndPoint3                          0x00004278   Section        0  usbuser.o(i.USB_EndPoint3)
    i.USB_IRQHandler                         0x00004308   Section        0  usbhw.o(i.USB_IRQHandler)
    i.USB_Init                               0x000044dc   Section        0  usbhw.o(i.USB_Init)
    i.USB_ReadEP                             0x00004570   Section        0  usbhw.o(i.USB_ReadEP)
    i.USB_Reset                              0x00004628   Section        0  usbhw.o(i.USB_Reset)
    i.USB_ResetCore                          0x000046c0   Section        0  usbcore.o(i.USB_ResetCore)
    i.USB_ResetEP                            0x000046dc   Section        0  usbhw.o(i.USB_ResetEP)
    i.USB_Reset_Event                        0x000046fc   Section        0  usbuser.o(i.USB_Reset_Event)
    i.USB_SOF_Event                          0x00004700   Section        0  usbuser.o(i.USB_SOF_Event)
    i.USB_SetAddress                         0x00004704   Section        0  usbhw.o(i.USB_SetAddress)
    i.USB_SetStallEP                         0x0000472c   Section        0  usbhw.o(i.USB_SetStallEP)
    i.USB_WakeUpCfg                          0x0000474c   Section        0  usbhw.o(i.USB_WakeUpCfg)
    i.USB_WriteEP                            0x00004750   Section        0  usbhw.o(i.USB_WriteEP)
    i.UpdateCoins                            0x000047f4   Section        0  gamescript.o(i.UpdateCoins)
    i.UpdateProjectiles                      0x000048f4   Section        0  gamescript.o(i.UpdateProjectiles)
    i.UpdateUpgrades                         0x00004a54   Section        0  gamescript.o(i.UpdateUpgrades)
    i.WrCmdDat                               0x00004bd4   Section        0  usbhw.o(i.WrCmdDat)
    i.__ARM_fpclassifyf                      0x00004c04   Section        0  fpclassifyf.o(i.__ARM_fpclassifyf)
    i.__mathlib_flt_infnan                   0x00004c2a   Section        0  funder.o(i.__mathlib_flt_infnan)
    i.__mathlib_flt_invalid                  0x00004c30   Section        0  funder.o(i.__mathlib_flt_invalid)
    i.__mathlib_flt_underflow                0x00004c38   Section        0  funder.o(i.__mathlib_flt_underflow)
    i.__mathlib_rredf2                       0x00004c44   Section        0  rredf.o(i.__mathlib_rredf2)
    i.__user_perthread_libspace              0x00004dac   Section        0  rtx_conf_cm.o(i.__user_perthread_libspace)
    i._init_box                              0x00004dd8   Section        0  rt_membox.o(i._init_box)
    i._mutex_acquire                         0x00004e20   Section        0  rtx_conf_cm.o(i._mutex_acquire)
    __tagsym$$used                           0x00004e21   Number         0  rtx_conf_cm.o(i._mutex_acquire)
    i._mutex_release                         0x00004e40   Section        0  rtx_conf_cm.o(i._mutex_release)
    __tagsym$$used                           0x00004e41   Number         0  rtx_conf_cm.o(i._mutex_release)
    i.cosf                                   0x00004e5c   Section        0  cosf.o(i.cosf)
    i.dbg_init                               0x00004fd8   Section        0  hal_cm.o(i.dbg_init)
    i.dbg_task_notify                        0x00005008   Section        0  hal_cm.o(i.dbg_task_notify)
    i.dbg_task_switch                        0x00005028   Section        0  hal_cm.o(i.dbg_task_switch)
    i.drawHorizontalLine                     0x00005038   Section        0  glcd_spi_lpc1700.o(i.drawHorizontalLine)
    i.draw_connected_lines                   0x000050ac   Section        0  main.o(i.draw_connected_lines)
    i.game_input                             0x00005582   Section        0  main.o(i.game_input)
    i.get_button                             0x00005588   Section        0  kbd.o(i.get_button)
    i.isrMessageGet                          0x0000559c   Section        0  rt_cmsis.o(i.isrMessageGet)
    i.isrMessagePut                          0x000055c6   Section        0  rt_cmsis.o(i.isrMessagePut)
    i.isr_mbx_receive                        0x000055f4   Section        0  rt_mailbox.o(i.isr_mbx_receive)
    i.isr_mbx_send                           0x0000564a   Section        0  rt_mailbox.o(i.isr_mbx_send)
    i.main                                   0x00005658   Section        0  main.o(i.main)
    i.osKernelInitialize                     0x00005a00   Section        0  rt_cmsis.o(i.osKernelInitialize)
    i.osKernelStart                          0x00005a24   Section        0  rt_cmsis.o(i.osKernelStart)
    i.osMessageGet                           0x00005a90   Section        0  rt_cmsis.o(i.osMessageGet)
    i.osThreadCreate                         0x00005aa8   Section        0  rt_cmsis.o(i.osThreadCreate)
    i.osThreadExit                           0x00005ad4   Section        0  rt_cmsis.o(i.osThreadExit)
    i.osThreadSetPriority                    0x00005aec   Section        0  rt_cmsis.o(i.osThreadSetPriority)
    i.osTimerCall                            0x00005b04   Section        0  rt_cmsis.o(i.osTimerCall)
    i.osTimerThread                          0x00005b10   Section        0  rt_cmsis.o(i.osTimerThread)
    i.os_error                               0x00005b3c   Section        0  rtx_conf_cm.o(i.os_error)
    i.os_idle_demon                          0x00005b40   Section        0  rtx_conf_cm.o(i.os_idle_demon)
    i.os_tick_init                           0x00005b50   Section        0  rt_system.o(i.os_tick_init)
    i.os_tick_irqack                         0x00005b78   Section        0  rt_system.o(i.os_tick_irqack)
    i.rd_dat                                 0x00005b7c   Section        0  glcd_spi_lpc1700.o(i.rd_dat)
    rd_dat                                   0x00005b7d   Thumb Code    84  glcd_spi_lpc1700.o(i.rd_dat)
    i.rt_alloc_box                           0x00005bd8   Section        0  rt_membox.o(i.rt_alloc_box)
    i.rt_alloc_mem                           0x00005bf2   Section        0  rt_memory.o(i.rt_alloc_mem)
    i.rt_block                               0x00005c30   Section        0  rt_task.o(i.rt_block)
    i.rt_chk_robin                           0x00005c68   Section        0  rtx_conf_cm.o(i.rt_chk_robin)
    i.rt_dec_dly                             0x00005c6c   Section        0  rt_list.o(i.rt_dec_dly)
    i.rt_dispatch                            0x00005cdc   Section        0  rt_task.o(i.rt_dispatch)
    i.rt_evt_psh                             0x00005d20   Section        0  rt_event.o(i.rt_evt_psh)
    i.rt_free_box                            0x00005d70   Section        0  rt_membox.o(i.rt_free_box)
    i.rt_free_mem                            0x00005d9c   Section        0  rt_memory.o(i.rt_free_mem)
    i.rt_get_first                           0x00005dc4   Section        0  rt_list.o(i.rt_get_first)
    i.rt_id2obj                              0x00005dec   Section        0  rt_cmsis.o(i.rt_id2obj)
    rt_id2obj                                0x00005ded   Thumb Code     8  rt_cmsis.o(i.rt_id2obj)
    i.rt_init_context                        0x00005df4   Section        0  rt_task.o(i.rt_init_context)
    rt_init_context                          0x00005df5   Thumb Code    66  rt_task.o(i.rt_init_context)
    i.rt_init_mem                            0x00005e3c   Section        0  rt_memory.o(i.rt_init_mem)
    i.rt_init_robin                          0x00005e56   Section        0  rtx_conf_cm.o(i.rt_init_robin)
    i.rt_init_stack                          0x00005e58   Section        0  hal_cm.o(i.rt_init_stack)
    i.rt_mbx_check                           0x00005ed8   Section        0  rt_mailbox.o(i.rt_mbx_check)
    i.rt_mbx_init                            0x00005ee0   Section        0  rt_mailbox.o(i.rt_mbx_init)
    i.rt_mbx_psh                             0x00005efc   Section        0  rt_mailbox.o(i.rt_mbx_psh)
    i.rt_mbx_wait                            0x00005fec   Section        0  rt_mailbox.o(i.rt_mbx_wait)
    i.rt_ms2tick                             0x000060a0   Section        0  rt_cmsis.o(i.rt_ms2tick)
    rt_ms2tick                               0x000060a1   Thumb Code    58  rt_cmsis.o(i.rt_ms2tick)
    i.rt_mut_release                         0x000060e4   Section        0  rt_mutex.o(i.rt_mut_release)
    i.rt_mut_wait                            0x000061bc   Section        0  rt_mutex.o(i.rt_mut_wait)
    i.rt_pop_req                             0x00006234   Section        0  rt_system.o(i.rt_pop_req)
    i.rt_psh_req                             0x000062b0   Section        0  rt_system.o(i.rt_psh_req)
    i.rt_psq_enq                             0x000062d0   Section        0  rt_list.o(i.rt_psq_enq)
    i.rt_put_dly                             0x0000632c   Section        0  rt_list.o(i.rt_put_dly)
    i.rt_put_prio                            0x00006374   Section        0  rt_list.o(i.rt_put_prio)
    i.rt_put_rdy_first                       0x000063ac   Section        0  rt_list.o(i.rt_put_rdy_first)
    i.rt_resort_prio                         0x000063c0   Section        0  rt_list.o(i.rt_resort_prio)
    i.rt_ret_val                             0x000063f4   Section        0  hal_cm.o(i.rt_ret_val)
    i.rt_ret_val2                            0x000063fa   Section        0  hal_cm.o(i.rt_ret_val2)
    i.rt_rmv_dly                             0x00006402   Section        0  rt_list.o(i.rt_rmv_dly)
    i.rt_rmv_list                            0x0000642c   Section        0  rt_list.o(i.rt_rmv_list)
    i.rt_sem_psh                             0x0000645c   Section        0  rt_semaphore.o(i.rt_sem_psh)
    i.rt_stk_check                           0x00006490   Section        0  rt_system.o(i.rt_stk_check)
    i.rt_switch_req                          0x000064b4   Section        0  rt_task.o(i.rt_switch_req)
    i.rt_sys_init                            0x000064dc   Section        0  rt_task.o(i.rt_sys_init)
    i.rt_sys_start                           0x000065a8   Section        0  rt_task.o(i.rt_sys_start)
    i.rt_systick                             0x00006620   Section        0  rt_system.o(i.rt_systick)
    i.rt_tid2ptcb                            0x00006660   Section        0  rt_cmsis.o(i.rt_tid2ptcb)
    rt_tid2ptcb                              0x00006661   Thumb Code    18  rt_cmsis.o(i.rt_tid2ptcb)
    i.rt_timer_insert                        0x00006674   Section        0  rt_cmsis.o(i.rt_timer_insert)
    rt_timer_insert                          0x00006675   Thumb Code    48  rt_cmsis.o(i.rt_timer_insert)
    i.rt_tsk_create                          0x000066a8   Section        0  rt_task.o(i.rt_tsk_create)
    i.rt_tsk_delete                          0x00006730   Section        0  rt_task.o(i.rt_tsk_delete)
    i.rt_tsk_prio                            0x000068ac   Section        0  rt_task.o(i.rt_tsk_prio)
    i.rt_tsk_self                            0x00006928   Section        0  rt_task.o(i.rt_tsk_self)
    i.simple_input                           0x00006938   Section        0  main.o(i.simple_input)
    i.sinf                                   0x00006960   Section        0  sinf.o(i.sinf)
    i.spi_tran_man                           0x00006ae8   Section        0  glcd_spi_lpc1700.o(i.spi_tran_man)
    spi_tran_man                             0x00006ae9   Thumb Code   112  glcd_spi_lpc1700.o(i.spi_tran_man)
    i.sqrtf                                  0x00006b60   Section        0  sqrtf.o(i.sqrtf)
    i.svcKernelInitialize                    0x00006b8c   Section        0  rt_cmsis.o(i.svcKernelInitialize)
    i.svcKernelStart                         0x00006bfc   Section        0  rt_cmsis.o(i.svcKernelStart)
    i.svcMessageCreate                       0x00006c44   Section        0  rt_cmsis.o(i.svcMessageCreate)
    i.svcMessageGet                          0x00006c68   Section        0  rt_cmsis.o(i.svcMessageGet)
    i.svcThreadCreate                        0x00006ca4   Section        0  rt_cmsis.o(i.svcThreadCreate)
    i.svcThreadGetId                         0x00006d10   Section        0  rt_cmsis.o(i.svcThreadGetId)
    i.svcThreadSetPriority                   0x00006d2c   Section        0  rt_cmsis.o(i.svcThreadSetPriority)
    i.svcThreadTerminate                     0x00006d5c   Section        0  rt_cmsis.o(i.svcThreadTerminate)
    i.svcTimerCall                           0x00006d94   Section        0  rt_cmsis.o(i.svcTimerCall)
    i.sysTimerTick                           0x00006dac   Section        0  rt_cmsis.o(i.sysTimerTick)
    i.transition_screen                      0x00006e08   Section        0  glcd_spi_lpc1700.o(i.transition_screen)
    i.wr_cmd                                 0x000070b0   Section        0  glcd_spi_lpc1700.o(i.wr_cmd)
    wr_cmd                                   0x000070b1   Thumb Code    58  glcd_spi_lpc1700.o(i.wr_cmd)
    i.wr_dat                                 0x000070f4   Section        0  glcd_spi_lpc1700.o(i.wr_dat)
    wr_dat                                   0x000070f5   Thumb Code    60  glcd_spi_lpc1700.o(i.wr_dat)
    x$fpl$fadd                               0x00007138   Section      196  faddsub_clz.o(x$fpl$fadd)
    _fadd1                                   0x00007147   Thumb Code     0  faddsub_clz.o(x$fpl$fadd)
    x$fpl$fcheck1                            0x000071fc   Section       12  fcheck1.o(x$fpl$fcheck1)
    x$fpl$fcmpinf                            0x00007208   Section       24  fcmpi.o(x$fpl$fcmpinf)
    x$fpl$fdiv                               0x00007220   Section      388  fdiv.o(x$fpl$fdiv)
    _fdiv1                                   0x00007221   Thumb Code     0  fdiv.o(x$fpl$fdiv)
    x$fpl$ffix                               0x000073a4   Section       54  ffix.o(x$fpl$ffix)
    x$fpl$fflt                               0x000073dc   Section       48  fflt_clz.o(x$fpl$fflt)
    x$fpl$ffltu                              0x0000740c   Section       38  fflt_clz.o(x$fpl$ffltu)
    x$fpl$fleqf                              0x00007434   Section      104  fleqf.o(x$fpl$fleqf)
    x$fpl$fmul                               0x0000749c   Section      258  fmul.o(x$fpl$fmul)
    x$fpl$fnaninf                            0x0000759e   Section      140  fnaninf.o(x$fpl$fnaninf)
    x$fpl$fretinf                            0x0000762a   Section       10  fretinf.o(x$fpl$fretinf)
    x$fpl$frleqf                             0x00007634   Section       98  frleqf.o(x$fpl$frleqf)
    x$fpl$frnd                               0x00007698   Section       96  frnd.o(x$fpl$frnd)
    x$fpl$frsb                               0x000076f8   Section       20  faddsub_clz.o(x$fpl$frsb)
    x$fpl$fsqrt                              0x0000770c   Section      272  fsqrt.o(x$fpl$fsqrt)
    x$fpl$fsub                               0x0000781c   Section      234  faddsub_clz.o(x$fpl$fsub)
    _fsub1                                   0x0000782b   Thumb Code     0  faddsub_clz.o(x$fpl$fsub)
    x$fpl$retnan                             0x00007906   Section      100  retnan.o(x$fpl$retnan)
    x$fpl$scalbnf                            0x0000796a   Section       76  scalbnf.o(x$fpl$scalbnf)
    x$fpl$trapveneer                         0x000079b6   Section       48  trapv.o(x$fpl$trapveneer)
    .constdata                               0x000079e6   Section    112001  main.o(.constdata)
    x$fpl$usenofp                            0x000079e6   Section        0  usenofp.o(x$fpl$usenofp)
    COLORFUL_BG_pixel_data                   0x000079e6   Data       112001  main.o(.constdata)
    .constdata                               0x00022f67   Section    26401  main.o(.constdata)
    SWORD_pixel_data                         0x00022f67   Data       26401  main.o(.constdata)
    .constdata                               0x00029688   Section    10369  main.o(.constdata)
    BLUEFLOWER_pixel_data                    0x00029688   Data       10369  main.o(.constdata)
    .constdata                               0x0002bf09   Section    128001  main.o(.constdata)
    CASTLE_pixel_data                        0x0002bf09   Data       128001  main.o(.constdata)
    .constdata                               0x0004b30a   Section     6272  glcd_spi_lpc1700.o(.constdata)
    .constdata                               0x0004cb8a   Section       18  usbdesc.o(.constdata)
    .constdata                               0x0004cb9c   Section      110  usbdesc.o(.constdata)
    .constdata                               0x0004cc0a   Section      100  usbdesc.o(.constdata)
    .constdata                               0x0004cc70   Section       16  usbhw.o(.constdata)
    .constdata                               0x0004cc80   Section       64  usbuser.o(.constdata)
    .constdata                               0x0004ccc0   Section    153601  darkerbg.o(.constdata)
    .constdata                               0x000724c1   Section     8193  gallery.o(.constdata)
    .constdata                               0x000744c2   Section     8193  gameicon.o(.constdata)
    .constdata                               0x000764c3   Section     8193  musical-note.o(.constdata)
    .constdata                               0x000784c4   Section        2  rtx_conf_cm.o(.constdata)
    .constdata                               0x000784c8   Section        4  rtx_conf_cm.o(.constdata)
    .constdata                               0x000784cc   Section        4  rtx_conf_cm.o(.constdata)
    .constdata                               0x000784d0   Section        1  rtx_conf_cm.o(.constdata)
    .constdata                               0x000784d4   Section       16  rtx_conf_cm.o(.constdata)
    __tagsym$$used                           0x000784d4   Number         0  rtx_conf_cm.o(.constdata)
    __tagsym$$used                           0x000784d8   Number         0  rtx_conf_cm.o(.constdata)
    __tagsym$$used                           0x000784dc   Number         0  rtx_conf_cm.o(.constdata)
    __tagsym$$used                           0x000784e0   Number         0  rtx_conf_cm.o(.constdata)
    .constdata                               0x000784e4   Section        2  rtx_conf_cm.o(.constdata)
    .constdata                               0x000784e8   Section        4  rtx_conf_cm.o(.constdata)
    .constdata                               0x000784ec   Section        4  rtx_conf_cm.o(.constdata)
    .constdata                               0x000784f0   Section        1  rtx_conf_cm.o(.constdata)
    .constdata                               0x000784f4   Section       16  rtx_conf_cm.o(.constdata)
    .constdata                               0x00078504   Section        8  rtx_conf_cm.o(.constdata)
    .constdata                               0x0007850c   Section        2  rtx_conf_cm.o(.constdata)
    .constdata                               0x00078510   Section       16  rtx_conf_cm.o(.constdata)
    .constdata                               0x00078520   Section       32  rredf.o(.constdata)
    twooverpi                                0x00078520   Data          32  rredf.o(.constdata)
    .data                                    0x10000000   Section       64  main.o(.data)
    phase                                    0x10000010   Data           4  main.o(.data)
    .data                                    0x10000040   Section        6  glcd_spi_lpc1700.o(.data)
    Himax                                    0x10000040   Data           1  glcd_spi_lpc1700.o(.data)
    Color                                    0x10000042   Data           4  glcd_spi_lpc1700.o(.data)
    .data                                    0x10000048   Section        8  mainmenu.o(.data)
    .data                                    0x10000050   Section        2  adcuser.o(.data)
    .data                                    0x10000054   Section       40  usbcore.o(.data)
    .data                                    0x1000007c   Section       28  usbdmain.o(.data)
    .data                                    0x10000098   Section        4  usbdmain.o(.data)
    .data                                    0x1000009c   Section        8  usbhw.o(.data)
    .data                                    0x100000a4   Section       68  gamescript.o(.data)
    last_score                               0x100000a8   Data           4  gamescript.o(.data)
    last_health                              0x100000ac   Data           4  gamescript.o(.data)
    last_mapBorder_pos                       0x100000e0   Data           8  gamescript.o(.data)
    .data                                    0x100000e8   Section        8  rtx_conf_cm.o(.data)
    nr_mutex                                 0x100000ec   Data           4  rtx_conf_cm.o(.data)
    .data                                    0x100000f0   Section        4  rtx_conf_cm.o(.data)
    .data                                    0x100000f4   Section        4  rtx_conf_cm.o(.data)
    .data                                    0x100000f8   Section        4  rtx_conf_cm.o(.data)
    .data                                    0x100000fc   Section        8  system_lpc17xx.o(.data)
    .data                                    0x10000104   Section        8  rt_cmsis.o(.data)
    .data                                    0x1000010c   Section        8  rt_task.o(.data)
    .data                                    0x10000114   Section        8  rt_system.o(.data)
    os_lock                                  0x10000114   Data           1  rt_system.o(.data)
    os_psh_flag                              0x10000115   Data           1  rt_system.o(.data)
    pend_flags                               0x10000116   Data           1  rt_system.o(.data)
    .data                                    0x1000011c   Section        4  rt_time.o(.data)
    .data                                    0x10000120   Section        1  hal_cm.o(.data)
    .bss                                     0x10000124   Section       84  main.o(.bss)
    .bss                                     0x10000178   Section       64  usbcore.o(.bss)
    .bss                                     0x100001b8   Section      128  usbhw.o(.bss)
    .bss                                     0x10000238   Section     1728  gamescript.o(.bss)
    last_obstacle_pos                        0x10000238   Data          32  gamescript.o(.bss)
    .bss                                     0x100008f8   Section       32  rtx_conf_cm.o(.bss)
    .bss                                     0x10000918   Section      376  rtx_conf_cm.o(.bss)
    .bss                                     0x10000a90   Section     3088  rtx_conf_cm.o(.bss)
    .bss                                     0x100016a0   Section      744  rtx_conf_cm.o(.bss)
    .bss                                     0x10001988   Section      132  rtx_conf_cm.o(.bss)
    .bss                                     0x10001a0c   Section       28  rtx_conf_cm.o(.bss)
    .bss                                     0x10001a28   Section      800  rtx_conf_cm.o(.bss)
    std_libspace                             0x10001a28   Data         672  rtx_conf_cm.o(.bss)
    std_libmutex                             0x10001cc8   Data         128  rtx_conf_cm.o(.bss)
    .bss                                     0x10001d48   Section       52  rt_task.o(.bss)
    .bss                                     0x10001d7c   Section       48  rt_list.o(.bss)
    .bss                                     0x10001dac   Section       96  libspace.o(.bss)
    .bss                                     0x10001e0c   Section      228  rand.o(.bss)
    HEAP                                     0x10001ef0   Section        0  startup_lpc17xx.o(HEAP)
    STACK                                    0x10001ef0   Section      512  startup_lpc17xx.o(STACK)
    Heap_Mem                                 0x10001ef0   Data           0  startup_lpc17xx.o(HEAP)
    Stack_Mem                                0x10001ef0   Data         512  startup_lpc17xx.o(STACK)
    __initial_sp                             0x100020f0   Data           0  startup_lpc17xx.o(STACK)
    USB_RAM                                  0x20080000   Section      128  usbhw.o(USB_RAM)

    Global Symbols

    Symbol Name                              Value     Ov Type        Size  Object(Section)

    BuildAttributes$$THM_ISAv4$P$D$K$B$S$PE$A:L22UL41UL21$X:L11$S22US41US21$IEEE1$IW$USESV6$~STKCKD$USESV7$~SHL$OTIME$ROPI$IEEEX$EBA8$UX$STANDARDLIB$REQ8$PRES8$EABIv2 0x00000000   Number         0  anon$$obj.o ABSOLUTE
    __ARM_use_no_argv                        0x00000000   Number         0  main.o ABSOLUTE
    __Vectors                                0x00000000   Data           4  startup_lpc17xx.o(RESET)
    _printf_flags                            0x00000000   Number         0  printf_stubs.o ABSOLUTE
    _printf_return_value                     0x00000000   Number         0  printf_stubs.o ABSOLUTE
    _printf_sizespec                         0x00000000   Number         0  printf_stubs.o ABSOLUTE
    _printf_widthprec                        0x00000000   Number         0  printf_stubs.o ABSOLUTE
    __ARM_exceptions_init                     - Undefined Weak Reference
    __alloca_initialize                       - Undefined Weak Reference
    __arm_fini_                               - Undefined Weak Reference
    __arm_preinit_                            - Undefined Weak Reference
    __cpp_initialize__aeabi_                  - Undefined Weak Reference
    __cxa_finalize                            - Undefined Weak Reference
    __rt_locale                               - Undefined Weak Reference
    __sigvec_lookup                           - Undefined Weak Reference
    _atexit_init                              - Undefined Weak Reference
    _call_atexit_fns                          - Undefined Weak Reference
    _clock_init                               - Undefined Weak Reference
    _fp_trap_init                             - Undefined Weak Reference
    _fp_trap_shutdown                         - Undefined Weak Reference
    _get_lc_collate                           - Undefined Weak Reference
    _get_lc_ctype                             - Undefined Weak Reference
    _get_lc_monetary                          - Undefined Weak Reference
    _get_lc_numeric                           - Undefined Weak Reference
    _get_lc_time                              - Undefined Weak Reference
    _getenv_init                              - Undefined Weak Reference
    _handle_redirection                       - Undefined Weak Reference
    _init_alloc                               - Undefined Weak Reference
    _init_user_alloc                          - Undefined Weak Reference
    _initio                                   - Undefined Weak Reference
    _printf_post_padding                      - Undefined Weak Reference
    _printf_pre_padding                       - Undefined Weak Reference
    _printf_truncate_signed                   - Undefined Weak Reference
    _printf_truncate_unsigned                 - Undefined Weak Reference
    _signal_finish                            - Undefined Weak Reference
    _signal_init                              - Undefined Weak Reference
    _terminate_alloc                          - Undefined Weak Reference
    _terminate_user_alloc                     - Undefined Weak Reference
    _terminateio                              - Undefined Weak Reference
    __main                                   0x000000cd   Thumb Code     8  __main.o(!!!main)
    __scatterload                            0x000000d5   Thumb Code     0  __scatter.o(!!!scatter)
    __scatterload_rt2                        0x000000d5   Thumb Code    44  __scatter.o(!!!scatter)
    __scatterload_rt2_thumb_only             0x000000d5   Thumb Code     0  __scatter.o(!!!scatter)
    __scatterload_null                       0x000000e3   Thumb Code     0  __scatter.o(!!!scatter)
    __scatterload_copy                       0x00000109   Thumb Code    26  __scatter_copy.o(!!handler_copy)
    __scatterload_zeroinit                   0x00000125   Thumb Code    28  __scatter_zi.o(!!handler_zi)
    _printf_ll                               0x00000141   Thumb Code     0  _printf_ll.o(.ARM.Collect$$_printf_percent$$00000007)
    _printf_percent                          0x00000141   Thumb Code     0  _printf_percent.o(.ARM.Collect$$_printf_percent$$00000000)
    _printf_d                                0x0000014b   Thumb Code     0  _printf_d.o(.ARM.Collect$$_printf_percent$$00000009)
    _printf_llu                              0x00000151   Thumb Code     0  _printf_llu.o(.ARM.Collect$$_printf_percent$$0000000F)
    _printf_percent_end                      0x00000157   Thumb Code     0  _printf_percent_end.o(.ARM.Collect$$_printf_percent$$00000017)
    __rt_lib_init                            0x0000015b   Thumb Code     0  libinit.o(.ARM.Collect$$libinit$$00000000)
    __rt_lib_init_fp_1                       0x0000015d   Thumb Code     0  libinit2.o(.ARM.Collect$$libinit$$00000002)
    __rt_lib_init_heap_1                     0x0000015d   Thumb Code     0  libinit2.o(.ARM.Collect$$libinit$$0000000A)
    __rt_lib_init_preinit_1                  0x0000015d   Thumb Code     0  libinit2.o(.ARM.Collect$$libinit$$00000004)
    __rt_lib_init_rand_2                     0x0000015d   Thumb Code     0  libinit2.o(.ARM.Collect$$libinit$$0000000D)
    __rt_lib_init_user_alloc_1               0x0000015d   Thumb Code     0  libinit2.o(.ARM.Collect$$libinit$$0000000C)
    __rt_lib_init_alloca_1                   0x00000161   Thumb Code     0  libinit2.o(.ARM.Collect$$libinit$$0000002E)
    __rt_lib_init_argv_1                     0x00000161   Thumb Code     0  libinit2.o(.ARM.Collect$$libinit$$0000002C)
    __rt_lib_init_atexit_1                   0x00000161   Thumb Code     0  libinit2.o(.ARM.Collect$$libinit$$0000001B)
    __rt_lib_init_clock_1                    0x00000161   Thumb Code     0  libinit2.o(.ARM.Collect$$libinit$$00000021)
    __rt_lib_init_cpp_1                      0x00000161   Thumb Code     0  libinit2.o(.ARM.Collect$$libinit$$00000032)
    __rt_lib_init_exceptions_1               0x00000161   Thumb Code     0  libinit2.o(.ARM.Collect$$libinit$$00000030)
    __rt_lib_init_fp_trap_1                  0x00000161   Thumb Code     0  libinit2.o(.ARM.Collect$$libinit$$0000001F)
    __rt_lib_init_getenv_1                   0x00000161   Thumb Code     0  libinit2.o(.ARM.Collect$$libinit$$00000023)
    __rt_lib_init_lc_collate_1               0x00000161   Thumb Code     0  libinit2.o(.ARM.Collect$$libinit$$00000011)
    __rt_lib_init_lc_ctype_1                 0x00000161   Thumb Code     0  libinit2.o(.ARM.Collect$$libinit$$00000013)
    __rt_lib_init_lc_monetary_1              0x00000161   Thumb Code     0  libinit2.o(.ARM.Collect$$libinit$$00000015)
    __rt_lib_init_lc_numeric_1               0x00000161   Thumb Code     0  libinit2.o(.ARM.Collect$$libinit$$00000017)
    __rt_lib_init_lc_time_1                  0x00000161   Thumb Code     0  libinit2.o(.ARM.Collect$$libinit$$00000019)
    __rt_lib_init_rand_1                     0x00000161   Thumb Code     0  libinit2.o(.ARM.Collect$$libinit$$0000000E)
    __rt_lib_init_return                     0x00000161   Thumb Code     0  libinit2.o(.ARM.Collect$$libinit$$00000033)
    __rt_lib_init_signal_1                   0x00000161   Thumb Code     0  libinit2.o(.ARM.Collect$$libinit$$0000001D)
    __rt_lib_init_stdio_1                    0x00000161   Thumb Code     0  libinit2.o(.ARM.Collect$$libinit$$00000025)
    __rt_lib_shutdown                        0x00000163   Thumb Code     0  libshutdown.o(.ARM.Collect$$libshutdown$$00000000)
    __rt_lib_shutdown_cpp_1                  0x00000165   Thumb Code     0  libshutdown2.o(.ARM.Collect$$libshutdown$$00000004)
    __rt_lib_shutdown_fini_1                 0x00000165   Thumb Code     0  libshutdown2.o(.ARM.Collect$$libshutdown$$00000002)
    __rt_lib_shutdown_fp_trap_1              0x00000165   Thumb Code     0  libshutdown2.o(.ARM.Collect$$libshutdown$$00000009)
    __rt_lib_shutdown_heap_1                 0x00000165   Thumb Code     0  libshutdown2.o(.ARM.Collect$$libshutdown$$00000011)
    __rt_lib_shutdown_return                 0x00000165   Thumb Code     0  libshutdown2.o(.ARM.Collect$$libshutdown$$00000012)
    __rt_lib_shutdown_signal_1               0x00000165   Thumb Code     0  libshutdown2.o(.ARM.Collect$$libshutdown$$0000000C)
    __rt_lib_shutdown_stdio_1                0x00000165   Thumb Code     0  libshutdown2.o(.ARM.Collect$$libshutdown$$00000006)
    __rt_lib_shutdown_user_alloc_1           0x00000165   Thumb Code     0  libshutdown2.o(.ARM.Collect$$libshutdown$$0000000E)
    __rt_entry                               0x00000167   Thumb Code     0  __rtentry.o(.ARM.Collect$$rtentry$$00000000)
    __rt_entry_presh_1                       0x00000167   Thumb Code     0  __rtentry2.o(.ARM.Collect$$rtentry$$00000002)
    __rt_entry_sh                            0x00000167   Thumb Code     0  __rtentry4.o(.ARM.Collect$$rtentry$$00000004)
    __rt_entry_li                            0x0000016d   Thumb Code     0  __rtentry2.o(.ARM.Collect$$rtentry$$0000000A)
    __rt_entry_postsh_1                      0x0000016d   Thumb Code     0  __rtentry2.o(.ARM.Collect$$rtentry$$00000009)
    __rt_entry_postli_1                      0x00000171   Thumb Code     0  __rtentry2.o(.ARM.Collect$$rtentry$$0000000B)
    __rt_entry_main                          0x00000179   Thumb Code     0  __rtentry2.o(.ARM.Collect$$rtentry$$0000000D)
    __rt_exit                                0x00000181   Thumb Code     0  rtexit.o(.ARM.Collect$$rtexit$$00000000)
    __rt_exit_ls                             0x00000183   Thumb Code     0  rtexit2.o(.ARM.Collect$$rtexit$$00000003)
    __rt_exit_prels_1                        0x00000183   Thumb Code     0  rtexit2.o(.ARM.Collect$$rtexit$$00000002)
    __rt_exit_exit                           0x00000187   Thumb Code     0  rtexit2.o(.ARM.Collect$$rtexit$$00000004)
    _platform_post_lib_init                  0x0000018d   Thumb Code    24  rtx_conf_cm.o(.emb_text)
    rt_set_PSP                               0x000001a9   Thumb Code     6  hal_cm3.o(.emb_text)
    rt_get_PSP                               0x000001af   Thumb Code     6  hal_cm3.o(.emb_text)
    os_set_env                               0x000001b5   Thumb Code    24  hal_cm3.o(.emb_text)
    _alloc_box                               0x000001d1   Thumb Code    28  hal_cm3.o(.emb_text)
    _free_box                                0x000001f1   Thumb Code    28  hal_cm3.o(.emb_text)
    SVC_Handler                              0x00000211   Thumb Code   108  hal_cm3.o(.emb_text)
    PendSV_Handler                           0x00000289   Thumb Code    56  hal_cm3.o(.emb_text)
    SysTick_Handler                          0x000002c5   Thumb Code     8  hal_cm3.o(.emb_text)
    OS_Tick_Handler                          0x000002cd   Thumb Code    12  hal_cm3.o(.emb_text)
    __user_libspace                          0x000002d9   Thumb Code     8  libspace.o(.text)
    __user_perproc_libspace                  0x000002d9   Thumb Code     0  libspace.o(.text)
    exit                                     0x000002e1   Thumb Code    18  exit.o(.text)
    __use_two_region_memory                  0x000002f3   Thumb Code     2  heapauxi.o(.text)
    __rt_heap_escrow$2region                 0x000002f5   Thumb Code     2  heapauxi.o(.text)
    __rt_heap_expand$2region                 0x000002f7   Thumb Code     2  heapauxi.o(.text)
    __aeabi_errno_addr                       0x000002f9   Thumb Code     4  rt_errno_addr_twolibspace.o(.text)
    __errno$twolibspace                      0x000002f9   Thumb Code     0  rt_errno_addr_twolibspace.o(.text)
    __rt_errno_addr$twolibspace              0x000002f9   Thumb Code     0  rt_errno_addr_twolibspace.o(.text)
    rand                                     0x00000301   Thumb Code    48  rand.o(.emb_text)
    Reset_Handler                            0x00000335   Thumb Code     8  startup_lpc17xx.o(.text)
    NMI_Handler                              0x0000033d   Thumb Code     2  startup_lpc17xx.o(.text)
    HardFault_Handler                        0x0000033f   Thumb Code     2  startup_lpc17xx.o(.text)
    MemManage_Handler                        0x00000341   Thumb Code     2  startup_lpc17xx.o(.text)
    BusFault_Handler                         0x00000343   Thumb Code     2  startup_lpc17xx.o(.text)
    UsageFault_Handler                       0x00000345   Thumb Code     2  startup_lpc17xx.o(.text)
    DebugMon_Handler                         0x00000349   Thumb Code     2  startup_lpc17xx.o(.text)
    ADC_IRQHandler                           0x0000034f   Thumb Code     0  startup_lpc17xx.o(.text)
    BOD_IRQHandler                           0x0000034f   Thumb Code     0  startup_lpc17xx.o(.text)
    CANActivity_IRQHandler                   0x0000034f   Thumb Code     0  startup_lpc17xx.o(.text)
    CAN_IRQHandler                           0x0000034f   Thumb Code     0  startup_lpc17xx.o(.text)
    DMA_IRQHandler                           0x0000034f   Thumb Code     0  startup_lpc17xx.o(.text)
    EINT0_IRQHandler                         0x0000034f   Thumb Code     0  startup_lpc17xx.o(.text)
    EINT1_IRQHandler                         0x0000034f   Thumb Code     0  startup_lpc17xx.o(.text)
    EINT2_IRQHandler                         0x0000034f   Thumb Code     0  startup_lpc17xx.o(.text)
    EINT3_IRQHandler                         0x0000034f   Thumb Code     0  startup_lpc17xx.o(.text)
    ENET_IRQHandler                          0x0000034f   Thumb Code     0  startup_lpc17xx.o(.text)
    I2C0_IRQHandler                          0x0000034f   Thumb Code     0  startup_lpc17xx.o(.text)
    I2C1_IRQHandler                          0x0000034f   Thumb Code     0  startup_lpc17xx.o(.text)
    I2C2_IRQHandler                          0x0000034f   Thumb Code     0  startup_lpc17xx.o(.text)
    I2S_IRQHandler                           0x0000034f   Thumb Code     0  startup_lpc17xx.o(.text)
    MCPWM_IRQHandler                         0x0000034f   Thumb Code     0  startup_lpc17xx.o(.text)
    PLL0_IRQHandler                          0x0000034f   Thumb Code     0  startup_lpc17xx.o(.text)
    PLL1_IRQHandler                          0x0000034f   Thumb Code     0  startup_lpc17xx.o(.text)
    PWM1_IRQHandler                          0x0000034f   Thumb Code     0  startup_lpc17xx.o(.text)
    QEI_IRQHandler                           0x0000034f   Thumb Code     0  startup_lpc17xx.o(.text)
    RIT_IRQHandler                           0x0000034f   Thumb Code     0  startup_lpc17xx.o(.text)
    RTC_IRQHandler                           0x0000034f   Thumb Code     0  startup_lpc17xx.o(.text)
    SPI_IRQHandler                           0x0000034f   Thumb Code     0  startup_lpc17xx.o(.text)
    SSP0_IRQHandler                          0x0000034f   Thumb Code     0  startup_lpc17xx.o(.text)
    SSP1_IRQHandler                          0x0000034f   Thumb Code     0  startup_lpc17xx.o(.text)
    TIMER1_IRQHandler                        0x0000034f   Thumb Code     0  startup_lpc17xx.o(.text)
    TIMER2_IRQHandler                        0x0000034f   Thumb Code     0  startup_lpc17xx.o(.text)
    TIMER3_IRQHandler                        0x0000034f   Thumb Code     0  startup_lpc17xx.o(.text)
    UART0_IRQHandler                         0x0000034f   Thumb Code     0  startup_lpc17xx.o(.text)
    UART1_IRQHandler                         0x0000034f   Thumb Code     0  startup_lpc17xx.o(.text)
    UART2_IRQHandler                         0x0000034f   Thumb Code     0  startup_lpc17xx.o(.text)
    UART3_IRQHandler                         0x0000034f   Thumb Code     0  startup_lpc17xx.o(.text)
    USBActivity_IRQHandler                   0x0000034f   Thumb Code     0  startup_lpc17xx.o(.text)
    WDT_IRQHandler                           0x0000034f   Thumb Code     0  startup_lpc17xx.o(.text)
    __user_initial_stackheap                 0x00000351   Thumb Code     0  startup_lpc17xx.o(.text)
    __aeabi_uldivmod                         0x00000371   Thumb Code     0  lludivv7m.o(.text)
    _ll_udiv                                 0x00000371   Thumb Code   238  lludivv7m.o(.text)
    __2snprintf                              0x00000461   Thumb Code    48  noretval__2snprintf.o(.text)
    __RL_RTX_VER                             0x00000482   Number         0  rt_system.o ABSOLUTE
    _printf_int_dec                          0x00000495   Thumb Code   104  _printf_dec.o(.text)
    _printf_longlong_dec                     0x0000050d   Thumb Code   108  _printf_longlong_dec.o(.text)
    __printf                                 0x00000589   Thumb Code   184  __printf_ss.o(.text)
    srand                                    0x00000641   Thumb Code    42  rand.o(.text)
    _rand_init                               0x0000066b   Thumb Code     4  rand.o(.text)
    __aeabi_memclr4                          0x0000067d   Thumb Code     0  rt_memclr_w.o(.text)
    __aeabi_memclr8                          0x0000067d   Thumb Code     0  rt_memclr_w.o(.text)
    __rt_memclr_w                            0x0000067d   Thumb Code    78  rt_memclr_w.o(.text)
    _memset_w                                0x00000681   Thumb Code     0  rt_memclr_w.o(.text)
    _ll_udiv10                               0x000006cb   Thumb Code   138  lludiv10.o(.text)
    __read_errno                             0x00000755   Thumb Code    10  _rserrno.o(.text)
    __set_errno                              0x0000075f   Thumb Code    12  _rserrno.o(.text)
    _printf_int_common                       0x0000076b   Thumb Code   178  _printf_intcommon.o(.text)
    _printf_char_common                      0x00000827   Thumb Code    32  _printf_char_common.o(.text)
    _sputc                                   0x0000084d   Thumb Code    10  _sputc.o(.text)
    _snputc                                  0x00000857   Thumb Code    16  _snputc.o(.text)
    _sys_exit                                0x00000869   Thumb Code     8  sys_exit.o(.text)
    __user_setup_stackheap                   0x00000875   Thumb Code    74  sys_stackheap_outer.o(.text)
    __I$use$semihosting                      0x000008bf   Thumb Code     0  use_no_semi.o(.text)
    __use_no_semihosting_swi                 0x000008bf   Thumb Code     2  use_no_semi.o(.text)
    SVC_Count                                0x000008c0   Data           4  svc_table.o(SVC_TABLE)
    __semihosting_library_function           0x000008c1   Thumb Code     0  indicate_semi.o(.text)
    ADC_EP_GetRequest                        0x000008c5   Thumb Code     4  adcuser.o(i.ADC_EP_GetRequest)
    SVC_Table                                0x000008c4   Data           0  svc_table.o(SVC_TABLE)
    ADC_EP_SetRequest                        0x000008c9   Thumb Code     4  adcuser.o(i.ADC_EP_SetRequest)
    ADC_IF_GetRequest                        0x000008cd   Thumb Code   102  adcuser.o(i.ADC_IF_GetRequest)
    ADC_IF_SetRequest                        0x00000945   Thumb Code    64  adcuser.o(i.ADC_IF_SetRequest)
    CheckObstacleCollision                   0x00000995   Thumb Code   108  gamescript.o(i.CheckObstacleCollision)
    GAME_Exit                                0x00000a01   Thumb Code   116  main.o(i.GAME_Exit)
    GLCD_Bitmap                              0x00000b05   Thumb Code   222  glcd_spi_lpc1700.o(i.GLCD_Bitmap)
    GLCD_BitmapCutout                        0x00000bed   Thumb Code   272  glcd_spi_lpc1700.o(i.GLCD_BitmapCutout)
    GLCD_Bitmap_Region                       0x00000d05   Thumb Code   336  glcd_spi_lpc1700.o(i.GLCD_Bitmap_Region)
    GLCD_Clear                               0x00000e5d   Thumb Code    94  glcd_spi_lpc1700.o(i.GLCD_Clear)
    GLCD_DisplayString                       0x00000ec5   Thumb Code   110  glcd_spi_lpc1700.o(i.GLCD_DisplayString)
    GLCD_DisplayStringCutout                 0x00000f39   Thumb Code   124  glcd_spi_lpc1700.o(i.GLCD_DisplayStringCutout)
    GLCD_DrawBox                             0x00000fb9   Thumb Code   706  glcd_spi_lpc1700.o(i.GLCD_DrawBox)
    GLCD_DrawChar                            0x00001285   Thumb Code   238  glcd_spi_lpc1700.o(i.GLCD_DrawChar)
    GLCD_DrawCharCutout                      0x00001381   Thumb Code   326  glcd_spi_lpc1700.o(i.GLCD_DrawCharCutout)
    GLCD_DrawCircle                          0x000014d1   Thumb Code   294  glcd_spi_lpc1700.o(i.GLCD_DrawCircle)
    GLCD_DrawFilledCircle                    0x000015f7   Thumb Code   130  glcd_spi_lpc1700.o(i.GLCD_DrawFilledCircle)
    GLCD_DrawLine                            0x00001679   Thumb Code   152  glcd_spi_lpc1700.o(i.GLCD_DrawLine)
    GLCD_Init                                0x00001711   Thumb Code  2180  glcd_spi_lpc1700.o(i.GLCD_Init)
    GLCD_PutPixelc                           0x00001f95   Thumb Code   194  glcd_spi_lpc1700.o(i.GLCD_PutPixelc)
    GLCD_SetBackColor                        0x0000205d   Thumb Code     6  glcd_spi_lpc1700.o(i.GLCD_SetBackColor)
    GLCD_SetTextColor                        0x00002069   Thumb Code     6  glcd_spi_lpc1700.o(i.GLCD_SetTextColor)
    GLCD_SetWindow                           0x00002075   Thumb Code   242  glcd_spi_lpc1700.o(i.GLCD_SetWindow)
    Gallery_Input                            0x0000216d   Thumb Code    58  main.o(i.Gallery_Input)
    Gallery_Start                            0x000021b1   Thumb Code    98  main.o(i.Gallery_Start)
    Gallery_Update                           0x0000224d   Thumb Code   206  main.o(i.Gallery_Update)
    Game_Script_Init                         0x00002389   Thumb Code   256  gamescript.o(i.Game_Script_Init)
    Game_Script_Input                        0x000024b9   Thumb Code   224  gamescript.o(i.Game_Script_Input)
    Game_Script_TimerTick                    0x000025a1   Thumb Code    58  gamescript.o(i.Game_Script_TimerTick)
    Game_Script_Update                       0x000025e5   Thumb Code  1210  gamescript.o(i.Game_Script_Update)
    Game_Start                               0x00002aa5   Thumb Code   272  main.o(i.Game_Start)
    Game_Update                              0x00002c79   Thumb Code    14  main.o(i.Game_Update)
    KBD_Init                                 0x00002c89   Thumb Code    38  kbd.o(i.KBD_Init)
    MP3_Player_Exit                          0x00002cbd   Thumb Code     8  main.o(i.MP3_Player_Exit)
    MP3_Player_Start                         0x00002cc9   Thumb Code   100  main.o(i.MP3_Player_Start)
    MP3_Player_Update                        0x00002dbd   Thumb Code    90  main.o(i.MP3_Player_Update)
    MainMenuScript_Input                     0x00002e29   Thumb Code    68  mainmenu.o(i.MainMenuScript_Input)
    MainMenu_Init                            0x00002e75   Thumb Code   112  mainmenu.o(i.MainMenu_Init)
    MainMenu_Input                           0x00002f35   Thumb Code    20  main.o(i.MainMenu_Input)
    MainMenu_Update                          0x00002f51   Thumb Code   336  mainmenu.o(i.MainMenu_Update)
    SpawnCoin                                0x000030fd   Thumb Code   242  gamescript.o(i.SpawnCoin)
    SpawnEnemy                               0x00003205   Thumb Code   276  gamescript.o(i.SpawnEnemy)
    SpawnProjectile                          0x00003329   Thumb Code   344  gamescript.o(i.SpawnProjectile)
    SpawnUpgrade                             0x00003499   Thumb Code   254  gamescript.o(i.SpawnUpgrade)
    SystemClockUpdate                        0x000035ad   Thumb Code   248  system_lpc17xx.o(i.SystemClockUpdate)
    SystemInit                               0x000036b5   Thumb Code   212  system_lpc17xx.o(i.SystemInit)
    TIMER0_IRQHandler                        0x00003795   Thumb Code   192  usbdmain.o(i.TIMER0_IRQHandler)
    USBAudio_Init                            0x00003865   Thumb Code   154  usbdmain.o(i.USBAudio_Init)
    USB_ClrStallEP                           0x0000391d   Thumb Code    26  usbhw.o(i.USB_ClrStallEP)
    USB_ConfigEP                             0x0000393d   Thumb Code    68  usbhw.o(i.USB_ConfigEP)
    USB_Configure                            0x00003985   Thumb Code    48  usbhw.o(i.USB_Configure)
    USB_Connect                              0x000039bd   Thumb Code    20  usbhw.o(i.USB_Connect)
    USB_DMA_BufAdr                           0x000039d5   Thumb Code    30  usbhw.o(i.USB_DMA_BufAdr)
    USB_DMA_Enable                           0x000039f9   Thumb Code    24  usbhw.o(i.USB_DMA_Enable)
    USB_DMA_Setup                            0x00003a15   Thumb Code   282  usbhw.o(i.USB_DMA_Setup)
    USB_DataInStage                          0x00003b41   Thumb Code    34  usbcore.o(i.USB_DataInStage)
    USB_DirCtrlEP                            0x00003b69   Thumb Code     2  usbhw.o(i.USB_DirCtrlEP)
    USB_DisableEP                            0x00003b6d   Thumb Code    24  usbhw.o(i.USB_DisableEP)
    USB_EnableEP                             0x00003b8d   Thumb Code    26  usbhw.o(i.USB_EnableEP)
    USB_EndPoint0                            0x00003bad   Thumb Code  1724  usbcore.o(i.USB_EndPoint0)
    USB_EndPoint3                            0x00004279   Thumb Code   122  usbuser.o(i.USB_EndPoint3)
    USB_IRQHandler                           0x00004309   Thumb Code   450  usbhw.o(i.USB_IRQHandler)
    USB_Init                                 0x000044dd   Thumb Code   128  usbhw.o(i.USB_Init)
    USB_ReadEP                               0x00004571   Thumb Code   176  usbhw.o(i.USB_ReadEP)
    USB_Reset                                0x00004629   Thumb Code   130  usbhw.o(i.USB_Reset)
    USB_ResetCore                            0x000046c1   Thumb Code    22  usbcore.o(i.USB_ResetCore)
    USB_ResetEP                              0x000046dd   Thumb Code    26  usbhw.o(i.USB_ResetEP)
    USB_Reset_Event                          0x000046fd   Thumb Code     4  usbuser.o(i.USB_Reset_Event)
    USB_SOF_Event                            0x00004701   Thumb Code     2  usbuser.o(i.USB_SOF_Event)
    USB_SetAddress                           0x00004705   Thumb Code    30  usbhw.o(i.USB_SetAddress)
    USB_SetStallEP                           0x0000472d   Thumb Code    24  usbhw.o(i.USB_SetStallEP)
    USB_WakeUpCfg                            0x0000474d   Thumb Code     2  usbhw.o(i.USB_WakeUpCfg)
    USB_WriteEP                              0x00004751   Thumb Code   156  usbhw.o(i.USB_WriteEP)
    UpdateCoins                              0x000047f5   Thumb Code   240  gamescript.o(i.UpdateCoins)
    UpdateProjectiles                        0x000048f5   Thumb Code   340  gamescript.o(i.UpdateProjectiles)
    UpdateUpgrades                           0x00004a55   Thumb Code   372  gamescript.o(i.UpdateUpgrades)
    WrCmdDat                                 0x00004bd5   Thumb Code    44  usbhw.o(i.WrCmdDat)
    __ARM_fpclassifyf                        0x00004c05   Thumb Code    38  fpclassifyf.o(i.__ARM_fpclassifyf)
    __mathlib_flt_infnan                     0x00004c2b   Thumb Code     6  funder.o(i.__mathlib_flt_infnan)
    __mathlib_flt_invalid                    0x00004c31   Thumb Code     8  funder.o(i.__mathlib_flt_invalid)
    __mathlib_flt_underflow                  0x00004c39   Thumb Code    10  funder.o(i.__mathlib_flt_underflow)
    __mathlib_rredf2                         0x00004c45   Thumb Code   344  rredf.o(i.__mathlib_rredf2)
    __user_perthread_libspace                0x00004dad   Thumb Code    32  rtx_conf_cm.o(i.__user_perthread_libspace)
    _init_box                                0x00004dd9   Thumb Code    70  rt_membox.o(i._init_box)
    _mutex_acquire                           0x00004e21   Thumb Code    24  rtx_conf_cm.o(i._mutex_acquire)
    _mutex_release                           0x00004e41   Thumb Code    20  rtx_conf_cm.o(i._mutex_release)
    cosf                                     0x00004e5d   Thumb Code   328  cosf.o(i.cosf)
    dbg_init                                 0x00004fd9   Thumb Code    34  hal_cm.o(i.dbg_init)
    dbg_task_notify                          0x00005009   Thumb Code    32  hal_cm.o(i.dbg_task_notify)
    dbg_task_switch                          0x00005029   Thumb Code    16  hal_cm.o(i.dbg_task_switch)
    drawHorizontalLine                       0x00005039   Thumb Code   106  glcd_spi_lpc1700.o(i.drawHorizontalLine)
    draw_connected_lines                     0x000050ad   Thumb Code  1238  main.o(i.draw_connected_lines)
    game_input                               0x00005583   Thumb Code     4  main.o(i.game_input)
    get_button                               0x00005589   Thumb Code    16  kbd.o(i.get_button)
    isrMessageGet                            0x0000559d   Thumb Code    42  rt_cmsis.o(i.isrMessageGet)
    isrMessagePut                            0x000055c7   Thumb Code    44  rt_cmsis.o(i.isrMessagePut)
    isr_mbx_receive                          0x000055f5   Thumb Code    86  rt_mailbox.o(i.isr_mbx_receive)
    isr_mbx_send                             0x0000564b   Thumb Code    14  rt_mailbox.o(i.isr_mbx_send)
    main                                     0x00005659   Thumb Code   800  main.o(i.main)
    osKernelInitialize                       0x00005a01   Thumb Code    30  rt_cmsis.o(i.osKernelInitialize)
    osKernelStart                            0x00005a25   Thumb Code    98  rt_cmsis.o(i.osKernelStart)
    osMessageGet                             0x00005a91   Thumb Code    18  rt_cmsis.o(i.osMessageGet)
    osThreadCreate                           0x00005aa9   Thumb Code    36  rt_cmsis.o(i.osThreadCreate)
    osThreadExit                             0x00005ad5   Thumb Code    14  rt_cmsis.o(i.osThreadExit)
    osThreadSetPriority                      0x00005aed   Thumb Code    18  rt_cmsis.o(i.osThreadSetPriority)
    osTimerCall                              0x00005b05   Thumb Code     8  rt_cmsis.o(i.osTimerCall)
    osTimerThread                            0x00005b11   Thumb Code    38  rt_cmsis.o(i.osTimerThread)
    os_error                                 0x00005b3d   Thumb Code     2  rtx_conf_cm.o(i.os_error)
    os_idle_demon                            0x00005b41   Thumb Code    10  rtx_conf_cm.o(i.os_idle_demon)
    os_tick_init                             0x00005b51   Thumb Code    32  rt_system.o(i.os_tick_init)
    os_tick_irqack                           0x00005b79   Thumb Code     2  rt_system.o(i.os_tick_irqack)
    rt_alloc_box                             0x00005bd9   Thumb Code    26  rt_membox.o(i.rt_alloc_box)
    rt_alloc_mem                             0x00005bf3   Thumb Code    62  rt_memory.o(i.rt_alloc_mem)
    rt_block                                 0x00005c31   Thumb Code    48  rt_task.o(i.rt_block)
    rt_chk_robin                             0x00005c69   Thumb Code     2  rtx_conf_cm.o(i.rt_chk_robin)
    rt_dec_dly                               0x00005c6d   Thumb Code   102  rt_list.o(i.rt_dec_dly)
    rt_dispatch                              0x00005cdd   Thumb Code    60  rt_task.o(i.rt_dispatch)
    rt_evt_psh                               0x00005d21   Thumb Code    76  rt_event.o(i.rt_evt_psh)
    rt_free_box                              0x00005d71   Thumb Code    44  rt_membox.o(i.rt_free_box)
    rt_free_mem                              0x00005d9d   Thumb Code    40  rt_memory.o(i.rt_free_mem)
    rt_get_first                             0x00005dc5   Thumb Code    40  rt_list.o(i.rt_get_first)
    rt_init_mem                              0x00005e3d   Thumb Code    26  rt_memory.o(i.rt_init_mem)
    rt_init_robin                            0x00005e57   Thumb Code     2  rtx_conf_cm.o(i.rt_init_robin)
    rt_init_stack                            0x00005e59   Thumb Code   118  hal_cm.o(i.rt_init_stack)
    rt_mbx_check                             0x00005ed9   Thumb Code     8  rt_mailbox.o(i.rt_mbx_check)
    rt_mbx_init                              0x00005ee1   Thumb Code    26  rt_mailbox.o(i.rt_mbx_init)
    rt_mbx_psh                               0x00005efd   Thumb Code   236  rt_mailbox.o(i.rt_mbx_psh)
    rt_mbx_wait                              0x00005fed   Thumb Code   174  rt_mailbox.o(i.rt_mbx_wait)
    rt_mut_release                           0x000060e5   Thumb Code   208  rt_mutex.o(i.rt_mut_release)
    rt_mut_wait                              0x000061bd   Thumb Code   114  rt_mutex.o(i.rt_mut_wait)
    rt_pop_req                               0x00006235   Thumb Code   112  rt_system.o(i.rt_pop_req)
    rt_psh_req                               0x000062b1   Thumb Code    22  rt_system.o(i.rt_psh_req)
    rt_psq_enq                               0x000062d1   Thumb Code    88  rt_list.o(i.rt_psq_enq)
    rt_put_dly                               0x0000632d   Thumb Code    68  rt_list.o(i.rt_put_dly)
    rt_put_prio                              0x00006375   Thumb Code    54  rt_list.o(i.rt_put_prio)
    rt_put_rdy_first                         0x000063ad   Thumb Code    14  rt_list.o(i.rt_put_rdy_first)
    rt_resort_prio                           0x000063c1   Thumb Code    46  rt_list.o(i.rt_resort_prio)
    rt_ret_val                               0x000063f5   Thumb Code     6  hal_cm.o(i.rt_ret_val)
    rt_ret_val2                              0x000063fb   Thumb Code     8  hal_cm.o(i.rt_ret_val2)
    rt_rmv_dly                               0x00006403   Thumb Code    40  rt_list.o(i.rt_rmv_dly)
    rt_rmv_list                              0x0000642d   Thumb Code    44  rt_list.o(i.rt_rmv_list)
    rt_sem_psh                               0x0000645d   Thumb Code    48  rt_semaphore.o(i.rt_sem_psh)
    rt_stk_check                             0x00006491   Thumb Code    28  rt_system.o(i.rt_stk_check)
    rt_switch_req                            0x000064b5   Thumb Code    30  rt_task.o(i.rt_switch_req)
    rt_sys_init                              0x000064dd   Thumb Code   138  rt_task.o(i.rt_sys_init)
    rt_sys_start                             0x000065a9   Thumb Code   110  rt_task.o(i.rt_sys_start)
    rt_systick                               0x00006621   Thumb Code    50  rt_system.o(i.rt_systick)
    rt_tsk_create                            0x000066a9   Thumb Code   118  rt_task.o(i.rt_tsk_create)
    rt_tsk_delete                            0x00006731   Thumb Code   352  rt_task.o(i.rt_tsk_delete)
    rt_tsk_prio                              0x000068ad   Thumb Code   108  rt_task.o(i.rt_tsk_prio)
    rt_tsk_self                              0x00006929   Thumb Code    12  rt_task.o(i.rt_tsk_self)
    simple_input                             0x00006939   Thumb Code    32  main.o(i.simple_input)
    sinf                                     0x00006961   Thumb Code   338  sinf.o(i.sinf)
    sqrtf                                    0x00006b61   Thumb Code    44  sqrtf.o(i.sqrtf)
    svcKernelInitialize                      0x00006b8d   Thumb Code    80  rt_cmsis.o(i.svcKernelInitialize)
    svcKernelStart                           0x00006bfd   Thumb Code    62  rt_cmsis.o(i.svcKernelStart)
    svcMessageCreate                         0x00006c45   Thumb Code    36  rt_cmsis.o(i.svcMessageCreate)
    svcMessageGet                            0x00006c69   Thumb Code    58  rt_cmsis.o(i.svcMessageGet)
    svcThreadCreate                          0x00006ca5   Thumb Code    96  rt_cmsis.o(i.svcThreadCreate)
    svcThreadGetId                           0x00006d11   Thumb Code    22  rt_cmsis.o(i.svcThreadGetId)
    svcThreadSetPriority                     0x00006d2d   Thumb Code    46  rt_cmsis.o(i.svcThreadSetPriority)
    svcThreadTerminate                       0x00006d5d   Thumb Code    50  rt_cmsis.o(i.svcThreadTerminate)
    svcTimerCall                             0x00006d95   Thumb Code    24  rt_cmsis.o(i.svcTimerCall)
    sysTimerTick                             0x00006dad   Thumb Code    84  rt_cmsis.o(i.sysTimerTick)
    transition_screen                        0x00006e09   Thumb Code   670  glcd_spi_lpc1700.o(i.transition_screen)
    __aeabi_fadd                             0x00007139   Thumb Code     0  faddsub_clz.o(x$fpl$fadd)
    _fadd                                    0x00007139   Thumb Code   196  faddsub_clz.o(x$fpl$fadd)
    __fpl_fcheck_NaN1                        0x000071fd   Thumb Code     6  fcheck1.o(x$fpl$fcheck1)
    __fpl_fcmp_Inf                           0x00007209   Thumb Code    24  fcmpi.o(x$fpl$fcmpinf)
    __aeabi_fdiv                             0x00007221   Thumb Code     0  fdiv.o(x$fpl$fdiv)
    _fdiv                                    0x00007221   Thumb Code   384  fdiv.o(x$fpl$fdiv)
    __aeabi_f2iz                             0x000073a5   Thumb Code     0  ffix.o(x$fpl$ffix)
    _ffix                                    0x000073a5   Thumb Code    54  ffix.o(x$fpl$ffix)
    __aeabi_i2f                              0x000073dd   Thumb Code     0  fflt_clz.o(x$fpl$fflt)
    _fflt                                    0x000073dd   Thumb Code    48  fflt_clz.o(x$fpl$fflt)
    __aeabi_ui2f                             0x0000740d   Thumb Code     0  fflt_clz.o(x$fpl$ffltu)
    _ffltu                                   0x0000740d   Thumb Code    38  fflt_clz.o(x$fpl$ffltu)
    __aeabi_cfcmple                          0x00007435   Thumb Code     0  fleqf.o(x$fpl$fleqf)
    _fcmple                                  0x00007435   Thumb Code   104  fleqf.o(x$fpl$fleqf)
    __fpl_fcmple_InfNaN                      0x00007487   Thumb Code     0  fleqf.o(x$fpl$fleqf)
    __aeabi_fmul                             0x0000749d   Thumb Code     0  fmul.o(x$fpl$fmul)
    _fmul                                    0x0000749d   Thumb Code   258  fmul.o(x$fpl$fmul)
    __fpl_fnaninf                            0x0000759f   Thumb Code   140  fnaninf.o(x$fpl$fnaninf)
    __fpl_fretinf                            0x0000762b   Thumb Code    10  fretinf.o(x$fpl$fretinf)
    __aeabi_cfrcmple                         0x00007635   Thumb Code     0  frleqf.o(x$fpl$frleqf)
    _frcmple                                 0x00007635   Thumb Code    98  frleqf.o(x$fpl$frleqf)
    _frnd                                    0x00007699   Thumb Code    96  frnd.o(x$fpl$frnd)
    __aeabi_frsub                            0x000076f9   Thumb Code     0  faddsub_clz.o(x$fpl$frsb)
    _frsb                                    0x000076f9   Thumb Code    20  faddsub_clz.o(x$fpl$frsb)
    _fsqrt                                   0x0000770d   Thumb Code   272  fsqrt.o(x$fpl$fsqrt)
    __aeabi_fsub                             0x0000781d   Thumb Code     0  faddsub_clz.o(x$fpl$fsub)
    _fsub                                    0x0000781d   Thumb Code   234  faddsub_clz.o(x$fpl$fsub)
    __fpl_return_NaN                         0x00007907   Thumb Code   100  retnan.o(x$fpl$retnan)
    __ARM_scalbnf                            0x0000796b   Thumb Code    76  scalbnf.o(x$fpl$scalbnf)
    __fpl_cmpreturn                          0x000079b7   Thumb Code    48  trapv.o(x$fpl$trapveneer)
    __I$use$fp                               0x000079e6   Number         0  usenofp.o(x$fpl$usenofp)
    Font_6x8_h                               0x0004b30a   Data         896  glcd_spi_lpc1700.o(.constdata)
    Font_16x24_h                             0x0004b68a   Data        5376  glcd_spi_lpc1700.o(.constdata)
    USB_DeviceDescriptor                     0x0004cb8a   Data          18  usbdesc.o(.constdata)
    USB_ConfigDescriptor                     0x0004cb9c   Data         110  usbdesc.o(.constdata)
    USB_StringDescriptor                     0x0004cc0a   Data         100  usbdesc.o(.constdata)
    DDAdr                                    0x0004cc70   Data           8  usbhw.o(.constdata)
    DDSz                                     0x0004cc78   Data           8  usbhw.o(.constdata)
    USB_P_EP                                 0x0004cc80   Data          64  usbuser.o(.constdata)
    MAINMENU_BG_pixel_data                   0x0004ccc0   Data       153601  darkerbg.o(.constdata)
    GALLERY_ICON_pixel_data                  0x000724c1   Data        8193  gallery.o(.constdata)
    GAME_ICON_pixel_data                     0x000744c2   Data        8193  gameicon.o(.constdata)
    MUSIC_ICON_pixel_data                    0x000764c3   Data        8193  musical-note.o(.constdata)
    os_maxtaskrun                            0x000784c4   Data           2  rtx_conf_cm.o(.constdata)
    os_stackinfo                             0x000784c8   Data           4  rtx_conf_cm.o(.constdata)
    os_trv                                   0x000784cc   Data           4  rtx_conf_cm.o(.constdata)
    os_flags                                 0x000784d0   Data           1  rtx_conf_cm.o(.constdata)
    CMSIS_RTOS_API_Version                   0x000784d4   Data           4  rtx_conf_cm.o(.constdata)
    CMSIS_RTOS_RTX_Version                   0x000784d8   Data           4  rtx_conf_cm.o(.constdata)
    os_clockrate                             0x000784dc   Data           4  rtx_conf_cm.o(.constdata)
    os_timernum                              0x000784e0   Data           4  rtx_conf_cm.o(.constdata)
    mp_tcb_size                              0x000784e4   Data           2  rtx_conf_cm.o(.constdata)
    mp_stk_size                              0x000784e8   Data           4  rtx_conf_cm.o(.constdata)
    os_stack_sz                              0x000784ec   Data           4  rtx_conf_cm.o(.constdata)
    os_fifo_size                             0x000784f0   Data           1  rtx_conf_cm.o(.constdata)
    os_thread_def_osTimerThread              0x000784f4   Data          16  rtx_conf_cm.o(.constdata)
    os_messageQ_def_osTimerMessageQ          0x00078504   Data           8  rtx_conf_cm.o(.constdata)
    mp_tmr_size                              0x0007850c   Data           2  rtx_conf_cm.o(.constdata)
    os_thread_def_main                       0x00078510   Data          16  rtx_conf_cm.o(.constdata)
    Region$$Table$$Base                      0x00078540   Number         0  anon$$obj.o(Region$$Table)
    Region$$Table$$Limit                     0x00078570   Number         0  anon$$obj.o(Region$$Table)
    currentImage                             0x10000000   Data           4  main.o(.data)
    prevImage                                0x10000004   Data           4  main.o(.data)
    curr_state                               0x10000008   Data           4  main.o(.data)
    prev_state                               0x1000000c   Data           4  main.o(.data)
    GameTimerThread_ID                       0x10000014   Data           4  main.o(.data)
    t_main_ID                                0x10000018   Data           4  main.o(.data)
    tickCount                                0x10000020   Data           8  main.o(.data)
    ticks                                    0x10000028   Data           8  main.o(.data)
    gallery                                  0x10000030   Data          16  main.o(.data)
    menu_select                              0x10000048   Data           4  mainmenu.o(.data)
    needs_update                             0x1000004c   Data           4  mainmenu.o(.data)
    VolCur                                   0x10000050   Data           2  adcuser.o(.data)
    USB_DeviceAddress                        0x10000054   Data           1  usbcore.o(.data)
    USB_Configuration                        0x10000055   Data           1  usbcore.o(.data)
    USB_NumInterfaces                        0x10000056   Data           1  usbcore.o(.data)
    USB_DeviceStatus                         0x10000058   Data           2  usbcore.o(.data)
    USB_EndPointMask                         0x1000005c   Data           4  usbcore.o(.data)
    USB_EndPointHalt                         0x10000060   Data           4  usbcore.o(.data)
    USB_EndPointStall                        0x10000064   Data           4  usbcore.o(.data)
    USB_AltSetting                           0x10000068   Data           4  usbcore.o(.data)
    EP0Data                                  0x1000006c   Data           8  usbcore.o(.data)
    SetupPacket                              0x10000074   Data           8  usbcore.o(.data)
    Mute                                     0x1000007c   Data           1  usbdmain.o(.data)
    DataRun                                  0x1000007d   Data           1  usbdmain.o(.data)
    DataOut                                  0x1000007e   Data           2  usbdmain.o(.data)
    DataIn                                   0x10000080   Data           2  usbdmain.o(.data)
    PotVal                                   0x10000082   Data           2  usbdmain.o(.data)
    started                                  0x10000084   Data           4  usbdmain.o(.data)
    DataBuf                                  0x10000088   Data           4  usbdmain.o(.data)
    Volume                                   0x1000008c   Data           4  usbdmain.o(.data)
    VUM                                      0x10000090   Data           4  usbdmain.o(.data)
    Tick                                     0x10000094   Data           4  usbdmain.o(.data)
    InfoBuf                                  0x10000098   Data           4  usbdmain.o(.data)
    DDMemMap                                 0x1000009c   Data           8  usbhw.o(.data)
    PROJECTILE_RADIUS                        0x100000a4   Data           1  gamescript.o(.data)
    ENEMY_RADIUS                             0x100000a5   Data           1  gamescript.o(.data)
    MAX_DIFFICULTY                           0x100000a6   Data           2  gamescript.o(.data)
    closest_enemy                            0x100000b0   Data           4  gamescript.o(.data)
    closest_enemy_distance                   0x100000b4   Data           4  gamescript.o(.data)
    game_time                                0x100000b8   Data           4  gamescript.o(.data)
    enemy_spawn_rate                         0x100000bc   Data           4  gamescript.o(.data)
    last_enemy_spawn                         0x100000c0   Data           4  gamescript.o(.data)
    last_coin_spawn                          0x100000c4   Data           4  gamescript.o(.data)
    difficulty_multiplier                    0x100000c8   Data           4  gamescript.o(.data)
    last_upgrade_spawn                       0x100000cc   Data           4  gamescript.o(.data)
    timerCounter                             0x100000d0   Data           4  gamescript.o(.data)
    PROJECTILE_SPEED                         0x100000d4   Data           4  gamescript.o(.data)
    PROJECTILE_LIFETIME                      0x100000d8   Data           4  gamescript.o(.data)
    FIRE_RATE                                0x100000dc   Data           4  gamescript.o(.data)
    countIDLE                                0x100000e8   Data           4  rtx_conf_cm.o(.data)
    m_tmr                                    0x100000f0   Data           4  rtx_conf_cm.o(.data)
    osThreadId_osTimerThread                 0x100000f4   Data           4  rtx_conf_cm.o(.data)
    osMessageQId_osTimerMessageQ             0x100000f8   Data           4  rtx_conf_cm.o(.data)
    SystemCoreClock                          0x100000fc   Data           4  system_lpc17xx.o(.data)
    SystemFrequency                          0x10000100   Data           4  system_lpc17xx.o(.data)
    os_initialized                           0x10000104   Data           1  rt_cmsis.o(.data)
    os_running                               0x10000105   Data           1  rt_cmsis.o(.data)
    os_timer_head                            0x10000108   Data           4  rt_cmsis.o(.data)
    os_tsk                                   0x1000010c   Data           8  rt_task.o(.data)
    os_tick_irqn                             0x10000118   Data           4  rt_system.o(.data)
    os_time                                  0x1000011c   Data           4  rt_time.o(.data)
    dbg_msg                                  0x10000120   Data           1  hal_cm.o(.data)
    buf                                      0x10000124   Data          20  main.o(.bss)
    States                                   0x10000138   Data          64  main.o(.bss)
    EP0Buf                                   0x10000178   Data          64  usbcore.o(.bss)
    udca                                     0x100001b8   Data         128  usbhw.o(.bss)
    player                                   0x10000258   Data          36  gamescript.o(.bss)
    enemies                                  0x1000027c   Data         768  gamescript.o(.bss)
    projectiles                              0x1000057c   Data         512  gamescript.o(.bss)
    upgrades                                 0x1000077c   Data         120  gamescript.o(.bss)
    coins                                    0x100007f4   Data         240  gamescript.o(.bss)
    score_str                                0x100008e4   Data          20  gamescript.o(.bss)
    os_messageQ_q_osTimerMessageQ            0x100008f8   Data          32  rtx_conf_cm.o(.bss)
    mp_tcb                                   0x10000918   Data         376  rtx_conf_cm.o(.bss)
    mp_stk                                   0x10000a90   Data        3088  rtx_conf_cm.o(.bss)
    os_stack_mem                             0x100016a0   Data         744  rtx_conf_cm.o(.bss)
    os_fifo                                  0x10001988   Data         132  rtx_conf_cm.o(.bss)
    os_active_TCB                            0x10001a0c   Data          28  rtx_conf_cm.o(.bss)
    os_idle_TCB                              0x10001d48   Data          52  rt_task.o(.bss)
    os_rdy                                   0x10001d7c   Data          24  rt_list.o(.bss)
    os_dly                                   0x10001d94   Data          24  rt_list.o(.bss)
    __libspace_start                         0x10001dac   Data          96  libspace.o(.bss)
    __temporary_stack_top$libspace           0x10001e0c   Data           0  libspace.o(.bss)
    _random_number_data                      0x10001e0c   Data         228  rand.o(.bss)
    UDCA                                     0x20080000   Data         128  usbhw.o(USB_RAM)


