Component: ARM Compiler 5.06 update 7 (build 960) Tool: armlink [4d3601]

==============================================================================

Section Cross References

    main.o(i.Gallery_Input) refers to main.o(.data) for .data
    main.o(i.Gallery_Start) refers to glcd_spi_lpc1700.o(i.GLCD_Clear) for GLCD_Clear
    main.o(i.Gallery_Start) refers to glcd_spi_lpc1700.o(i.GLCD_SetBackColor) for GLCD_SetBackColor
    main.o(i.Gallery_Start) refers to glcd_spi_lpc1700.o(i.GLCD_SetTextColor) for GLCD_SetTextColor
    main.o(i.Gallery_Start) refers to glcd_spi_lpc1700.o(i.GLCD_DisplayStringCutout) for GLCD_DisplayStringCutout
    main.o(i.Gallery_Update) refers to glcd_spi_lpc1700.o(i.GLCD_Clear) for GLCD_Clear
    main.o(i.Gallery_Update) refers to glcd_spi_lpc1700.o(i.GLCD_Bitmap) for GLCD_Bitmap
    main.o(i.Gallery_Update) refers to main.o(.data) for .data
    main.o(i.GameTimer_handler) refers to gamescript.o(i.Game_Script_TimerTick) for Game_Script_TimerTick
    main.o(i.Game_Start) refers to glcd_spi_lpc1700.o(i.GLCD_Clear) for GLCD_Clear
    main.o(i.Game_Start) refers to glcd_spi_lpc1700.o(i.GLCD_SetBackColor) for GLCD_SetBackColor
    main.o(i.Game_Start) refers to glcd_spi_lpc1700.o(i.GLCD_SetTextColor) for GLCD_SetTextColor
    main.o(i.Game_Start) refers to glcd_spi_lpc1700.o(i.GLCD_DisplayStringCutout) for GLCD_DisplayStringCutout
    main.o(i.Game_Start) refers to gamescript.o(i.Game_Script_Init) for Game_Script_Init
    main.o(i.Game_Update) refers to gamescript.o(i.Game_Script_Update) for Game_Script_Update
    main.o(i.MP3_Player_Exit) refers to usbdmain.o(.data) for Mute
    main.o(i.MP3_Player_Start) refers to glcd_spi_lpc1700.o(i.GLCD_Clear) for GLCD_Clear
    main.o(i.MP3_Player_Start) refers to glcd_spi_lpc1700.o(i.GLCD_SetBackColor) for GLCD_SetBackColor
    main.o(i.MP3_Player_Start) refers to glcd_spi_lpc1700.o(i.GLCD_SetTextColor) for GLCD_SetTextColor
    main.o(i.MP3_Player_Start) refers to glcd_spi_lpc1700.o(i.GLCD_DisplayStringCutout) for GLCD_DisplayStringCutout
    main.o(i.MP3_Player_Start) refers to usbdmain.o(.data) for Mute
    main.o(i.MainMenu_Input) refers to mainmenu.o(i.MainMenuScript_Input) for MainMenuScript_Input
    main.o(i.MainMenu_Input) refers to mainmenu.o(.data) for menu_select
    main.o(i.MainMenu_Input) refers to main.o(.data) for .data
    main.o(i.UpdateLoopThread) refers to kbd.o(i.get_button) for get_button
    main.o(i.UpdateLoopThread) refers to rt_cmsis.o(i.osKernelSysTick) for osKernelSysTick
    main.o(i.UpdateLoopThread) refers to main.o(.data) for .data
    main.o(i.UpdateLoopThread) refers to main.o(.bss) for .bss
    main.o(i.game_input) refers to gamescript.o(i.Game_Script_Input) for Game_Script_Input
    main.o(i.main) refers to rt_cmsis.o(i.osTimerCreate) for osTimerCreate
    main.o(i.main) refers to system_lpc17xx.o(i.SystemInit) for SystemInit
    main.o(i.main) refers to kbd.o(i.KBD_Init) for KBD_Init
    main.o(i.main) refers to usbdmain.o(i.USBAudio_Init) for USBAudio_Init
    main.o(i.main) refers to glcd_spi_lpc1700.o(i.GLCD_Init) for GLCD_Init
    main.o(i.main) refers to glcd_spi_lpc1700.o(i.GLCD_Clear) for GLCD_Clear
    main.o(i.main) refers to glcd_spi_lpc1700.o(i.GLCD_SetBackColor) for GLCD_SetBackColor
    main.o(i.main) refers to glcd_spi_lpc1700.o(i.GLCD_SetTextColor) for GLCD_SetTextColor
    main.o(i.main) refers to glcd_spi_lpc1700.o(i.GLCD_DisplayStringCutout) for GLCD_DisplayStringCutout
    main.o(i.main) refers to rt_cmsis.o(i.osKernelInitialize) for osKernelInitialize
    main.o(i.main) refers to rt_cmsis.o(i.osThreadGetId) for osThreadGetId
    main.o(i.main) refers to rt_cmsis.o(i.osThreadSetPriority) for osThreadSetPriority
    main.o(i.main) refers to rt_cmsis.o(i.osTimerStart) for osTimerStart
    main.o(i.main) refers to rt_cmsis.o(i.osKernelStart) for osKernelStart
    main.o(i.main) refers to kbd.o(i.get_button) for get_button
    main.o(i.main) refers to rt_cmsis.o(i.osKernelSysTick) for osKernelSysTick
    main.o(i.main) refers to main.o(.constdata) for .constdata
    main.o(i.main) refers to usbdmain.o(.data) for Mute
    main.o(i.main) refers to mainmenu.o(i.MainMenu_Init) for MainMenu_Init
    main.o(i.main) refers to main.o(.bss) for .bss
    main.o(i.main) refers to mainmenu.o(i.MainMenu_Update) for MainMenu_Update
    main.o(i.main) refers to main.o(i.MainMenu_Input) for MainMenu_Input
    main.o(i.main) refers to main.o(i.Gallery_Start) for Gallery_Start
    main.o(i.main) refers to main.o(i.Gallery_Update) for Gallery_Update
    main.o(i.main) refers to main.o(i.Gallery_Input) for Gallery_Input
    main.o(i.main) refers to main.o(i.MP3_Player_Start) for MP3_Player_Start
    main.o(i.main) refers to main.o(i.MP3_Player_Update) for MP3_Player_Update
    main.o(i.main) refers to main.o(i.simple_input) for simple_input
    main.o(i.main) refers to main.o(i.MP3_Player_Exit) for MP3_Player_Exit
    main.o(i.main) refers to main.o(i.Game_Start) for Game_Start
[...]
    i.osThreadExit                           0x000037e8   Section        0  rt_cmsis.o(i.osThreadExit)
    i.osThreadGetId                          0x00003800   Section        0  rt_cmsis.o(i.osThreadGetId)
    i.osThreadSetPriority                    0x00003818   Section        0  rt_cmsis.o(i.osThreadSetPriority)
    i.osTimerCall                            0x00003830   Section        0  rt_cmsis.o(i.osTimerCall)
    i.osTimerCreate                          0x0000383c   Section        0  rt_cmsis.o(i.osTimerCreate)
    i.osTimerStart                           0x00003868   Section        0  rt_cmsis.o(i.osTimerStart)
    i.osTimerThread                          0x00003880   Section        0  rt_cmsis.o(i.osTimerThread)
    i.os_error                               0x000038ac   Section        0  rtx_conf_cm.o(i.os_error)
    i.os_idle_demon                          0x000038b0   Section        0  rtx_conf_cm.o(i.os_idle_demon)
    i.os_tick_init                           0x000038c0   Section        0  rt_system.o(i.os_tick_init)
    i.os_tick_irqack                         0x000038e8   Section        0  rt_system.o(i.os_tick_irqack)
    i.os_tick_ovf                            0x000038ec   Section        0  rt_system.o(i.os_tick_ovf)
    i.os_tick_val                            0x000038fc   Section        0  rt_system.o(i.os_tick_val)
    i.rd_dat                                 0x00003910   Section        0  glcd_spi_lpc1700.o(i.rd_dat)
    rd_dat                                   0x00003911   Thumb Code    84  glcd_spi_lpc1700.o(i.rd_dat)
    i.rt_alloc_box                           0x0000396c   Section        0  rt_membox.o(i.rt_alloc_box)
    i.rt_alloc_mem                           0x00003986   Section        0  rt_memory.o(i.rt_alloc_mem)
    i.rt_block                               0x000039c4   Section        0  rt_task.o(i.rt_block)
    i.rt_chk_robin                           0x000039fc   Section        0  rt_robin.o(i.rt_chk_robin)
    i.rt_dec_dly                             0x00003a44   Section        0  rt_list.o(i.rt_dec_dly)
    i.rt_dispatch                            0x00003ab4   Section        0  rt_task.o(i.rt_dispatch)
    i.rt_evt_psh                             0x00003af8   Section        0  rt_event.o(i.rt_evt_psh)
    i.rt_free_box                            0x00003b48   Section        0  rt_membox.o(i.rt_free_box)
    i.rt_free_mem                            0x00003b74   Section        0  rt_memory.o(i.rt_free_mem)
    i.rt_get_first                           0x00003b9c   Section        0  rt_list.o(i.rt_get_first)
    i.rt_id2obj                              0x00003bc4   Section        0  rt_cmsis.o(i.rt_id2obj)
    rt_id2obj                                0x00003bc5   Thumb Code     8  rt_cmsis.o(i.rt_id2obj)
    i.rt_init_context                        0x00003bcc   Section        0  rt_task.o(i.rt_init_context)
    rt_init_context                          0x00003bcd   Thumb Code    66  rt_task.o(i.rt_init_context)
    i.rt_init_mem                            0x00003c14   Section        0  rt_memory.o(i.rt_init_mem)
    i.rt_init_robin                          0x00003c30   Section        0  rt_robin.o(i.rt_init_robin)
    i.rt_init_stack                          0x00003c48   Section        0  hal_cm.o(i.rt_init_stack)
    i.rt_mbx_check                           0x00003cc8   Section        0  rt_mailbox.o(i.rt_mbx_check)
    i.rt_mbx_init                            0x00003cd0   Section        0  rt_mailbox.o(i.rt_mbx_init)
    i.rt_mbx_psh                             0x00003cec   Section        0  rt_mailbox.o(i.rt_mbx_psh)
    i.rt_mbx_wait                            0x00003ddc   Section        0  rt_mailbox.o(i.rt_mbx_wait)
    i.rt_ms2tick                             0x00003e90   Section        0  rt_cmsis.o(i.rt_ms2tick)
    rt_ms2tick                               0x00003e91   Thumb Code    58  rt_cmsis.o(i.rt_ms2tick)
    i.rt_mut_release                         0x00003ed4   Section        0  rt_mutex.o(i.rt_mut_release)
    i.rt_mut_wait                            0x00003fac   Section        0  rt_mutex.o(i.rt_mut_wait)
    i.rt_pop_req                             0x00004024   Section        0  rt_system.o(i.rt_pop_req)
    i.rt_psh_req                             0x000040a0   Section        0  rt_system.o(i.rt_psh_req)
    i.rt_psq_enq                             0x000040c0   Section        0  rt_list.o(i.rt_psq_enq)
    i.rt_put_dly                             0x0000411c   Section        0  rt_list.o(i.rt_put_dly)
    i.rt_put_prio                            0x00004164   Section        0  rt_list.o(i.rt_put_prio)
    i.rt_put_rdy_first                       0x0000419c   Section        0  rt_list.o(i.rt_put_rdy_first)
    i.rt_resort_prio                         0x000041b0   Section        0  rt_list.o(i.rt_resort_prio)
    i.rt_ret_val                             0x000041e4   Section        0  hal_cm.o(i.rt_ret_val)
    i.rt_ret_val2                            0x000041ea   Section        0  hal_cm.o(i.rt_ret_val2)
    i.rt_rmv_dly                             0x000041f2   Section        0  rt_list.o(i.rt_rmv_dly)
    i.rt_rmv_list                            0x0000421c   Section        0  rt_list.o(i.rt_rmv_list)
    i.rt_sem_psh                             0x0000424c   Section        0  rt_semaphore.o(i.rt_sem_psh)
    i.rt_stk_check                           0x00004280   Section        0  rt_system.o(i.rt_stk_check)
    i.rt_switch_req                          0x000042a4   Section        0  rt_task.o(i.rt_switch_req)
    i.rt_sys_init                            0x000042cc   Section        0  rt_task.o(i.rt_sys_init)
    i.rt_sys_start                           0x00004398   Section        0  rt_task.o(i.rt_sys_start)
    i.rt_systick                             0x00004410   Section        0  rt_system.o(i.rt_systick)
    i.rt_tid2ptcb                            0x00004450   Section        0  rt_cmsis.o(i.rt_tid2ptcb)
    rt_tid2ptcb                              0x00004451   Thumb Code    18  rt_cmsis.o(i.rt_tid2ptcb)
    i.rt_timer_insert                        0x00004464   Section        0  rt_cmsis.o(i.rt_timer_insert)
    rt_timer_insert                          0x00004465   Thumb Code    48  rt_cmsis.o(i.rt_timer_insert)
    i.rt_timer_remove                        0x00004498   Section        0  rt_cmsis.o(i.rt_timer_remove)
    rt_timer_remove                          0x00004499   Thumb Code    56  rt_cmsis.o(i.rt_timer_remove)
    i.rt_tsk_create                          0x000044d4   Section        0  rt_task.o(i.rt_tsk_create)
    i.rt_tsk_delete                          0x0000455c   Section        0  rt_task.o(i.rt_tsk_delete)
    i.rt_tsk_prio                            0x000046d8   Section        0  rt_task.o(i.rt_tsk_prio)
    i.rt_tsk_self                            0x00004754   Section        0  rt_task.o(i.rt_tsk_self)
    i.simple_input                           0x00004764   Section        0  main.o(i.simple_input)
    i.spi_tran_man                           0x00004778   Section        0  glcd_spi_lpc1700.o(i.spi_tran_man)
    spi_tran_man                             0x00004779   Thumb Code   112  glcd_spi_lpc1700.o(i.spi_tran_man)
    i.svcKernelInitialize                    0x000047f0   Section        0  rt_cmsis.o(i.svcKernelInitialize)
    i.svcKernelStart                         0x00004860   Section        0  rt_cmsis.o(i.svcKernelStart)
    i.svcKernelSysTick                       0x000048a8   Section        0  rt_cmsis.o(i.svcKernelSysTick)
    i.svcMessageCreate                       0x000048e0   Section        0  rt_cmsis.o(i.svcMessageCreate)
    i.svcMessageGet                          0x00004904   Section        0  rt_cmsis.o(i.svcMessageGet)
    i.svcThreadCreate                        0x00004940   Section        0  rt_cmsis.o(i.svcThreadCreate)
    i.svcThreadGetId                         0x000049ac   Section        0  rt_cmsis.o(i.svcThreadGetId)
    i.svcThreadSetPriority                   0x000049c8   Section        0  rt_cmsis.o(i.svcThreadSetPriority)
    i.svcThreadTerminate                     0x000049f8   Section        0  rt_cmsis.o(i.svcThreadTerminate)
    i.svcTimerCall                           0x00004a30   Section        0  rt_cmsis.o(i.svcTimerCall)
    i.svcTimerCreate                         0x00004a48   Section        0  rt_cmsis.o(i.svcTimerCreate)
    i.svcTimerStart                          0x00004a80   Section        0  rt_cmsis.o(i.svcTimerStart)
    i.sysTimerTick                           0x00004ae4   Section        0  rt_cmsis.o(i.sysTimerTick)
    i.wr_cmd                                 0x00004b40   Section        0  glcd_spi_lpc1700.o(i.wr_cmd)
    wr_cmd                                   0x00004b41   Thumb Code    58  glcd_spi_lpc1700.o(i.wr_cmd)
    i.wr_dat                                 0x00004b84   Section        0  glcd_spi_lpc1700.o(i.wr_dat)
    wr_dat                                   0x00004b85   Thumb Code    60  glcd_spi_lpc1700.o(i.wr_dat)
    x$fpl$fadd                               0x00004bc8   Section      196  faddsub_clz.o(x$fpl$fadd)
    _fadd1                                   0x00004bd7   Thumb Code     0  faddsub_clz.o(x$fpl$fadd)
    x$fpl$ffix                               0x00004c8c   Section       54  ffix.o(x$fpl$ffix)
    x$fpl$fflt                               0x00004cc4   Section       48  fflt_clz.o(x$fpl$fflt)
    x$fpl$fnaninf                            0x00004cf4   Section      140  fnaninf.o(x$fpl$fnaninf)
    x$fpl$fretinf                            0x00004d80   Section       10  fretinf.o(x$fpl$fretinf)
    x$fpl$fsub                               0x00004d8c   Section      234  faddsub_clz.o(x$fpl$fsub)
    _fsub1                                   0x00004d9b   Thumb Code     0  faddsub_clz.o(x$fpl$fsub)
    .constdata                               0x00004e76   Section    112001  main.o(.constdata)
    x$fpl$usenofp                            0x00004e76   Section        0  usenofp.o(x$fpl$usenofp)
    COLORFUL_BG_pixel_data                   0x00004e76   Data       112001  main.o(.constdata)
    .constdata                               0x000203f7   Section    26401  main.o(.constdata)
    SWORD_pixel_data                         0x000203f7   Data       26401  main.o(.constdata)
    .constdata                               0x00026b18   Section    10369  main.o(.constdata)
    BLUEFLOWER_pixel_data                    0x00026b18   Data       10369  main.o(.constdata)
    .constdata                               0x0002939c   Section        8  main.o(.constdata)
    .constdata                               0x000293a4   Section     6272  glcd_spi_lpc1700.o(.constdata)
    .constdata                               0x0002ac24   Section    178180  mainmenu.o(.constdata)
    MAINMENU_BG_pixel_data                   0x0002ac24   Data       153601  mainmenu.o(.constdata)
    GAME_ICON_pixel_data                     0x00050425   Data        8193  mainmenu.o(.constdata)
    GALLERY_ICON_pixel_data                  0x00052426   Data        8193  mainmenu.o(.constdata)
    MUSIC_ICON_pixel_data                    0x00054427   Data        8193  mainmenu.o(.constdata)
    .constdata                               0x00056428   Section       18  usbdesc.o(.constdata)
    .constdata                               0x0005643a   Section      110  usbdesc.o(.constdata)
    .constdata                               0x000564a8   Section      100  usbdesc.o(.constdata)
    .constdata                               0x0005650c   Section       16  usbhw.o(.constdata)
    .constdata                               0x0005651c   Section       64  usbuser.o(.constdata)
    .constdata                               0x0005655c   Section        2  rtx_conf_cm.o(.constdata)
    .constdata                               0x00056560   Section        4  rtx_conf_cm.o(.constdata)
    .constdata                               0x00056564   Section        4  rtx_conf_cm.o(.constdata)
    .constdata                               0x00056568   Section        4  rtx_conf_cm.o(.constdata)
    .constdata                               0x0005656c   Section        1  rtx_conf_cm.o(.constdata)
    .constdata                               0x00056570   Section       16  rtx_conf_cm.o(.constdata)
    __tagsym$$used                           0x00056570   Number         0  rtx_conf_cm.o(.constdata)
    __tagsym$$used                           0x00056574   Number         0  rtx_conf_cm.o(.constdata)
    __tagsym$$used                           0x00056578   Number         0  rtx_conf_cm.o(.constdata)
    __tagsym$$used                           0x0005657c   Number         0  rtx_conf_cm.o(.constdata)
    .constdata                               0x00056580   Section        2  rtx_conf_cm.o(.constdata)
    .constdata                               0x00056584   Section        4  rtx_conf_cm.o(.constdata)
    .constdata                               0x00056588   Section        4  rtx_conf_cm.o(.constdata)
    .constdata                               0x0005658c   Section        1  rtx_conf_cm.o(.constdata)
    .constdata                               0x00056590   Section       16  rtx_conf_cm.o(.constdata)
    .constdata                               0x000565a0   Section        8  rtx_conf_cm.o(.constdata)
    .constdata                               0x000565a8   Section        2  rtx_conf_cm.o(.constdata)
    .constdata                               0x000565ac   Section       16  rtx_conf_cm.o(.constdata)
    .data                                    0x10000000   Section       32  main.o(.data)
    .data                                    0x10000020   Section        6  glcd_spi_lpc1700.o(.data)
    Himax                                    0x10000020   Data           1  glcd_spi_lpc1700.o(.data)
    Color                                    0x10000022   Data           4  glcd_spi_lpc1700.o(.data)
    .data                                    0x10000028   Section        8  mainmenu.o(.data)
    .data                                    0x10000030   Section        2  adcuser.o(.data)
    .data                                    0x10000034   Section       40  usbcore.o(.data)
    .data                                    0x1000005c   Section        4  usbdmain.o(.data)
    .data                                    0x10000060   Section       24  usbdmain.o(.data)
    .data                                    0x10000078   Section        8  usbhw.o(.data)
    .data                                    0x10000080   Section       16  gamescript.o(.data)
    .data                                    0x10000090   Section        8  rtx_conf_cm.o(.data)
    nr_mutex                                 0x10000094   Data           4  rtx_conf_cm.o(.data)
    .data                                    0x10000098   Section        4  rtx_conf_cm.o(.data)
    .data                                    0x1000009c   Section        4  rtx_conf_cm.o(.data)
    .data                                    0x100000a0   Section        4  rtx_conf_cm.o(.data)
    .data                                    0x100000a4   Section        8  system_lpc17xx.o(.data)
    .data                                    0x100000ac   Section        8  rt_cmsis.o(.data)
    .data                                    0x100000b4   Section        8  rt_task.o(.data)
    .data                                    0x100000bc   Section        8  rt_system.o(.data)
    os_lock                                  0x100000bc   Data           1  rt_system.o(.data)
    os_psh_flag                              0x100000bd   Data           1  rt_system.o(.data)
    pend_flags                               0x100000be   Data           1  rt_system.o(.data)
    .data                                    0x100000c4   Section        4  rt_time.o(.data)
    .data                                    0x100000c8   Section        8  rt_robin.o(.data)
    .data                                    0x100000d0   Section        1  hal_cm.o(.data)
    .bss                                     0x100000d4   Section       64  main.o(.bss)
    .bss                                     0x10000114   Section       24  main.o(.bss)
    .bss                                     0x1000012c   Section       64  usbcore.o(.bss)
    .bss                                     0x1000016c   Section      128  usbhw.o(.bss)
    .bss                                     0x100001ec   Section     1468  gamescript.o(.bss)
    .bss                                     0x100007a8   Section       32  rtx_conf_cm.o(.bss)
    .bss                                     0x100007c8   Section      376  rtx_conf_cm.o(.bss)
    .bss                                     0x10000940   Section     3088  rtx_conf_cm.o(.bss)
    .bss                                     0x10001550   Section      432  rtx_conf_cm.o(.bss)
    .bss                                     0x10001700   Section      132  rtx_conf_cm.o(.bss)
    .bss                                     0x10001784   Section       28  rtx_conf_cm.o(.bss)
    .bss                                     0x100017a0   Section       52  rt_task.o(.bss)
    .bss                                     0x100017d4   Section       48  rt_list.o(.bss)
    .bss                                     0x10001804   Section       96  libspace.o(.bss)
    .bss                                     0x10001864   Section      228  rand.o(.bss)
    HEAP                                     0x10001948   Section        0  startup_lpc17xx.o(HEAP)
    STACK                                    0x10001948   Section      512  startup_lpc17xx.o(STACK)
    Heap_Mem                                 0x10001948   Data           0  startup_lpc17xx.o(HEAP)
    Stack_Mem                                0x10001948   Data         512  startup_lpc17xx.o(STACK)
    __initial_sp                             0x10001b48   Data           0  startup_lpc17xx.o(STACK)
    USB_RAM                                  0x20080000   Section      128  usbhw.o(USB_RAM)

    Global Symbols

    Symbol Name                              Value     Ov Type        Size  Object(Section)

    BuildAttributes$$THM_ISAv4$P$D$K$B$S$PE$A:L22UL41UL21$X:L11$S22US41US21$IEEE1$IW$USESV6$~STKCKD$USESV7$~SHL$OTIME$ROPI$EBA8$UX$STANDARDLIB$REQ8$PRES8$EABIv2 0x00000000   Number         0  anon$$obj.o ABSOLUTE
    __ARM_use_no_argv                        0x00000000   Number         0  main.o ABSOLUTE
    __Vectors                                0x00000000   Data           4  startup_lpc17xx.o(RESET)
    __ARM_exceptions_init                     - Undefined Weak Reference
    __alloca_initialize                       - Undefined Weak Reference
    __arm_fini_                               - Undefined Weak Reference
    __arm_preinit_                            - Undefined Weak Reference
    __cpp_initialize__aeabi_                  - Undefined Weak Reference
    __cxa_finalize                            - Undefined Weak Reference
    __rt_locale                               - Undefined Weak Reference
    __sigvec_lookup                           - Undefined Weak Reference
    _atexit_init                              - Undefined Weak Reference
    _call_atexit_fns                          - Undefined Weak Reference
    _clock_init                               - Undefined Weak Reference
    _fp_trap_init                             - Undefined Weak Reference
    _fp_trap_shutdown                         - Undefined Weak Reference
    _get_lc_collate                           - Undefined Weak Reference
    _get_lc_ctype                             - Undefined Weak Reference
    _get_lc_monetary                          - Undefined Weak Reference
    _get_lc_numeric                           - Undefined Weak Reference
    _get_lc_time                              - Undefined Weak Reference
    _getenv_init                              - Undefined Weak Reference
    _handle_redirection                       - Undefined Weak Reference
    _init_alloc                               - Undefined Weak Reference
    _init_user_alloc                          - Undefined Weak Reference
    _initio                                   - Undefined Weak Reference
    _signal_finish                            - Undefined Weak Reference
    _signal_init                              - Undefined Weak Reference
    _terminate_alloc                          - Undefined Weak Reference
    _terminate_user_alloc                     - Undefined Weak Reference
    _terminateio                              - Undefined Weak Reference
    __main                                   0x000000cd   Thumb Code     8  __main.o(!!!main)
    __scatterload                            0x000000d5   Thumb Code     0  __scatter.o(!!!scatter)
    __scatterload_rt2                        0x000000d5   Thumb Code    44  __scatter.o(!!!scatter)
    __scatterload_rt2_thumb_only             0x000000d5   Thumb Code     0  __scatter.o(!!!scatter)
    __scatterload_null                       0x000000e3   Thumb Code     0  __scatter.o(!!!scatter)
    __scatterload_copy                       0x00000109   Thumb Code    26  __scatter_copy.o(!!handler_copy)
    __scatterload_zeroinit                   0x00000125   Thumb Code    28  __scatter_zi.o(!!handler_zi)
    __rt_lib_init                            0x00000141   Thumb Code     0  libinit.o(.ARM.Collect$$libinit$$00000000)
    __rt_lib_init_fp_1                       0x00000143   Thumb Code     0  libinit2.o(.ARM.Collect$$libinit$$00000002)
    __rt_lib_init_heap_1                     0x00000143   Thumb Code     0  libinit2.o(.ARM.Collect$$libinit$$0000000A)
    __rt_lib_init_preinit_1                  0x00000143   Thumb Code     0  libinit2.o(.ARM.Collect$$libinit$$00000004)
    __rt_lib_init_rand_2                     0x00000143   Thumb Code     0  libinit2.o(.ARM.Collect$$libinit$$0000000D)
    __rt_lib_init_user_alloc_1               0x00000143   Thumb Code     0  libinit2.o(.ARM.Collect$$libinit$$0000000C)
    __rt_lib_init_alloca_1                   0x00000147   Thumb Code     0  libinit2.o(.ARM.Collect$$libinit$$0000002E)
    __rt_lib_init_argv_1                     0x00000147   Thumb Code     0  libinit2.o(.ARM.Collect$$libinit$$0000002C)
    __rt_lib_init_atexit_1                   0x00000147   Thumb Code     0  libinit2.o(.ARM.Collect$$libinit$$0000001B)
    __rt_lib_init_clock_1                    0x00000147   Thumb Code     0  libinit2.o(.ARM.Collect$$libinit$$00000021)
    __rt_lib_init_cpp_1                      0x00000147   Thumb Code     0  libinit2.o(.ARM.Collect$$libinit$$00000032)
    __rt_lib_init_exceptions_1               0x00000147   Thumb Code     0  libinit2.o(.ARM.Collect$$libinit$$00000030)
    __rt_lib_init_fp_trap_1                  0x00000147   Thumb Code     0  libinit2.o(.ARM.Collect$$libinit$$0000001F)
    __rt_lib_init_getenv_1                   0x00000147   Thumb Code     0  libinit2.o(.ARM.Collect$$libinit$$00000023)
    __rt_lib_init_lc_collate_1               0x00000147   Thumb Code     0  libinit2.o(.ARM.Collect$$libinit$$00000011)
    __rt_lib_init_lc_ctype_1                 0x00000147   Thumb Code     0  libinit2.o(.ARM.Collect$$libinit$$00000013)
    __rt_lib_init_lc_monetary_1              0x00000147   Thumb Code     0  libinit2.o(.ARM.Collect$$libinit$$00000015)
    __rt_lib_init_lc_numeric_1               0x00000147   Thumb Code     0  libinit2.o(.ARM.Collect$$libinit$$00000017)
    __rt_lib_init_lc_time_1                  0x00000147   Thumb Code     0  libinit2.o(.ARM.Collect$$libinit$$00000019)
    __rt_lib_init_rand_1                     0x00000147   Thumb Code     0  libinit2.o(.ARM.Collect$$libinit$$0000000E)
    __rt_lib_init_return                     0x00000147   Thumb Code     0  libinit2.o(.ARM.Collect$$libinit$$00000033)
    __rt_lib_init_signal_1                   0x00000147   Thumb Code     0  libinit2.o(.ARM.Collect$$libinit$$0000001D)
    __rt_lib_init_stdio_1                    0x00000147   Thumb Code     0  libinit2.o(.ARM.Collect$$libinit$$00000025)
    __rt_lib_shutdown                        0x00000149   Thumb Code     0  libshutdown.o(.ARM.Collect$$libshutdown$$00000000)
    __rt_lib_shutdown_cpp_1                  0x0000014b   Thumb Code     0  libshutdown2.o(.ARM.Collect$$libshutdown$$00000004)
    __rt_lib_shutdown_fini_1                 0x0000014b   Thumb Code     0  libshutdown2.o(.ARM.Collect$$libshutdown$$00000002)
    __rt_lib_shutdown_fp_trap_1              0x0000014b   Thumb Code     0  libshutdown2.o(.ARM.Collect$$libshutdown$$00000009)
    __rt_lib_shutdown_heap_1                 0x0000014b   Thumb Code     0  libshutdown2.o(.ARM.Collect$$libshutdown$$00000011)
    __rt_lib_shutdown_return                 0x0000014b   Thumb Code     0  libshutdown2.o(.ARM.Collect$$libshutdown$$00000012)
    __rt_lib_shutdown_signal_1               0x0000014b   Thumb Code     0  libshutdown2.o(.ARM.Collect$$libshutdown$$0000000C)
    __rt_lib_shutdown_stdio_1                0x0000014b   Thumb Code     0  libshutdown2.o(.ARM.Collect$$libshutdown$$00000006)
    __rt_lib_shutdown_user_alloc_1           0x0000014b   Thumb Code     0  libshutdown2.o(.ARM.Collect$$libshutdown$$0000000E)
    __rt_entry                               0x0000014d   Thumb Code     0  __rtentry.o(.ARM.Collect$$rtentry$$00000000)
    __rt_entry_presh_1                       0x0000014d   Thumb Code     0  __rtentry2.o(.ARM.Collect$$rtentry$$00000002)
    __rt_entry_sh                            0x0000014d   Thumb Code     0  __rtentry4.o(.ARM.Collect$$rtentry$$00000004)
    __rt_entry_li                            0x00000153   Thumb Code     0  __rtentry2.o(.ARM.Collect$$rtentry$$0000000A)
    __rt_entry_postsh_1                      0x00000153   Thumb Code     0  __rtentry2.o(.ARM.Collect$$rtentry$$00000009)
    __rt_entry_postli_1                      0x00000157   Thumb Code     0  __rtentry2.o(.ARM.Collect$$rtentry$$0000000B)
    __rt_entry_main                          0x0000015f   Thumb Code     0  __rtentry2.o(.ARM.Collect$$rtentry$$0000000D)
    __rt_exit                                0x00000167   Thumb Code     0  rtexit.o(.ARM.Collect$$rtexit$$00000000)
    __rt_exit_ls                             0x00000169   Thumb Code     0  rtexit2.o(.ARM.Collect$$rtexit$$00000003)
    __rt_exit_prels_1                        0x00000169   Thumb Code     0  rtexit2.o(.ARM.Collect$$rtexit$$00000002)
    __rt_exit_exit                           0x0000016d   Thumb Code     0  rtexit2.o(.ARM.Collect$$rtexit$$00000004)
    _platform_post_lib_init                  0x00000175   Thumb Code    24  rtx_conf_cm.o(.emb_text)
    rt_set_PSP                               0x00000191   Thumb Code     6  hal_cm3.o(.emb_text)
    rt_get_PSP                               0x00000197   Thumb Code     6  hal_cm3.o(.emb_text)
    os_set_env                               0x0000019d   Thumb Code    24  hal_cm3.o(.emb_text)
    _alloc_box                               0x000001b9   Thumb Code    28  hal_cm3.o(.emb_text)
    _free_box                                0x000001d9   Thumb Code    28  hal_cm3.o(.emb_text)
    SVC_Handler                              0x000001f9   Thumb Code   108  hal_cm3.o(.emb_text)
    PendSV_Handler                           0x00000271   Thumb Code    56  hal_cm3.o(.emb_text)
    SysTick_Handler                          0x000002ad   Thumb Code     8  hal_cm3.o(.emb_text)
    OS_Tick_Handler                          0x000002b5   Thumb Code    12  hal_cm3.o(.emb_text)
    rand                                     0x000002c1   Thumb Code    48  rand.o(.emb_text)
    __user_libspace                          0x000002f5   Thumb Code     8  libspace.o(.text)
    __user_perproc_libspace                  0x000002f5   Thumb Code     0  libspace.o(.text)
    Reset_Handler                            0x00000301   Thumb Code     8  startup_lpc17xx.o(.text)
    NMI_Handler                              0x00000309   Thumb Code     2  startup_lpc17xx.o(.text)
    HardFault_Handler                        0x0000030b   Thumb Code     2  startup_lpc17xx.o(.text)
    MemManage_Handler                        0x0000030d   Thumb Code     2  startup_lpc17xx.o(.text)
    BusFault_Handler                         0x0000030f   Thumb Code     2  startup_lpc17xx.o(.text)
    UsageFault_Handler                       0x00000311   Thumb Code     2  startup_lpc17xx.o(.text)
    DebugMon_Handler                         0x00000315   Thumb Code     2  startup_lpc17xx.o(.text)
    ADC_IRQHandler                           0x0000031b   Thumb Code     0  startup_lpc17xx.o(.text)
    BOD_IRQHandler                           0x0000031b   Thumb Code     0  startup_lpc17xx.o(.text)
    CANActivity_IRQHandler                   0x0000031b   Thumb Code     0  startup_lpc17xx.o(.text)
    CAN_IRQHandler                           0x0000031b   Thumb Code     0  startup_lpc17xx.o(.text)
    DMA_IRQHandler                           0x0000031b   Thumb Code     0  startup_lpc17xx.o(.text)
    EINT0_IRQHandler                         0x0000031b   Thumb Code     0  startup_lpc17xx.o(.text)
    EINT1_IRQHandler                         0x0000031b   Thumb Code     0  startup_lpc17xx.o(.text)
    EINT2_IRQHandler                         0x0000031b   Thumb Code     0  startup_lpc17xx.o(.text)
    EINT3_IRQHandler                         0x0000031b   Thumb Code     0  startup_lpc17xx.o(.text)
    ENET_IRQHandler                          0x0000031b   Thumb Code     0  startup_lpc17xx.o(.text)
    I2C0_IRQHandler                          0x0000031b   Thumb Code     0  startup_lpc17xx.o(.text)
    I2C1_IRQHandler                          0x0000031b   Thumb Code     0  startup_lpc17xx.o(.text)
    I2C2_IRQHandler                          0x0000031b   Thumb Code     0  startup_lpc17xx.o(.text)
    I2S_IRQHandler                           0x0000031b   Thumb Code     0  startup_lpc17xx.o(.text)
    MCPWM_IRQHandler                         0x0000031b   Thumb Code     0  startup_lpc17xx.o(.text)
    PLL0_IRQHandler                          0x0000031b   Thumb Code     0  startup_lpc17xx.o(.text)
    PLL1_IRQHandler                          0x0000031b   Thumb Code     0  startup_lpc17xx.o(.text)
    PWM1_IRQHandler                          0x0000031b   Thumb Code     0  startup_lpc17xx.o(.text)
    QEI_IRQHandler                           0x0000031b   Thumb Code     0  startup_lpc17xx.o(.text)
    RIT_IRQHandler                           0x0000031b   Thumb Code     0  startup_lpc17xx.o(.text)
    RTC_IRQHandler                           0x0000031b   Thumb Code     0  startup_lpc17xx.o(.text)
    SPI_IRQHandler                           0x0000031b   Thumb Code     0  startup_lpc17xx.o(.text)
    SSP0_IRQHandler                          0x0000031b   Thumb Code     0  startup_lpc17xx.o(.text)
    SSP1_IRQHandler                          0x0000031b   Thumb Code     0  startup_lpc17xx.o(.text)
    TIMER1_IRQHandler                        0x0000031b   Thumb Code     0  startup_lpc17xx.o(.text)
    TIMER2_IRQHandler                        0x0000031b   Thumb Code     0  startup_lpc17xx.o(.text)
    TIMER3_IRQHandler                        0x0000031b   Thumb Code     0  startup_lpc17xx.o(.text)
    UART0_IRQHandler                         0x0000031b   Thumb Code     0  startup_lpc17xx.o(.text)
    UART1_IRQHandler                         0x0000031b   Thumb Code     0  startup_lpc17xx.o(.text)
    UART2_IRQHandler                         0x0000031b   Thumb Code     0  startup_lpc17xx.o(.text)
    UART3_IRQHandler                         0x0000031b   Thumb Code     0  startup_lpc17xx.o(.text)
    USBActivity_IRQHandler                   0x0000031b   Thumb Code     0  startup_lpc17xx.o(.text)
    WDT_IRQHandler                           0x0000031b   Thumb Code     0  startup_lpc17xx.o(.text)
    __user_initial_stackheap                 0x0000031d   Thumb Code     0  startup_lpc17xx.o(.text)
    __aeabi_uldivmod                         0x0000033d   Thumb Code     0  lludivv7m.o(.text)
    _ll_udiv                                 0x0000033d   Thumb Code   238  lludivv7m.o(.text)
    srand                                    0x0000042d   Thumb Code    42  rand.o(.text)
    _rand_init                               0x00000457   Thumb Code     4  rand.o(.text)
    exit                                     0x00000469   Thumb Code    18  exit.o(.text)
    __aeabi_memclr4                          0x0000047b   Thumb Code     0  rt_memclr_w.o(.text)
    __aeabi_memclr8                          0x0000047b   Thumb Code     0  rt_memclr_w.o(.text)
    __rt_memclr_w                            0x0000047b   Thumb Code    78  rt_memclr_w.o(.text)
    _memset_w                                0x0000047f   Thumb Code     0  rt_memclr_w.o(.text)
    __RL_RTX_VER                             0x00000482   Number         0  rt_system.o ABSOLUTE
    __use_two_region_memory                  0x000004c9   Thumb Code     2  heapauxi.o(.text)
    __rt_heap_escrow$2region                 0x000004cb   Thumb Code     2  heapauxi.o(.text)
    __rt_heap_expand$2region                 0x000004cd   Thumb Code     2  heapauxi.o(.text)
    _sys_exit                                0x000004d1   Thumb Code     8  sys_exit.o(.text)
    __user_setup_stackheap                   0x000004dd   Thumb Code    74  sys_stackheap_outer.o(.text)
    __I$use$semihosting                      0x00000527   Thumb Code     0  use_no_semi.o(.text)
    __use_no_semihosting_swi                 0x00000527   Thumb Code     2  use_no_semi.o(.text)
    SVC_Count                                0x00000528   Data           4  svc_table.o(SVC_TABLE)
    __semihosting_library_function           0x00000529   Thumb Code     0  indicate_semi.o(.text)
    ADC_EP_GetRequest                        0x0000052d   Thumb Code     4  adcuser.o(i.ADC_EP_GetRequest)
    SVC_Table                                0x0000052c   Data           0  svc_table.o(SVC_TABLE)
    ADC_EP_SetRequest                        0x00000531   Thumb Code     4  adcuser.o(i.ADC_EP_SetRequest)
    ADC_IF_GetRequest                        0x00000535   Thumb Code   102  adcuser.o(i.ADC_IF_GetRequest)
    ADC_IF_SetRequest                        0x000005ad   Thumb Code    64  adcuser.o(i.ADC_IF_SetRequest)
    GLCD_Bitmap                              0x000005fd   Thumb Code   222  glcd_spi_lpc1700.o(i.GLCD_Bitmap)
    GLCD_Bitmap_Region                       0x000006e5   Thumb Code   336  glcd_spi_lpc1700.o(i.GLCD_Bitmap_Region)
    GLCD_Clear                               0x0000083d   Thumb Code    94  glcd_spi_lpc1700.o(i.GLCD_Clear)
    GLCD_DisplayString                       0x000008a5   Thumb Code   110  glcd_spi_lpc1700.o(i.GLCD_DisplayString)
    GLCD_DisplayStringCutout                 0x00000919   Thumb Code   124  glcd_spi_lpc1700.o(i.GLCD_DisplayStringCutout)
    GLCD_DrawBox                             0x00000999   Thumb Code   706  glcd_spi_lpc1700.o(i.GLCD_DrawBox)
    GLCD_DrawChar                            0x00000c65   Thumb Code   238  glcd_spi_lpc1700.o(i.GLCD_DrawChar)
    GLCD_DrawCharCutout                      0x00000d61   Thumb Code   238  glcd_spi_lpc1700.o(i.GLCD_DrawCharCutout)
    GLCD_DrawCircle                          0x00000e59   Thumb Code   294  glcd_spi_lpc1700.o(i.GLCD_DrawCircle)
    GLCD_DrawLine                            0x00000f7f   Thumb Code   152  glcd_spi_lpc1700.o(i.GLCD_DrawLine)
    GLCD_Init                                0x00001019   Thumb Code  2180  glcd_spi_lpc1700.o(i.GLCD_Init)
    GLCD_PutPixelc                           0x0000189d   Thumb Code   194  glcd_spi_lpc1700.o(i.GLCD_PutPixelc)
    GLCD_SetBackColor                        0x00001965   Thumb Code     6  glcd_spi_lpc1700.o(i.GLCD_SetBackColor)
    GLCD_SetTextColor                        0x00001971   Thumb Code     6  glcd_spi_lpc1700.o(i.GLCD_SetTextColor)
    GLCD_SetWindow                           0x0000197d   Thumb Code   242  glcd_spi_lpc1700.o(i.GLCD_SetWindow)
    Gallery_Input                            0x00001a75   Thumb Code    50  main.o(i.Gallery_Input)
    Gallery_Start                            0x00001aad   Thumb Code    56  main.o(i.Gallery_Start)
    Gallery_Update                           0x00001b15   Thumb Code    78  main.o(i.Gallery_Update)
    GameTimer_handler                        0x00001b6d   Thumb Code     4  main.o(i.GameTimer_handler)
    Game_Script_Init                         0x00001b71   Thumb Code   210  gamescript.o(i.Game_Script_Init)
    Game_Script_Input                        0x00001c61   Thumb Code   136  gamescript.o(i.Game_Script_Input)
    Game_Script_TimerTick                    0x00001ced   Thumb Code    16  gamescript.o(i.Game_Script_TimerTick)
    Game_Script_Update                       0x00001d01   Thumb Code   146  gamescript.o(i.Game_Script_Update)
    Game_Start                               0x00001d9d   Thumb Code    48  main.o(i.Game_Start)
    Game_Update                              0x00001e05   Thumb Code     4  main.o(i.Game_Update)
    KBD_Init                                 0x00001e09   Thumb Code    38  kbd.o(i.KBD_Init)
    MP3_Player_Exit                          0x00001e3d   Thumb Code     8  main.o(i.MP3_Player_Exit)
    MP3_Player_Start                         0x00001e49   Thumb Code    48  main.o(i.MP3_Player_Start)
    MP3_Player_Update                        0x00001e95   Thumb Code     2  main.o(i.MP3_Player_Update)
    MainMenuScript_Input                     0x00001e99   Thumb Code    46  mainmenu.o(i.MainMenuScript_Input)
    MainMenu_Init                            0x00001ecd   Thumb Code    70  mainmenu.o(i.MainMenu_Init)
    MainMenu_Input                           0x00001f25   Thumb Code    20  main.o(i.MainMenu_Input)
    MainMenu_Update                          0x00001f41   Thumb Code   194  mainmenu.o(i.MainMenu_Update)
    SpawnEnemy                               0x00002055   Thumb Code   252  gamescript.o(i.SpawnEnemy)
    SystemClockUpdate                        0x00002161   Thumb Code   248  system_lpc17xx.o(i.SystemClockUpdate)
    SystemInit                               0x00002269   Thumb Code   212  system_lpc17xx.o(i.SystemInit)
    TIMER0_IRQHandler                        0x00002349   Thumb Code   192  usbdmain.o(i.TIMER0_IRQHandler)
    USBAudio_Init                            0x00002419   Thumb Code   140  usbdmain.o(i.USBAudio_Init)
    USB_ClrStallEP                           0x000024bd   Thumb Code    26  usbhw.o(i.USB_ClrStallEP)
    USB_ConfigEP                             0x000024dd   Thumb Code    68  usbhw.o(i.USB_ConfigEP)
    USB_Configure                            0x00002525   Thumb Code    48  usbhw.o(i.USB_Configure)
    USB_Connect                              0x0000255d   Thumb Code    20  usbhw.o(i.USB_Connect)
    USB_DMA_BufAdr                           0x00002575   Thumb Code    30  usbhw.o(i.USB_DMA_BufAdr)
    USB_DMA_Enable                           0x00002599   Thumb Code    24  usbhw.o(i.USB_DMA_Enable)
    USB_DMA_Setup                            0x000025b5   Thumb Code   282  usbhw.o(i.USB_DMA_Setup)
    USB_DataInStage                          0x000026e1   Thumb Code    34  usbcore.o(i.USB_DataInStage)
    USB_DirCtrlEP                            0x00002709   Thumb Code     2  usbhw.o(i.USB_DirCtrlEP)
    USB_DisableEP                            0x0000270d   Thumb Code    24  usbhw.o(i.USB_DisableEP)
    USB_EnableEP                             0x0000272d   Thumb Code    26  usbhw.o(i.USB_EnableEP)
    USB_EndPoint0                            0x0000274d   Thumb Code  1724  usbcore.o(i.USB_EndPoint0)
    USB_EndPoint3                            0x00002e19   Thumb Code   122  usbuser.o(i.USB_EndPoint3)
    USB_IRQHandler                           0x00002ea9   Thumb Code   450  usbhw.o(i.USB_IRQHandler)
    USB_Init                                 0x0000307d   Thumb Code   128  usbhw.o(i.USB_Init)
    USB_ReadEP                               0x00003111   Thumb Code   176  usbhw.o(i.USB_ReadEP)
    USB_Reset                                0x000031c9   Thumb Code   130  usbhw.o(i.USB_Reset)
    USB_ResetCore                            0x00003261   Thumb Code    22  usbcore.o(i.USB_ResetCore)
    USB_ResetEP                              0x0000327d   Thumb Code    26  usbhw.o(i.USB_ResetEP)
    USB_Reset_Event                          0x0000329d   Thumb Code     4  usbuser.o(i.USB_Reset_Event)
    USB_SOF_Event                            0x000032a1   Thumb Code     2  usbuser.o(i.USB_SOF_Event)
    USB_SetAddress                           0x000032a5   Thumb Code    30  usbhw.o(i.USB_SetAddress)
    USB_SetStallEP                           0x000032cd   Thumb Code    24  usbhw.o(i.USB_SetStallEP)
    USB_WakeUpCfg                            0x000032ed   Thumb Code     2  usbhw.o(i.USB_WakeUpCfg)
    USB_WriteEP                              0x000032f1   Thumb Code   156  usbhw.o(i.USB_WriteEP)
    WrCmdDat                                 0x00003395   Thumb Code    44  usbhw.o(i.WrCmdDat)
    _init_box                                0x000033c5   Thumb Code    70  rt_membox.o(i._init_box)
    _mutex_acquire                           0x0000340d   Thumb Code    24  rtx_conf_cm.o(i._mutex_acquire)
    _mutex_release                           0x0000342d   Thumb Code    20  rtx_conf_cm.o(i._mutex_release)
    dbg_init                                 0x00003449   Thumb Code    34  hal_cm.o(i.dbg_init)
    dbg_task_notify                          0x00003479   Thumb Code    32  hal_cm.o(i.dbg_task_notify)
    dbg_task_switch                          0x00003499   Thumb Code    16  hal_cm.o(i.dbg_task_switch)
    game_input                               0x000034a9   Thumb Code     4  main.o(i.game_input)
    get_button                               0x000034ad   Thumb Code    16  kbd.o(i.get_button)
    isrMessageGet                            0x000034c1   Thumb Code    42  rt_cmsis.o(i.isrMessageGet)
    isrMessagePut                            0x000034eb   Thumb Code    44  rt_cmsis.o(i.isrMessagePut)
    isr_mbx_receive                          0x00003519   Thumb Code    86  rt_mailbox.o(i.isr_mbx_receive)
    isr_mbx_send                             0x0000356f   Thumb Code    14  rt_mailbox.o(i.isr_mbx_send)
    main                                     0x0000357d   Thumb Code   250  main.o(i.main)
    osKernelInitialize                       0x000036fd   Thumb Code    30  rt_cmsis.o(i.osKernelInitialize)
    osKernelStart                            0x00003721   Thumb Code    98  rt_cmsis.o(i.osKernelStart)
    osKernelSysTick                          0x0000378d   Thumb Code    18  rt_cmsis.o(i.osKernelSysTick)
    osMessageGet                             0x000037a5   Thumb Code    18  rt_cmsis.o(i.osMessageGet)
    osThreadCreate                           0x000037bd   Thumb Code    36  rt_cmsis.o(i.osThreadCreate)
    osThreadExit                             0x000037e9   Thumb Code    14  rt_cmsis.o(i.osThreadExit)
    osThreadGetId                            0x00003801   Thumb Code    18  rt_cmsis.o(i.osThreadGetId)
    osThreadSetPriority                      0x00003819   Thumb Code    18  rt_cmsis.o(i.osThreadSetPriority)
    osTimerCall                              0x00003831   Thumb Code     8  rt_cmsis.o(i.osTimerCall)
    osTimerCreate                            0x0000383d   Thumb Code    36  rt_cmsis.o(i.osTimerCreate)
    osTimerStart                             0x00003869   Thumb Code    18  rt_cmsis.o(i.osTimerStart)
    osTimerThread                            0x00003881   Thumb Code    38  rt_cmsis.o(i.osTimerThread)
    os_error                                 0x000038ad   Thumb Code     2  rtx_conf_cm.o(i.os_error)
    os_idle_demon                            0x000038b1   Thumb Code    10  rtx_conf_cm.o(i.os_idle_demon)
    os_tick_init                             0x000038c1   Thumb Code    32  rt_system.o(i.os_tick_init)
    os_tick_irqack                           0x000038e9   Thumb Code     2  rt_system.o(i.os_tick_irqack)
    os_tick_ovf                              0x000038ed   Thumb Code    10  rt_system.o(i.os_tick_ovf)
    os_tick_val                              0x000038fd   Thumb Code    14  rt_system.o(i.os_tick_val)
    rt_alloc_box                             0x0000396d   Thumb Code    26  rt_membox.o(i.rt_alloc_box)
    rt_alloc_mem                             0x00003987   Thumb Code    62  rt_memory.o(i.rt_alloc_mem)
    rt_block                                 0x000039c5   Thumb Code    48  rt_task.o(i.rt_block)
    rt_chk_robin                             0x000039fd   Thumb Code    60  rt_robin.o(i.rt_chk_robin)
    rt_dec_dly                               0x00003a45   Thumb Code   102  rt_list.o(i.rt_dec_dly)
    rt_dispatch                              0x00003ab5   Thumb Code    60  rt_task.o(i.rt_dispatch)
    rt_evt_psh                               0x00003af9   Thumb Code    76  rt_event.o(i.rt_evt_psh)
    rt_free_box                              0x00003b49   Thumb Code    44  rt_membox.o(i.rt_free_box)
    rt_free_mem                              0x00003b75   Thumb Code    40  rt_memory.o(i.rt_free_mem)
    rt_get_first                             0x00003b9d   Thumb Code    40  rt_list.o(i.rt_get_first)
    rt_init_mem                              0x00003c15   Thumb Code    26  rt_memory.o(i.rt_init_mem)
    rt_init_robin                            0x00003c31   Thumb Code    14  rt_robin.o(i.rt_init_robin)
    rt_init_stack                            0x00003c49   Thumb Code   118  hal_cm.o(i.rt_init_stack)
    rt_mbx_check                             0x00003cc9   Thumb Code     8  rt_mailbox.o(i.rt_mbx_check)
    rt_mbx_init                              0x00003cd1   Thumb Code    26  rt_mailbox.o(i.rt_mbx_init)
    rt_mbx_psh                               0x00003ced   Thumb Code   236  rt_mailbox.o(i.rt_mbx_psh)
    rt_mbx_wait                              0x00003ddd   Thumb Code   174  rt_mailbox.o(i.rt_mbx_wait)
    rt_mut_release                           0x00003ed5   Thumb Code   208  rt_mutex.o(i.rt_mut_release)
    rt_mut_wait                              0x00003fad   Thumb Code   114  rt_mutex.o(i.rt_mut_wait)
    rt_pop_req                               0x00004025   Thumb Code   112  rt_system.o(i.rt_pop_req)
    rt_psh_req                               0x000040a1   Thumb Code    22  rt_system.o(i.rt_psh_req)
    rt_psq_enq                               0x000040c1   Thumb Code    88  rt_list.o(i.rt_psq_enq)
    rt_put_dly                               0x0000411d   Thumb Code    68  rt_list.o(i.rt_put_dly)
    rt_put_prio                              0x00004165   Thumb Code    54  rt_list.o(i.rt_put_prio)
    rt_put_rdy_first                         0x0000419d   Thumb Code    14  rt_list.o(i.rt_put_rdy_first)
    rt_resort_prio                           0x000041b1   Thumb Code    46  rt_list.o(i.rt_resort_prio)
    rt_ret_val                               0x000041e5   Thumb Code     6  hal_cm.o(i.rt_ret_val)
    rt_ret_val2                              0x000041eb   Thumb Code     8  hal_cm.o(i.rt_ret_val2)
    rt_rmv_dly                               0x000041f3   Thumb Code    40  rt_list.o(i.rt_rmv_dly)
    rt_rmv_list                              0x0000421d   Thumb Code    44  rt_list.o(i.rt_rmv_list)
    rt_sem_psh                               0x0000424d   Thumb Code    48  rt_semaphore.o(i.rt_sem_psh)
    rt_stk_check                             0x00004281   Thumb Code    28  rt_system.o(i.rt_stk_check)
    rt_switch_req                            0x000042a5   Thumb Code    30  rt_task.o(i.rt_switch_req)
    rt_sys_init                              0x000042cd   Thumb Code   138  rt_task.o(i.rt_sys_init)
    rt_sys_start                             0x00004399   Thumb Code   110  rt_task.o(i.rt_sys_start)
    rt_systick                               0x00004411   Thumb Code    50  rt_system.o(i.rt_systick)
    rt_tsk_create                            0x000044d5   Thumb Code   118  rt_task.o(i.rt_tsk_create)
    rt_tsk_delete                            0x0000455d   Thumb Code   352  rt_task.o(i.rt_tsk_delete)
    rt_tsk_prio                              0x000046d9   Thumb Code   108  rt_task.o(i.rt_tsk_prio)
    rt_tsk_self                              0x00004755   Thumb Code    12  rt_task.o(i.rt_tsk_self)
    simple_input                             0x00004765   Thumb Code    14  main.o(i.simple_input)
    svcKernelInitialize                      0x000047f1   Thumb Code    80  rt_cmsis.o(i.svcKernelInitialize)
    svcKernelStart                           0x00004861   Thumb Code    62  rt_cmsis.o(i.svcKernelStart)
    svcKernelSysTick                         0x000048a9   Thumb Code    46  rt_cmsis.o(i.svcKernelSysTick)
    svcMessageCreate                         0x000048e1   Thumb Code    36  rt_cmsis.o(i.svcMessageCreate)
    svcMessageGet                            0x00004905   Thumb Code    58  rt_cmsis.o(i.svcMessageGet)
    svcThreadCreate                          0x00004941   Thumb Code    96  rt_cmsis.o(i.svcThreadCreate)
    svcThreadGetId                           0x000049ad   Thumb Code    22  rt_cmsis.o(i.svcThreadGetId)
    svcThreadSetPriority                     0x000049c9   Thumb Code    46  rt_cmsis.o(i.svcThreadSetPriority)
    svcThreadTerminate                       0x000049f9   Thumb Code    50  rt_cmsis.o(i.svcThreadTerminate)
    svcTimerCall                             0x00004a31   Thumb Code    24  rt_cmsis.o(i.svcTimerCall)
    svcTimerCreate                           0x00004a49   Thumb Code    52  rt_cmsis.o(i.svcTimerCreate)
    svcTimerStart                            0x00004a81   Thumb Code    96  rt_cmsis.o(i.svcTimerStart)
    sysTimerTick                             0x00004ae5   Thumb Code    84  rt_cmsis.o(i.sysTimerTick)
    __aeabi_fadd                             0x00004bc9   Thumb Code     0  faddsub_clz.o(x$fpl$fadd)
    _fadd                                    0x00004bc9   Thumb Code   196  faddsub_clz.o(x$fpl$fadd)
    __aeabi_f2iz                             0x00004c8d   Thumb Code     0  ffix.o(x$fpl$ffix)
    _ffix                                    0x00004c8d   Thumb Code    54  ffix.o(x$fpl$ffix)
    __aeabi_i2f                              0x00004cc5   Thumb Code     0  fflt_clz.o(x$fpl$fflt)
    _fflt                                    0x00004cc5   Thumb Code    48  fflt_clz.o(x$fpl$fflt)
    __fpl_fnaninf                            0x00004cf5   Thumb Code   140  fnaninf.o(x$fpl$fnaninf)
    __fpl_fretinf                            0x00004d81   Thumb Code    10  fretinf.o(x$fpl$fretinf)
    __aeabi_fsub                             0x00004d8d   Thumb Code     0  faddsub_clz.o(x$fpl$fsub)
    _fsub                                    0x00004d8d   Thumb Code   234  faddsub_clz.o(x$fpl$fsub)
    __I$use$fp                               0x00004e76   Number         0  usenofp.o(x$fpl$usenofp)
    os_timer_def_GameTimer_handle            0x0002939c   Data           8  main.o(.constdata)
    Font_6x8_h                               0x000293a4   Data         896  glcd_spi_lpc1700.o(.constdata)
    Font_16x24_h                             0x00029724   Data        5376  glcd_spi_lpc1700.o(.constdata)
    USB_DeviceDescriptor                     0x00056428   Data          18  usbdesc.o(.constdata)
    USB_ConfigDescriptor                     0x0005643a   Data         110  usbdesc.o(.constdata)
    USB_StringDescriptor                     0x000564a8   Data         100  usbdesc.o(.constdata)
    DDAdr                                    0x0005650c   Data           8  usbhw.o(.constdata)
    DDSz                                     0x00056514   Data           8  usbhw.o(.constdata)
    USB_P_EP                                 0x0005651c   Data          64  usbuser.o(.constdata)
    os_maxtaskrun                            0x0005655c   Data           2  rtx_conf_cm.o(.constdata)
    os_stackinfo                             0x00056560   Data           4  rtx_conf_cm.o(.constdata)
    os_rrobin                                0x00056564   Data           4  rtx_conf_cm.o(.constdata)
    os_trv                                   0x00056568   Data           4  rtx_conf_cm.o(.constdata)
    os_flags                                 0x0005656c   Data           1  rtx_conf_cm.o(.constdata)
    CMSIS_RTOS_API_Version                   0x00056570   Data           4  rtx_conf_cm.o(.constdata)
    CMSIS_RTOS_RTX_Version                   0x00056574   Data           4  rtx_conf_cm.o(.constdata)
    os_clockrate                             0x00056578   Data           4  rtx_conf_cm.o(.constdata)
    os_timernum                              0x0005657c   Data           4  rtx_conf_cm.o(.constdata)
    mp_tcb_size                              0x00056580   Data           2  rtx_conf_cm.o(.constdata)
    mp_stk_size                              0x00056584   Data           4  rtx_conf_cm.o(.constdata)
    os_stack_sz                              0x00056588   Data           4  rtx_conf_cm.o(.constdata)
    os_fifo_size                             0x0005658c   Data           1  rtx_conf_cm.o(.constdata)
    os_thread_def_osTimerThread              0x00056590   Data          16  rtx_conf_cm.o(.constdata)
    os_messageQ_def_osTimerMessageQ          0x000565a0   Data           8  rtx_conf_cm.o(.constdata)
    mp_tmr_size                              0x000565a8   Data           2  rtx_conf_cm.o(.constdata)
    os_thread_def_main                       0x000565ac   Data          16  rtx_conf_cm.o(.constdata)
    Region$$Table$$Base                      0x000565bc   Number         0  anon$$obj.o(Region$$Table)
    Region$$Table$$Limit                     0x000565ec   Number         0  anon$$obj.o(Region$$Table)
    currentImage                             0x10000000   Data           4  main.o(.data)
    prevImage                                0x10000004   Data           4  main.o(.data)
    curr_state                               0x10000008   Data           4  main.o(.data)
    prev_state                               0x1000000c   Data           4  main.o(.data)
    t_main_ID                                0x10000010   Data           4  main.o(.data)
    gallery                                  0x10000014   Data          12  main.o(.data)
    menu_select                              0x10000028   Data           4  mainmenu.o(.data)
    needs_update                             0x1000002c   Data           4  mainmenu.o(.data)
    VolCur                                   0x10000030   Data           2  adcuser.o(.data)
    USB_DeviceAddress                        0x10000034   Data           1  usbcore.o(.data)
    USB_Configuration                        0x10000035   Data           1  usbcore.o(.data)
    USB_NumInterfaces                        0x10000036   Data           1  usbcore.o(.data)
    USB_DeviceStatus                         0x10000038   Data           2  usbcore.o(.data)
    USB_EndPointMask                         0x1000003c   Data           4  usbcore.o(.data)
    USB_EndPointHalt                         0x10000040   Data           4  usbcore.o(.data)
    USB_EndPointStall                        0x10000044   Data           4  usbcore.o(.data)
    USB_AltSetting                           0x10000048   Data           4  usbcore.o(.data)
    EP0Data                                  0x1000004c   Data           8  usbcore.o(.data)
    SetupPacket                              0x10000054   Data           8  usbcore.o(.data)
    InfoBuf                                  0x1000005c   Data           4  usbdmain.o(.data)
    Mute                                     0x10000060   Data           1  usbdmain.o(.data)
    DataRun                                  0x10000061   Data           1  usbdmain.o(.data)
    DataOut                                  0x10000062   Data           2  usbdmain.o(.data)
    DataIn                                   0x10000064   Data           2  usbdmain.o(.data)
    PotVal                                   0x10000066   Data           2  usbdmain.o(.data)
    DataBuf                                  0x10000068   Data           4  usbdmain.o(.data)
    Volume                                   0x1000006c   Data           4  usbdmain.o(.data)
    VUM                                      0x10000070   Data           4  usbdmain.o(.data)
    Tick                                     0x10000074   Data           4  usbdmain.o(.data)
    DDMemMap                                 0x10000078   Data           8  usbhw.o(.data)
    game_time                                0x10000080   Data           4  gamescript.o(.data)
    enemy_spawn_rate                         0x10000084   Data           4  gamescript.o(.data)
    last_enemy_spawn                         0x10000088   Data           4  gamescript.o(.data)
    difficulty_multiplier                    0x1000008c   Data           4  gamescript.o(.data)
    countIDLE                                0x10000090   Data           4  rtx_conf_cm.o(.data)
    m_tmr                                    0x10000098   Data           4  rtx_conf_cm.o(.data)
    osThreadId_osTimerThread                 0x1000009c   Data           4  rtx_conf_cm.o(.data)
    osMessageQId_osTimerMessageQ             0x100000a0   Data           4  rtx_conf_cm.o(.data)
    SystemCoreClock                          0x100000a4   Data           4  system_lpc17xx.o(.data)
    SystemFrequency                          0x100000a8   Data           4  system_lpc17xx.o(.data)
    os_initialized                           0x100000ac   Data           1  rt_cmsis.o(.data)
    os_running                               0x100000ad   Data           1  rt_cmsis.o(.data)
    os_timer_head                            0x100000b0   Data           4  rt_cmsis.o(.data)
    os_tsk                                   0x100000b4   Data           8  rt_task.o(.data)
    os_tick_irqn                             0x100000c0   Data           4  rt_system.o(.data)
    os_time                                  0x100000c4   Data           4  rt_time.o(.data)
    os_robin                                 0x100000c8   Data           8  rt_robin.o(.data)
    dbg_msg                                  0x100000d0   Data           1  hal_cm.o(.data)
    States                                   0x100000d4   Data          64  main.o(.bss)
    os_timer_cb_GameTimer_handle             0x10000114   Data          24  main.o(.bss)
    EP0Buf                                   0x1000012c   Data          64  usbcore.o(.bss)
    udca                                     0x1000016c   Data         128  usbhw.o(.bss)
    player                                   0x100001ec   Data          28  gamescript.o(.bss)
    enemies                                  0x10000208   Data         800  gamescript.o(.bss)
    projectiles                              0x10000528   Data         400  gamescript.o(.bss)
    upgrades                                 0x100006b8   Data          80  gamescript.o(.bss)
    coins                                    0x10000708   Data         160  gamescript.o(.bss)
    os_messageQ_q_osTimerMessageQ            0x100007a8   Data          32  rtx_conf_cm.o(.bss)
    mp_tcb                                   0x100007c8   Data         376  rtx_conf_cm.o(.bss)
    mp_stk                                   0x10000940   Data        3088  rtx_conf_cm.o(.bss)
    os_stack_mem                             0x10001550   Data         432  rtx_conf_cm.o(.bss)
    os_fifo                                  0x10001700   Data         132  rtx_conf_cm.o(.bss)
    os_active_TCB                            0x10001784   Data          28  rtx_conf_cm.o(.bss)
    os_idle_TCB                              0x100017a0   Data          52  rt_task.o(.bss)
    os_rdy                                   0x100017d4   Data          24  rt_list.o(.bss)
    os_dly                                   0x100017ec   Data          24  rt_list.o(.bss)
    __libspace_start                         0x10001804   Data          96  libspace.o(.bss)
    __temporary_stack_top$libspace           0x10001864   Data           0  libspace.o(.bss)
    _random_number_data                      0x10001864   Data         228  rand.o(.bss)
    UDCA                                     0x20080000   Data         128  usbhw.o(USB_RAM)



==============================================================================

Memory Map of the image

  Image Entry point : 0x000000cd

  Load Region LR_IROM1 (Base: 0x00000000, Size: 0x000566c0, Max: 0x00080000, ABSOLUTE)

    Execution Region ER_IROM1 (Exec base: 0x00000000, Load base: 0x00000000, Size: 0x000565ec, Max: 0xffffffff, ABSOLUTE)

    Exec Addr    Load Addr    Size         Type   Attr      Idx    E Section Name        Object

    0x00000000   0x00000000   0x000000cc   Data   RO         1215    RESET               startup_lpc17xx.o
    0x000000cc   0x000000cc   0x00000008   Code   RO         2503  * !!!main             c_w.l(__main.o)
    0x000000d4   0x000000d4   0x00000034   Code   RO         2689    !!!scatter          c_w.l(__scatter.o)
    0x00000108   0x00000108   0x0000001a   Code   RO         2691    !!handler_copy      c_w.l(__scatter_copy.o)
    0x00000122   0x00000122   0x00000002   PAD
    0x00000124   0x00000124   0x0000001c   Code   RO         2693    !!handler_zi        c_w.l(__scatter_zi.o)
    0x00000140   0x00000140   0x00000002   Code   RO         2626    .ARM.Collect$$libinit$$00000000  c_w.l(libinit.o)
    0x00000142   0x00000142   0x00000000   Code   RO         2531    .ARM.Collect$$libinit$$00000002  c_w.l(libinit2.o)
    0x00000142   0x00000142   0x00000000   Code   RO         2533    .ARM.Collect$$libinit$$00000004  c_w.l(libinit2.o)
    0x00000142   0x00000142   0x00000000   Code   RO         2536    .ARM.Collect$$libinit$$0000000A  c_w.l(libinit2.o)
    0x00000142   0x00000142   0x00000000   Code   RO         2538    .ARM.Collect$$libinit$$0000000C  c_w.l(libinit2.o)
    0x00000142   0x00000142   0x00000004   Code   RO         2539    .ARM.Collect$$libinit$$0000000D  c_w.l(libinit2.o)
    0x00000146   0x00000146   0x00000000   Code   RO         2540    .ARM.Collect$$libinit$$0000000E  c_w.l(libinit2.o)
    0x00000146   0x00000146   0x00000000   Code   RO         2543    .ARM.Collect$$libinit$$00000011  c_w.l(libinit2.o)
    0x00000146   0x00000146   0x00000000   Code   RO         2545    .ARM.Collect$$libinit$$00000013  c_w.l(libinit2.o)
    0x00000146   0x00000146   0x00000000   Code   RO         2547    .ARM.Collect$$libinit$$00000015  c_w.l(libinit2.o)
    0x00000146   0x00000146   0x00000000   Code   RO         2549    .ARM.Collect$$libinit$$00000017  c_w.l(libinit2.o)
    0x00000146   0x00000146   0x00000000   Code   RO         2551    .ARM.Collect$$libinit$$00000019  c_w.l(libinit2.o)
    0x00000146   0x00000146   0x00000000   Code   RO         2553    .ARM.Collect$$libinit$$0000001B  c_w.l(libinit2.o)
    0x00000146   0x00000146   0x00000000   Code   RO         2555    .ARM.Collect$$libinit$$0000001D  c_w.l(libinit2.o)
    0x00000146   0x00000146   0x00000000   Code   RO         2557    .ARM.Collect$$libinit$$0000001F  c_w.l(libinit2.o)
    0x00000146   0x00000146   0x00000000   Code   RO         2559    .ARM.Collect$$libinit$$00000021  c_w.l(libinit2.o)
    0x00000146   0x00000146   0x00000000   Code   RO         2561    .ARM.Collect$$libinit$$00000023  c_w.l(libinit2.o)
    0x00000146   0x00000146   0x00000000   Code   RO         2563    .ARM.Collect$$libinit$$00000025  c_w.l(libinit2.o)
    0x00000146   0x00000146   0x00000000   Code   RO         2567    .ARM.Collect$$libinit$$0000002C  c_w.l(libinit2.o)
    0x00000146   0x00000146   0x00000000   Code   RO         2569    .ARM.Collect$$libinit$$0000002E  c_w.l(libinit2.o)
    0x00000146   0x00000146   0x00000000   Code   RO         2571    .ARM.Collect$$libinit$$00000030  c_w.l(libinit2.o)
    0x00000146   0x00000146   0x00000000   Code   RO         2573    .ARM.Collect$$libinit$$00000032  c_w.l(libinit2.o)
    0x00000146   0x00000146   0x00000002   Code   RO         2574    .ARM.Collect$$libinit$$00000033  c_w.l(libinit2.o)
    0x00000148   0x00000148   0x00000002   Code   RO         2627    .ARM.Collect$$libshutdown$$00000000  c_w.l(libshutdown.o)
    0x0000014a   0x0000014a   0x00000000   Code   RO         2646    .ARM.Collect$$libshutdown$$00000002  c_w.l(libshutdown2.o)
    0x0000014a   0x0000014a   0x00000000   Code   RO         2648    .ARM.Collect$$libshutdown$$00000004  c_w.l(libshutdown2.o)
    0x0000014a   0x0000014a   0x00000000   Code   RO         2650    .ARM.Collect$$libshutdown$$00000006  c_w.l(libshutdown2.o)
    0x0000014a   0x0000014a   0x00000000   Code   RO         2653    .ARM.Collect$$libshutdown$$00000009  c_w.l(libshutdown2.o)
    0x0000014a   0x0000014a   0x00000000   Code   RO         2656    .ARM.Collect$$libshutdown$$0000000C  c_w.l(libshutdown2.o)
    0x0000014a   0x0000014a   0x00000000   Code   RO         2658    .ARM.Collect$$libshutdown$$0000000E  c_w.l(libshutdown2.o)
    0x0000014a   0x0000014a   0x00000000   Code   RO         2661    .ARM.Collect$$libshutdown$$00000011  c_w.l(libshutdown2.o)
    0x0000014a   0x0000014a   0x00000002   Code   RO         2662    .ARM.Collect$$libshutdown$$00000012  c_w.l(libshutdown2.o)
    0x0000014c   0x0000014c   0x00000000   Code   RO         2521    .ARM.Collect$$rtentry$$00000000  c_w.l(__rtentry.o)
    0x0000014c   0x0000014c   0x00000000   Code   RO         2581    .ARM.Collect$$rtentry$$00000002  c_w.l(__rtentry2.o)
    0x0000014c   0x0000014c   0x00000006   Code   RO         2593    .ARM.Collect$$rtentry$$00000004  c_w.l(__rtentry4.o)
    0x00000152   0x00000152   0x00000000   Code   RO         2583    .ARM.Collect$$rtentry$$00000009  c_w.l(__rtentry2.o)
    0x00000152   0x00000152   0x00000004   Code   RO         2584    .ARM.Collect$$rtentry$$0000000A  c_w.l(__rtentry2.o)
    0x00000156   0x00000156   0x00000008   Code   RO         2585    .ARM.Collect$$rtentry$$0000000B  c_w.l(__rtentry2.o)
    0x0000015e   0x0000015e   0x00000008   Code   RO         2587    .ARM.Collect$$rtentry$$0000000D  c_w.l(__rtentry2.o)
    0x00000166   0x00000166   0x00000002   Code   RO         2522    .ARM.Collect$$rtexit$$00000000  c_w.l(rtexit.o)
    0x00000168   0x00000168   0x00000000   Code   RO         2596    .ARM.Collect$$rtexit$$00000002  c_w.l(rtexit2.o)
    0x00000168   0x00000168   0x00000004   Code   RO         2597    .ARM.Collect$$rtexit$$00000003  c_w.l(rtexit2.o)
    0x0000016c   0x0000016c   0x00000006   Code   RO         2598    .ARM.Collect$$rtexit$$00000004  c_w.l(rtexit2.o)
    0x00000172   0x00000172   0x00000002   PAD
    0x00000174   0x00000174   0x0000001c   Code   RO         1126    .emb_text           rtx_conf_cm.o
    0x00000190   0x00000190   0x00000130   Code   RO         2470    .emb_text           RTX_CM3.lib(hal_cm3.o)
    0x000002c0   0x000002c0   0x00000034   Code   RO         2490    .emb_text           c_w.l(rand.o)
    0x000002f4   0x000002f4   0x00000008   Code   RO         2485    .text               c_w.l(libspace.o)
    0x000002fc   0x000002fc   0x00000004   Code   RO         1216    .ARM.__at_0x02FC    startup_lpc17xx.o
    0x00000300   0x00000300   0x0000003c   Code   RO         1217    .text               startup_lpc17xx.o
    0x0000033c   0x0000033c   0x000000ee   Code   RO         2488    .text               c_w.l(lludivv7m.o)
    0x0000042a   0x0000042a   0x00000002   PAD
    0x0000042c   0x0000042c   0x0000003c   Code   RO         2491    .text               c_w.l(rand.o)
    0x00000468   0x00000468   0x00000012   Code   RO         2495    .text               c_w.l(exit.o)
    0x0000047a   0x0000047a   0x0000004e   Code   RO         2499    .text               c_w.l(rt_memclr_w.o)
    0x000004c8   0x000004c8   0x00000006   Code   RO         2501    .text               c_w.l(heapauxi.o)
    0x000004ce   0x000004ce   0x00000002   PAD
    0x000004d0   0x000004d0   0x0000000c   Code   RO         2608    .text               c_w.l(sys_exit.o)
    0x000004dc   0x000004dc   0x0000004a   Code   RO         2610    .text               c_w.l(sys_stackheap_outer.o)
    0x00000526   0x00000526   0x00000002   Code   RO         2630    .text               c_w.l(use_no_semi.o)
    0x00000528   0x00000528   0x00000000   Code   RO         2632    .text               c_w.l(indicate_semi.o)
    0x00000528   0x00000528   0x00000004   Code   RO         2480    SVC_TABLE           RTX_CM3.lib(svc_table.o)
    0x0000052c   0x0000052c   0x00000004   Code   RO          551    i.ADC_EP_GetRequest  adcuser.o
    0x00000530   0x00000530   0x00000004   Code   RO          552    i.ADC_EP_SetRequest  adcuser.o
    0x00000534   0x00000534   0x00000078   Code   RO          553    i.ADC_IF_GetRequest  adcuser.o
    0x000005ac   0x000005ac   0x00000050   Code   RO          554    i.ADC_IF_SetRequest  adcuser.o
    0x000005fc   0x000005fc   0x000000e8   Code   RO          200    i.GLCD_Bitmap       glcd_spi_lpc1700.o
    0x000006e4   0x000006e4   0x00000158   Code   RO          202    i.GLCD_Bitmap_Region  glcd_spi_lpc1700.o
    0x0000083c   0x0000083c   0x00000068   Code   RO          203    i.GLCD_Clear        glcd_spi_lpc1700.o
    0x000008a4   0x000008a4   0x00000074   Code   RO          207    i.GLCD_DisplayString  glcd_spi_lpc1700.o
    0x00000918   0x00000918   0x00000080   Code   RO          208    i.GLCD_DisplayStringCutout  glcd_spi_lpc1700.o
    0x00000998   0x00000998   0x000002cc   Code   RO          209    i.GLCD_DrawBox      glcd_spi_lpc1700.o
    0x00000c64   0x00000c64   0x000000fc   Code   RO          211    i.GLCD_DrawChar     glcd_spi_lpc1700.o
    0x00000d60   0x00000d60   0x000000f8   Code   RO          212    i.GLCD_DrawCharCutout  glcd_spi_lpc1700.o
    0x00000e58   0x00000e58   0x00000126   Code   RO          213    i.GLCD_DrawCircle   glcd_spi_lpc1700.o
    0x00000f7e   0x00000f7e   0x00000098   Code   RO          215    i.GLCD_DrawLine     glcd_spi_lpc1700.o
    0x00001016   0x00001016   0x00000002   PAD
    0x00001018   0x00001018   0x00000884   Code   RO          217    i.GLCD_Init         glcd_spi_lpc1700.o
    0x0000189c   0x0000189c   0x000000c8   Code   RO          219    i.GLCD_PutPixelc    glcd_spi_lpc1700.o
    0x00001964   0x00001964   0x0000000c   Code   RO          221    i.GLCD_SetBackColor  glcd_spi_lpc1700.o
    0x00001970   0x00001970   0x0000000c   Code   RO          222    i.GLCD_SetTextColor  glcd_spi_lpc1700.o
    0x0000197c   0x0000197c   0x000000f8   Code   RO          223    i.GLCD_SetWindow    glcd_spi_lpc1700.o
    0x00001a74   0x00001a74   0x00000038   Code   RO            4    i.Gallery_Input     main.o
    0x00001aac   0x00001aac   0x00000068   Code   RO            5    i.Gallery_Start     main.o
    0x00001b14   0x00001b14   0x00000058   Code   RO            6    i.Gallery_Update    main.o
    0x00001b6c   0x00001b6c   0x00000004   Code   RO            7    i.GameTimer_handler  main.o
    0x00001b70   0x00001b70   0x000000f0   Code   RO         1074    i.Game_Script_Init  gamescript.o
    0x00001c60   0x00001c60   0x0000008c   Code   RO         1075    i.Game_Script_Input  gamescript.o
    0x00001cec   0x00001cec   0x00000014   Code   RO         1076    i.Game_Script_TimerTick  gamescript.o
    0x00001d00   0x00001d00   0x0000009c   Code   RO         1077    i.Game_Script_Update  gamescript.o
    0x00001d9c   0x00001d9c   0x00000068   Code   RO            8    i.Game_Start        main.o
    0x00001e04   0x00001e04   0x00000004   Code   RO            9    i.Game_Update       main.o
    0x00001e08   0x00001e08   0x00000034   Code   RO          447    i.KBD_Init          kbd.o
    0x00001e3c   0x00001e3c   0x0000000c   Code   RO           10    i.MP3_Player_Exit   main.o
    0x00001e48   0x00001e48   0x0000004c   Code   RO           11    i.MP3_Player_Start  main.o
    0x00001e94   0x00001e94   0x00000002   Code   RO           12    i.MP3_Player_Update  main.o
    0x00001e96   0x00001e96   0x00000002   PAD
    0x00001e98   0x00001e98   0x00000034   Code   RO          496    i.MainMenuScript_Input  mainmenu.o
    0x00001ecc   0x00001ecc   0x00000058   Code   RO          497    i.MainMenu_Init     mainmenu.o
    0x00001f24   0x00001f24   0x0000001c   Code   RO           13    i.MainMenu_Input    main.o
    0x00001f40   0x00001f40   0x00000114   Code   RO          498    i.MainMenu_Update   mainmenu.o
    0x00002054   0x00002054   0x0000010c   Code   RO         1078    i.SpawnEnemy        gamescript.o
    0x00002160   0x00002160   0x00000108   Code   RO         1226    i.SystemClockUpdate  system_lpc17xx.o
    0x00002268   0x00002268   0x000000e0   Code   RO         1228    i.SystemInit        system_lpc17xx.o
    0x00002348   0x00002348   0x000000d0   Code   RO          710    i.TIMER0_IRQHandler  usbdmain.o
    0x00002418   0x00002418   0x000000a4   Code   RO          711    i.USBAudio_Init     usbdmain.o
    0x000024bc   0x000024bc   0x00000020   Code   RO          755    i.USB_ClrStallEP    usbhw.o
    0x000024dc   0x000024dc   0x00000048   Code   RO          756    i.USB_ConfigEP      usbhw.o
    0x00002524   0x00002524   0x00000038   Code   RO          757    i.USB_Configure     usbhw.o
    0x0000255c   0x0000255c   0x00000018   Code   RO          758    i.USB_Connect       usbhw.o
    0x00002574   0x00002574   0x00000024   Code   RO          759    i.USB_DMA_BufAdr    usbhw.o
    0x00002598   0x00002598   0x0000001c   Code   RO          762    i.USB_DMA_Enable    usbhw.o
    0x000025b4   0x000025b4   0x0000012c   Code   RO          763    i.USB_DMA_Setup     usbhw.o
    0x000026e0   0x000026e0   0x00000028   Code   RO          610    i.USB_DataInStage   usbcore.o
    0x00002708   0x00002708   0x00000002   Code   RO          765    i.USB_DirCtrlEP     usbhw.o
    0x0000270a   0x0000270a   0x00000002   PAD
    0x0000270c   0x0000270c   0x00000020   Code   RO          766    i.USB_DisableEP     usbhw.o
    0x0000272c   0x0000272c   0x00000020   Code   RO          767    i.USB_EnableEP      usbhw.o
    0x0000274c   0x0000274c   0x000006cc   Code   RO          612    i.USB_EndPoint0     usbcore.o
    0x00002e18   0x00002e18   0x00000090   Code   RO          961    i.USB_EndPoint3     usbuser.o
    0x00002ea8   0x00002ea8   0x000001d4   Code   RO          769    i.USB_IRQHandler    usbhw.o
    0x0000307c   0x0000307c   0x00000094   Code   RO          770    i.USB_Init          usbhw.o
    0x00003110   0x00003110   0x000000b8   Code   RO          771    i.USB_ReadEP        usbhw.o
    0x000031c8   0x000031c8   0x00000098   Code   RO          772    i.USB_Reset         usbhw.o
    0x00003260   0x00003260   0x0000001c   Code   RO          613    i.USB_ResetCore     usbcore.o
    0x0000327c   0x0000327c   0x00000020   Code   RO          773    i.USB_ResetEP       usbhw.o
    0x0000329c   0x0000329c   0x00000004   Code   RO          968    i.USB_Reset_Event   usbuser.o
    0x000032a0   0x000032a0   0x00000002   Code   RO          969    i.USB_SOF_Event     usbuser.o
    0x000032a2   0x000032a2   0x00000002   PAD
    0x000032a4   0x000032a4   0x00000028   Code   RO          775    i.USB_SetAddress    usbhw.o
    0x000032cc   0x000032cc   0x00000020   Code   RO          776    i.USB_SetStallEP    usbhw.o
    0x000032ec   0x000032ec   0x00000002   Code   RO          779    i.USB_WakeUpCfg     usbhw.o
    0x000032ee   0x000032ee   0x00000002   PAD
    0x000032f0   0x000032f0   0x000000a4   Code   RO          780    i.USB_WriteEP       usbhw.o
    0x00003394   0x00003394   0x00000030   Code   RO          782    i.WrCmdDat          usbhw.o
    0x000033c4   0x000033c4   0x00000046   Code   RO         2369    i._init_box         RTX_CM3.lib(rt_membox.o)
    0x0000340a   0x0000340a   0x00000002   PAD
    0x0000340c   0x0000340c   0x00000020   Code   RO         1128    i._mutex_acquire    rtx_conf_cm.o
    0x0000342c   0x0000342c   0x0000001c   Code   RO         1130    i._mutex_release    rtx_conf_cm.o
    0x00003448   0x00003448   0x00000030   Code   RO         2422    i.dbg_init          RTX_CM3.lib(hal_cm.o)
    0x00003478   0x00003478   0x00000020   Code   RO         2423    i.dbg_task_notify   RTX_CM3.lib(hal_cm.o)
    0x00003498   0x00003498   0x00000010   Code   RO         2424    i.dbg_task_switch   RTX_CM3.lib(hal_cm.o)
    0x000034a8   0x000034a8   0x00000004   Code   RO           15    i.game_input        main.o
    0x000034ac   0x000034ac   0x00000014   Code   RO          449    i.get_button        kbd.o
    0x000034c0   0x000034c0   0x0000002a   Code   RO         1275    i.isrMessageGet     RTX_CM3.lib(rt_cmsis.o)
    0x000034ea   0x000034ea   0x0000002c   Code   RO         1276    i.isrMessagePut     RTX_CM3.lib(rt_cmsis.o)
    0x00003516   0x00003516   0x00000002   PAD
    0x00003518   0x00003518   0x00000056   Code   RO         2224    i.isr_mbx_receive   RTX_CM3.lib(rt_mailbox.o)
    0x0000356e   0x0000356e   0x0000000e   Code   RO         2225    i.isr_mbx_send      RTX_CM3.lib(rt_mailbox.o)
    0x0000357c   0x0000357c   0x00000180   Code   RO           16    i.main              main.o
    0x000036fc   0x000036fc   0x00000024   Code   RO         1280    i.osKernelInitialize  RTX_CM3.lib(rt_cmsis.o)
    0x00003720   0x00003720   0x0000006c   Code   RO         1282    i.osKernelStart     RTX_CM3.lib(rt_cmsis.o)
    0x0000378c   0x0000378c   0x00000018   Code   RO         1283    i.osKernelSysTick   RTX_CM3.lib(rt_cmsis.o)
    0x000037a4   0x000037a4   0x00000018   Code   RO         1291    i.osMessageGet      RTX_CM3.lib(rt_cmsis.o)
    0x000037bc   0x000037bc   0x0000002c   Code   RO         1308    i.osThreadCreate    RTX_CM3.lib(rt_cmsis.o)
    0x000037e8   0x000037e8   0x00000018   Code   RO         1309    i.osThreadExit      RTX_CM3.lib(rt_cmsis.o)
    0x00003800   0x00003800   0x00000018   Code   RO         1310    i.osThreadGetId     RTX_CM3.lib(rt_cmsis.o)
    0x00003818   0x00003818   0x00000018   Code   RO         1312    i.osThreadSetPriority  RTX_CM3.lib(rt_cmsis.o)
    0x00003830   0x00003830   0x0000000c   Code   RO         1315    i.osTimerCall       RTX_CM3.lib(rt_cmsis.o)
    0x0000383c   0x0000383c   0x0000002c   Code   RO         1316    i.osTimerCreate     RTX_CM3.lib(rt_cmsis.o)
    0x00003868   0x00003868   0x00000018   Code   RO         1318    i.osTimerStart      RTX_CM3.lib(rt_cmsis.o)
    0x00003880   0x00003880   0x0000002c   Code   RO         1320    i.osTimerThread     RTX_CM3.lib(rt_cmsis.o)
    0x000038ac   0x000038ac   0x00000002   Code   RO         1131    i.os_error          rtx_conf_cm.o
    0x000038ae   0x000038ae   0x00000002   PAD
    0x000038b0   0x000038b0   0x00000010   Code   RO         1132    i.os_idle_demon     rtx_conf_cm.o
    0x000038c0   0x000038c0   0x00000028   Code   RO         2016    i.os_tick_init      RTX_CM3.lib(rt_system.o)
    0x000038e8   0x000038e8   0x00000002   Code   RO         2017    i.os_tick_irqack    RTX_CM3.lib(rt_system.o)
    0x000038ea   0x000038ea   0x00000002   PAD
    0x000038ec   0x000038ec   0x00000010   Code   RO         2018    i.os_tick_ovf       RTX_CM3.lib(rt_system.o)
    0x000038fc   0x000038fc   0x00000014   Code   RO         2019    i.os_tick_val       RTX_CM3.lib(rt_system.o)
    0x00003910   0x00003910   0x0000005c   Code   RO          230    i.rd_dat            glcd_spi_lpc1700.o
    0x0000396c   0x0000396c   0x0000001a   Code   RO         2370    i.rt_alloc_box      RTX_CM3.lib(rt_membox.o)
    0x00003986   0x00003986   0x0000003e   Code   RO         2398    i.rt_alloc_mem      RTX_CM3.lib(rt_memory.o)
    0x000039c4   0x000039c4   0x00000038   Code   RO         1897    i.rt_block          RTX_CM3.lib(rt_task.o)
    0x000039fc   0x000039fc   0x00000048   Code   RO         2347    i.rt_chk_robin      RTX_CM3.lib(rt_robin.o)
    0x00003a44   0x00003a44   0x00000070   Code   RO         2148    i.rt_dec_dly        RTX_CM3.lib(rt_list.o)
    0x00003ab4   0x00003ab4   0x00000044   Code   RO         1898    i.rt_dispatch       RTX_CM3.lib(rt_task.o)
    0x00003af8   0x00003af8   0x00000050   Code   RO         2109    i.rt_evt_psh        RTX_CM3.lib(rt_event.o)
    0x00003b48   0x00003b48   0x0000002c   Code   RO         2371    i.rt_free_box       RTX_CM3.lib(rt_membox.o)
    0x00003b74   0x00003b74   0x00000028   Code   RO         2399    i.rt_free_mem       RTX_CM3.lib(rt_memory.o)
    0x00003b9c   0x00003b9c   0x00000028   Code   RO         2149    i.rt_get_first      RTX_CM3.lib(rt_list.o)
    0x00003bc4   0x00003bc4   0x00000008   Code   RO         1325    i.rt_id2obj         RTX_CM3.lib(rt_cmsis.o)
    0x00003bcc   0x00003bcc   0x00000048   Code   RO         1899    i.rt_init_context   RTX_CM3.lib(rt_task.o)
    0x00003c14   0x00003c14   0x0000001a   Code   RO         2400    i.rt_init_mem       RTX_CM3.lib(rt_memory.o)
    0x00003c2e   0x00003c2e   0x00000002   PAD
    0x00003c30   0x00003c30   0x00000018   Code   RO         2348    i.rt_init_robin     RTX_CM3.lib(rt_robin.o)
    0x00003c48   0x00003c48   0x00000080   Code   RO         2425    i.rt_init_stack     RTX_CM3.lib(hal_cm.o)
    0x00003cc8   0x00003cc8   0x00000008   Code   RO         2226    i.rt_mbx_check      RTX_CM3.lib(rt_mailbox.o)
    0x00003cd0   0x00003cd0   0x0000001a   Code   RO         2227    i.rt_mbx_init       RTX_CM3.lib(rt_mailbox.o)
    0x00003cea   0x00003cea   0x00000002   PAD
    0x00003cec   0x00003cec   0x000000f0   Code   RO         2228    i.rt_mbx_psh        RTX_CM3.lib(rt_mailbox.o)
    0x00003ddc   0x00003ddc   0x000000b4   Code   RO         2230    i.rt_mbx_wait       RTX_CM3.lib(rt_mailbox.o)
    0x00003e90   0x00003e90   0x00000044   Code   RO         1326    i.rt_ms2tick        RTX_CM3.lib(rt_cmsis.o)
    0x00003ed4   0x00003ed4   0x000000d8   Code   RO         1983    i.rt_mut_release    RTX_CM3.lib(rt_mutex.o)
    0x00003fac   0x00003fac   0x00000078   Code   RO         1984    i.rt_mut_wait       RTX_CM3.lib(rt_mutex.o)
    0x00004024   0x00004024   0x0000007c   Code   RO         2020    i.rt_pop_req        RTX_CM3.lib(rt_system.o)
    0x000040a0   0x000040a0   0x00000020   Code   RO         2021    i.rt_psh_req        RTX_CM3.lib(rt_system.o)
    0x000040c0   0x000040c0   0x0000005c   Code   RO         2151    i.rt_psq_enq        RTX_CM3.lib(rt_list.o)
    0x0000411c   0x0000411c   0x00000048   Code   RO         2152    i.rt_put_dly        RTX_CM3.lib(rt_list.o)
    0x00004164   0x00004164   0x00000036   Code   RO         2153    i.rt_put_prio       RTX_CM3.lib(rt_list.o)
    0x0000419a   0x0000419a   0x00000002   PAD
    0x0000419c   0x0000419c   0x00000014   Code   RO         2154    i.rt_put_rdy_first  RTX_CM3.lib(rt_list.o)
    0x000041b0   0x000041b0   0x00000034   Code   RO         2155    i.rt_resort_prio    RTX_CM3.lib(rt_list.o)
    0x000041e4   0x000041e4   0x00000006   Code   RO         2426    i.rt_ret_val        RTX_CM3.lib(hal_cm.o)
    0x000041ea   0x000041ea   0x00000008   Code   RO         2427    i.rt_ret_val2       RTX_CM3.lib(hal_cm.o)
    0x000041f2   0x000041f2   0x00000028   Code   RO         2156    i.rt_rmv_dly        RTX_CM3.lib(rt_list.o)
    0x0000421a   0x0000421a   0x00000002   PAD
    0x0000421c   0x0000421c   0x00000030   Code   RO         2157    i.rt_rmv_list       RTX_CM3.lib(rt_list.o)
    0x0000424c   0x0000424c   0x00000034   Code   RO         2275    i.rt_sem_psh        RTX_CM3.lib(rt_semaphore.o)
    0x00004280   0x00004280   0x00000024   Code   RO         2023    i.rt_stk_check      RTX_CM3.lib(rt_system.o)
    0x000042a4   0x000042a4   0x00000028   Code   RO         1900    i.rt_switch_req     RTX_CM3.lib(rt_task.o)
    0x000042cc   0x000042cc   0x000000cc   Code   RO         1901    i.rt_sys_init       RTX_CM3.lib(rt_task.o)
    0x00004398   0x00004398   0x00000078   Code   RO         1902    i.rt_sys_start      RTX_CM3.lib(rt_task.o)
    0x00004410   0x00004410   0x00000040   Code   RO         2025    i.rt_systick        RTX_CM3.lib(rt_system.o)
    0x00004450   0x00004450   0x00000012   Code   RO         1327    i.rt_tid2ptcb       RTX_CM3.lib(rt_cmsis.o)
    0x00004462   0x00004462   0x00000002   PAD
    0x00004464   0x00004464   0x00000034   Code   RO         1328    i.rt_timer_insert   RTX_CM3.lib(rt_cmsis.o)
    0x00004498   0x00004498   0x0000003c   Code   RO         1329    i.rt_timer_remove   RTX_CM3.lib(rt_cmsis.o)
    0x000044d4   0x000044d4   0x00000088   Code   RO         1903    i.rt_tsk_create     RTX_CM3.lib(rt_task.o)
    0x0000455c   0x0000455c   0x0000017c   Code   RO         1904    i.rt_tsk_delete     RTX_CM3.lib(rt_task.o)
    0x000046d8   0x000046d8   0x0000007c   Code   RO         1906    i.rt_tsk_prio       RTX_CM3.lib(rt_task.o)
    0x00004754   0x00004754   0x00000010   Code   RO         1907    i.rt_tsk_self       RTX_CM3.lib(rt_task.o)
    0x00004764   0x00004764   0x00000014   Code   RO           17    i.simple_input      main.o
    0x00004778   0x00004778   0x00000078   Code   RO          231    i.spi_tran_man      glcd_spi_lpc1700.o
    0x000047f0   0x000047f0   0x00000070   Code   RO         1331    i.svcKernelInitialize  RTX_CM3.lib(rt_cmsis.o)
    0x00004860   0x00004860   0x00000048   Code   RO         1333    i.svcKernelStart    RTX_CM3.lib(rt_cmsis.o)
    0x000048a8   0x000048a8   0x00000038   Code   RO         1334    i.svcKernelSysTick  RTX_CM3.lib(rt_cmsis.o)
    0x000048e0   0x000048e0   0x00000024   Code   RO         1336    i.svcMessageCreate  RTX_CM3.lib(rt_cmsis.o)
    0x00004904   0x00004904   0x0000003a   Code   RO         1337    i.svcMessageGet     RTX_CM3.lib(rt_cmsis.o)
    0x0000493e   0x0000493e   0x00000002   PAD
    0x00004940   0x00004940   0x0000006c   Code   RO         1351    i.svcThreadCreate   RTX_CM3.lib(rt_cmsis.o)
    0x000049ac   0x000049ac   0x0000001c   Code   RO         1352    i.svcThreadGetId    RTX_CM3.lib(rt_cmsis.o)
    0x000049c8   0x000049c8   0x0000002e   Code   RO         1354    i.svcThreadSetPriority  RTX_CM3.lib(rt_cmsis.o)
    0x000049f6   0x000049f6   0x00000002   PAD
    0x000049f8   0x000049f8   0x00000038   Code   RO         1355    i.svcThreadTerminate  RTX_CM3.lib(rt_cmsis.o)
    0x00004a30   0x00004a30   0x00000018   Code   RO         1357    i.svcTimerCall      RTX_CM3.lib(rt_cmsis.o)
    0x00004a48   0x00004a48   0x00000038   Code   RO         1358    i.svcTimerCreate    RTX_CM3.lib(rt_cmsis.o)
    0x00004a80   0x00004a80   0x00000064   Code   RO         1360    i.svcTimerStart     RTX_CM3.lib(rt_cmsis.o)
    0x00004ae4   0x00004ae4   0x0000005c   Code   RO         1366    i.sysTimerTick      RTX_CM3.lib(rt_cmsis.o)
    0x00004b40   0x00004b40   0x00000044   Code   RO          233    i.wr_cmd            glcd_spi_lpc1700.o
    0x00004b84   0x00004b84   0x00000044   Code   RO          234    i.wr_dat            glcd_spi_lpc1700.o
    0x00004bc8   0x00004bc8   0x000000c4   Code   RO         2505    x$fpl$fadd          fz_ws.l(faddsub_clz.o)
    0x00004c8c   0x00004c8c   0x00000036   Code   RO         2511    x$fpl$ffix          fz_ws.l(ffix.o)
    0x00004cc2   0x00004cc2   0x00000002   PAD
    0x00004cc4   0x00004cc4   0x00000030   Code   RO         2516    x$fpl$fflt          fz_ws.l(fflt_clz.o)
    0x00004cf4   0x00004cf4   0x0000008c   Code   RO         2575    x$fpl$fnaninf       fz_ws.l(fnaninf.o)
    0x00004d80   0x00004d80   0x0000000a   Code   RO         2577    x$fpl$fretinf       fz_ws.l(fretinf.o)
    0x00004d8a   0x00004d8a   0x00000002   PAD
    0x00004d8c   0x00004d8c   0x000000ea   Code   RO         2507    x$fpl$fsub          fz_ws.l(faddsub_clz.o)
    0x00004e76   0x00004e76   0x00000000   Code   RO         2579    x$fpl$usenofp       fz_ws.l(usenofp.o)
    0x00004e76   0x00004e76   0x0001b581   Data   RO           21    .constdata          main.o
    0x000203f7   0x000203f7   0x00006721   Data   RO           22    .constdata          main.o
    0x00026b18   0x00026b18   0x00002881   Data   RO           23    .constdata          main.o
    0x00029399   0x00029399   0x00000003   PAD
    0x0002939c   0x0002939c   0x00000008   Data   RO           26    .constdata          main.o
    0x000293a4   0x000293a4   0x00001880   Data   RO          235    .constdata          glcd_spi_lpc1700.o
    0x0002ac24   0x0002ac24   0x0002b804   Data   RO          499    .constdata          mainmenu.o
    0x00056428   0x00056428   0x00000012   Data   RO          696    .constdata          usbdesc.o
    0x0005643a   0x0005643a   0x0000006e   Data   RO          697    .constdata          usbdesc.o
    0x000564a8   0x000564a8   0x00000064   Data   RO          698    .constdata          usbdesc.o
    0x0005650c   0x0005650c   0x00000010   Data   RO          785    .constdata          usbhw.o
    0x0005651c   0x0005651c   0x00000040   Data   RO          970    .constdata          usbuser.o
    0x0005655c   0x0005655c   0x00000002   Data   RO         1140    .constdata          rtx_conf_cm.o
    0x0005655e   0x0005655e   0x00000002   PAD
    0x00056560   0x00056560   0x00000004   Data   RO         1141    .constdata          rtx_conf_cm.o
    0x00056564   0x00056564   0x00000004   Data   RO         1142    .constdata          rtx_conf_cm.o
    0x00056568   0x00056568   0x00000004   Data   RO         1146    .constdata          rtx_conf_cm.o
    0x0005656c   0x0005656c   0x00000001   Data   RO         1147    .constdata          rtx_conf_cm.o
    0x0005656d   0x0005656d   0x00000003   PAD
    0x00056570   0x00056570   0x00000010   Data   RO         1148    .constdata          rtx_conf_cm.o
    0x00056580   0x00056580   0x00000002   Data   RO         1149    .constdata          rtx_conf_cm.o
    0x00056582   0x00056582   0x00000002   PAD
    0x00056584   0x00056584   0x00000004   Data   RO         1150    .constdata          rtx_conf_cm.o
    0x00056588   0x00056588   0x00000004   Data   RO         1151    .constdata          rtx_conf_cm.o
    0x0005658c   0x0005658c   0x00000001   Data   RO         1152    .constdata          rtx_conf_cm.o
    0x0005658d   0x0005658d   0x00000003   PAD
    0x00056590   0x00056590   0x00000010   Data   RO         1153    .constdata          rtx_conf_cm.o
    0x000565a0   0x000565a0   0x00000008   Data   RO         1154    .constdata          rtx_conf_cm.o
    0x000565a8   0x000565a8   0x00000002   Data   RO         1155    .constdata          rtx_conf_cm.o
    0x000565aa   0x000565aa   0x00000002   PAD
    0x000565ac   0x000565ac   0x00000010   Data   RO         1156    .constdata          rtx_conf_cm.o
    0x000565bc   0x000565bc   0x00000030   Data   RO         2687    Region$$Table       anon$$obj.o


    Execution Region RW_IRAM1 (Exec base: 0x10000000, Load base: 0x000565ec, Size: 0x00001b48, Max: 0x00008000, ABSOLUTE)

    Exec Addr    Load Addr    Size         Type   Attr      Idx    E Section Name        Object

    0x10000000   0x000565ec   0x00000020   Data   RW           28    .data               main.o
    0x10000020   0x0005660c   0x00000006   Data   RW          236    .data               glcd_spi_lpc1700.o
    0x10000026   0x00056612   0x00000002   PAD
    0x10000028   0x00056614   0x00000008   Data   RW          500    .data               mainmenu.o
    0x10000030   0x0005661c   0x00000002   Data   RW          558    .data               adcuser.o
    0x10000032   0x0005661e   0x00000002   PAD
    0x10000034   0x00056620   0x00000028   Data   RW          618    .data               usbcore.o
    0x1000005c   0x00056648   0x00000004   Data   RW          713    .data               usbdmain.o
    0x10000060   0x0005664c   0x00000018   Data   RW          714    .data               usbdmain.o
    0x10000078   0x00056664   0x00000008   Data   RW          786    .data               usbhw.o
    0x10000080   0x0005666c   0x00000010   Data   RW         1080    .data               gamescript.o
    0x10000090   0x0005667c   0x00000008   Data   RW         1157    .data               rtx_conf_cm.o
    0x10000098   0x00056684   0x00000004   Data   RW         1159    .data               rtx_conf_cm.o
    0x1000009c   0x00056688   0x00000004   Data   RW         1160    .data               rtx_conf_cm.o
    0x100000a0   0x0005668c   0x00000004   Data   RW         1161    .data               rtx_conf_cm.o
    0x100000a4   0x00056690   0x00000008   Data   RW         1229    .data               system_lpc17xx.o
    0x100000ac   0x00056698   0x00000008   Data   RW         1369    .data               RTX_CM3.lib(rt_cmsis.o)
    0x100000b4   0x000566a0   0x00000008   Data   RW         1909    .data               RTX_CM3.lib(rt_task.o)
    0x100000bc   0x000566a8   0x00000008   Data   RW         2028    .data               RTX_CM3.lib(rt_system.o)
    0x100000c4   0x000566b0   0x00000004   Data   RW         2318    .data               RTX_CM3.lib(rt_time.o)
    0x100000c8   0x000566b4   0x00000008   Data   RW         2349    .data               RTX_CM3.lib(rt_robin.o)
    0x100000d0   0x000566bc   0x00000001   Data   RW         2428    .data               RTX_CM3.lib(hal_cm.o)
    0x100000d1   0x000566bd   0x00000003   PAD
    0x100000d4        -       0x00000040   Zero   RW           19    .bss                main.o
    0x10000114        -       0x00000018   Zero   RW           20    .bss                main.o
    0x1000012c        -       0x00000040   Zero   RW          617    .bss                usbcore.o
    0x1000016c        -       0x00000080   Zero   RW          784    .bss                usbhw.o
    0x100001ec        -       0x000005bc   Zero   RW         1079    .bss                gamescript.o
    0x100007a8        -       0x00000020   Zero   RW         1133    .bss                rtx_conf_cm.o
    0x100007c8        -       0x00000178   Zero   RW         1134    .bss                rtx_conf_cm.o
    0x10000940        -       0x00000c10   Zero   RW         1135    .bss                rtx_conf_cm.o
    0x10001550        -       0x000001b0   Zero   RW         1136    .bss                rtx_conf_cm.o
    0x10001700        -       0x00000084   Zero   RW         1137    .bss                rtx_conf_cm.o
    0x10001784        -       0x0000001c   Zero   RW         1138    .bss                rtx_conf_cm.o
    0x100017a0        -       0x00000034   Zero   RW         1908    .bss                RTX_CM3.lib(rt_task.o)
    0x100017d4        -       0x00000030   Zero   RW         2158    .bss                RTX_CM3.lib(rt_list.o)
    0x10001804        -       0x00000060   Zero   RW         2486    .bss                c_w.l(libspace.o)
    0x10001864        -       0x000000e4   Zero   RW         2492    .bss                c_w.l(rand.o)
    0x10001948        -       0x00000000   Zero   RW         1214    HEAP                startup_lpc17xx.o
    0x10001948        -       0x00000200   Zero   RW         1213    STACK               startup_lpc17xx.o


    Execution Region RW_USBRAM (Exec base: 0x20080000, Load base: 0x000566c0, Size: 0x00000080, Max: 0x00004000, ABSOLUTE)

    Exec Addr    Load Addr    Size         Type   Attr      Idx    E Section Name        Object

    0x20080000        -       0x00000080   Zero   RW          787    USB_RAM             usbhw.o

